[0.038s] Invoking command in '/home/openarm/svtrobo_ws/build/motor_control': CMAKE_PREFIX_PATH=${CMAKE_PREFIX_PATH}:/home/openarm/ros2_ws/install/qnbot_teleoperator:/opt/ros/humble /usr/bin/cmake --build /home/openarm/svtrobo_ws/build/motor_control -- -j4 -l4
[0.209s] [  2%] Built target motor_control__cpp
[0.235s] [ 11%] Built target motor_control__rosidl_generator_c
[0.257s] [ 11%] Built target ament_cmake_python_copy_motor_control
[0.315s] [ 19%] Built target motor_control__rosidl_typesupport_fastrtps_cpp
[0.346s] [ 27%] Built target motor_control__rosidl_typesupport_cpp
[0.357s] [ 36%] Built target motor_control__rosidl_typesupport_introspection_cpp
[0.374s] [ 44%] Built target motor_control__rosidl_typesupport_fastrtps_c
[0.422s] [ 52%] Built target motor_control__rosidl_typesupport_introspection_c
[0.451s] [ 61%] Built target motor_control__rosidl_typesupport_c
[0.501s] [ 61%] Built target motor_control
[0.506s] [ 69%] Built target motor_control_lib
[0.560s] [35m[1mConsolidate compiler generated dependencies of target motor_control_test[0m
[0.595s] [ 72%] Built target motor_control__py
[0.637s] [ 75%] [32mBuilding CXX object CMakeFiles/motor_control_test.dir/src/motor_control_test.cpp.o[0m
[0.706s] [ 80%] Built target motor_control__rosidl_generator_py
[0.845s] [ 86%] Built target motor_control__rosidl_typesupport_fastrtps_c__pyext
[0.846s] [ 91%] Built target motor_control__rosidl_typesupport_introspection_c__pyext
[0.951s] [ 97%] Built target motor_control__rosidl_typesupport_c__pyext
[1.248s] running egg_info
[1.305s] writing motor_control.egg-info/PKG-INFO
[1.307s] writing dependency_links to motor_control.egg-info/dependency_links.txt
[1.308s] writing top-level names to motor_control.egg-info/top_level.txt
[1.479s] reading manifest file 'motor_control.egg-info/SOURCES.txt'
[1.483s] writing manifest file 'motor_control.egg-info/SOURCES.txt'
[1.578s] [ 97%] Built target ament_cmake_python_build_motor_control_egg
[6.259s] [01m[K/home/openarm/svtrobo_ws/src/robstride_actuator_bridge/src/motor_control_test.cpp:81:34:[m[K [01;31m[Kerror: [m[K‘[01m[Kgeometry_msgs[m[K’ does not name a type
[6.260s]    81 | void svtrobot_cmd_callback(const [01;31m[Kgeometry_msgs[m[K::msg::Twist::SharedPtr msg)
[6.261s]       |                                  [01;31m[K^~~~~~~~~~~~~[m[K
[6.262s] [01m[K/home/openarm/svtrobo_ws/src/robstride_actuator_bridge/src/motor_control_test.cpp:81:52:[m[K [01;31m[Kerror: [m[Kexpected unqualified-id before ‘[01m[K::[m[K’ token
[6.262s]    81 | void svtrobot_cmd_callback(const geometry_msgs::msg[01;31m[K::[m[KTwist::SharedPtr msg)
[6.263s]       |                                                    [01;31m[K^~[m[K
[6.263s] [01m[K/home/openarm/svtrobo_ws/src/robstride_actuator_bridge/src/motor_control_test.cpp:81:52:[m[K [01;31m[Kerror: [m[Kexpected ‘[01m[K)[m[K’ before ‘[01m[K::[m[K’ token
[6.264s]    81 | void svtrobot_cmd_callback[34m[K([m[Kconst geometry_msgs::msg[01;31m[K:[m[K[32m[K:[m[KTwist::SharedPtr msg)
[6.265s]       |                           [34m[K~[m[K                        [01;31m[K^[m[K[32m[K~[m[K
[6.265s]       |                                                    [32m[K)[m[K
[6.265s] [01m[K/home/openarm/svtrobo_ws/src/robstride_actuator_bridge/src/motor_control_test.cpp:81:52:[m[K [01;31m[Kerror: [m[Kexpected initializer before ‘[01m[K::[m[K’ token
[6.266s]    81 | void svtrobot_cmd_callback(const geometry_msgs::msg[01;31m[K::[m[KTwist::SharedPtr msg)
[6.266s]       |                                                    [01;31m[K^~[m[K
[6.276s] [01m[K/home/openarm/svtrobo_ws/src/robstride_actuator_bridge/src/motor_control_test.cpp:[m[K In function ‘[01m[Kint main(int, char**)[m[K’:
[6.276s] [01m[K/home/openarm/svtrobo_ws/src/robstride_actuator_bridge/src/motor_control_test.cpp:137:55:[m[K [01;31m[Kerror: [m[K‘[01m[Kgeometry_msgs[m[K’ was not declared in this scope
[6.276s]   137 |     auto svtrobot_cmd_sub = node->create_subscription<[01;31m[Kgeometry_msgs[m[K::msg::Twist>(
[6.276s]       |                                                       [01;31m[K^~~~~~~~~~~~~[m[K
[6.277s] [01m[K/home/openarm/svtrobo_ws/src/robstride_actuator_bridge/src/motor_control_test.cpp:137:35:[m[K [01;31m[Kerror: [m[Kparse error in template argument list
[6.277s]   137 |     auto svtrobot_cmd_sub = node->[01;31m[Kcreate_subscription<geometry_msgs::msg::Twist>[m[K(
[6.277s]       |                                   [01;31m[K^~~~~~~~~~~~~~~~~~~~~~~~~~~~~~~~~~~~~~~~~~~~~~[m[K
[6.287s] [01m[K/home/openarm/svtrobo_ws/src/robstride_actuator_bridge/src/motor_control_test.cpp:138:30:[m[K [01;31m[Kerror: [m[K‘[01m[Ksvtrobot_cmd_callback[m[K’ was not declared in this scope; did you mean ‘[01m[Ksvtrobot_cmd_sub[m[K’?
[6.287s]   138 |         "/svtrobot_cmd", 10, [01;31m[Ksvtrobot_cmd_callback[m[K);
[6.287s]       |                              [01;31m[K^~~~~~~~~~~~~~~~~~~~~[m[K
[6.287s]       |                              [32m[Ksvtrobot_cmd_sub[m[K
[6.288s] [01m[K/home/openarm/svtrobo_ws/src/robstride_actuator_bridge/src/motor_control_test.cpp:140:65:[m[K [01;31m[Kerror: [m[K‘[01m[KInt32[m[K’ is not a member of ‘[01m[Kstd_msgs::msg[m[K’
[6.288s]   140 |     auto pub_front_left = node->create_publisher<std_msgs::msg::[01;31m[KInt32[m[K>("/front_left_cmd", 10);
[6.288s]       |                                                                 [01;31m[K^~~~~[m[K
[6.288s] [01m[K/home/openarm/svtrobo_ws/src/robstride_actuator_bridge/src/motor_control_test.cpp:140:71:[m[K [01;31m[Kerror: [m[Kno matching function for call to ‘[01m[Krclcpp::Node::create_publisher<<expression error> >(const char [16], int)[m[K’
[6.288s]   140 |     auto pub_front_left = [01;31m[Knode->create_publisher<std_msgs::msg::Int32>("/front_left_cmd", 10)[m[K;
[6.288s]       |                           [01;31m[K~~~~~~~~~~~~~~~~~~~~~~~~~~~~~~~~~~~~~~~~~~~~^~~~~~~~~~~~~~~~~~~~~~~[m[K
[6.289s] In file included from [01m[K/opt/ros/humble/include/rclcpp/rclcpp/executors/single_threaded_executor.hpp:28[m[K,
[6.289s]                  from [01m[K/opt/ros/humble/include/rclcpp/rclcpp/executors.hpp:22[m[K,
[6.289s]                  from [01m[K/opt/ros/humble/include/rclcpp/rclcpp/rclcpp.hpp:155[m[K,
[6.289s]                  from [01m[K/home/openarm/svtrobo_ws/src/robstride_actuator_bridge/src/motor_control_test.cpp:7[m[K:
[6.289s] [01m[K/opt/ros/humble/include/rclcpp/rclcpp/node.hpp:195:3:[m[K [01;36m[Knote: [m[Kcandidate: ‘[01m[Ktemplate<class MessageT, class AllocatorT, class PublisherT> std::shared_ptr<PublisherT> rclcpp::Node::create_publisher(const string&, const rclcpp::QoS&, const rclcpp::PublisherOptionsWithAllocator<AllocatorT>&)[m[K’
[6.290s]   195 |   [01;36m[Kcreate_publisher[m[K(
[6.290s]       |   [01;36m[K^~~~~~~~~~~~~~~~[m[K
[6.290s] [01m[K/opt/ros/humble/include/rclcpp/rclcpp/node.hpp:195:3:[m[K [01;36m[Knote: [m[K  template argument deduction/substitution failed:
[6.290s] [01m[K/home/openarm/svtrobo_ws/src/robstride_actuator_bridge/src/motor_control_test.cpp:140:71:[m[K [01;31m[Kerror: [m[Ktemplate argument 1 is invalid
[6.290s]   140 |     auto pub_front_left = [01;31m[Knode->create_publisher<std_msgs::msg::Int32>("/front_left_cmd", 10)[m[K;
[6.290s]       |                           [01;31m[K~~~~~~~~~~~~~~~~~~~~~~~~~~~~~~~~~~~~~~~~~~~~^~~~~~~~~~~~~~~~~~~~~~~[m[K
[6.290s] [01m[K/home/openarm/svtrobo_ws/src/robstride_actuator_bridge/src/motor_control_test.cpp:141:66:[m[K [01;31m[Kerror: [m[K‘[01m[KInt32[m[K’ is not a member of ‘[01m[Kstd_msgs::msg[m[K’
[6.291s]   141 |     auto pub_front_right = node->create_publisher<std_msgs::msg::[01;31m[KInt32[m[K>("/front_right_cmd", 10);
[6.291s]       |                                                                  [01;31m[K^~~~~[m[K
[6.291s] [01m[K/home/openarm/svtrobo_ws/src/robstride_actuator_bridge/src/motor_control_test.cpp:141:72:[m[K [01;31m[Kerror: [m[Kno matching function for call to ‘[01m[Krclcpp::Node::create_publisher<<expression error> >(const char [17], int)[m[K’
[6.291s]   141 |     auto pub_front_right = [01;31m[Knode->create_publisher<std_msgs::msg::Int32>("/front_right_cmd", 10)[m[K;
[6.291s]       |                            [01;31m[K~~~~~~~~~~~~~~~~~~~~~~~~~~~~~~~~~~~~~~~~~~~~^~~~~~~~~~~~~~~~~~~~~~~~[m[K
[6.291s] In file included from [01m[K/opt/ros/humble/include/rclcpp/rclcpp/executors/single_threaded_executor.hpp:28[m[K,
[6.292s]                  from [01m[K/opt/ros/humble/include/rclcpp/rclcpp/executors.hpp:22[m[K,
[6.292s]                  from [01m[K/opt/ros/humble/include/rclcpp/rclcpp/rclcpp.hpp:155[m[K,
[6.292s]                  from [01m[K/home/openarm/svtrobo_ws/src/robstride_actuator_bridge/src/motor_control_test.cpp:7[m[K:
[6.292s] [01m[K/opt/ros/humble/include/rclcpp/rclcpp/node.hpp:195:3:[m[K [01;36m[Knote: [m[Kcandidate: ‘[01m[Ktemplate<class MessageT, class AllocatorT, class PublisherT> std::shared_ptr<PublisherT> rclcpp::Node::create_publisher(const string&, const rclcpp::QoS&, const rclcpp::PublisherOptionsWithAllocator<AllocatorT>&)[m[K’
[6.292s]   195 |   [01;36m[Kcreate_publisher[m[K(
[6.292s]       |   [01;36m[K^~~~~~~~~~~~~~~~[m[K
[6.293s] [01m[K/opt/ros/humble/include/rclcpp/rclcpp/node.hpp:195:3:[m[K [01;36m[Knote: [m[K  template argument deduction/substitution failed:
[6.293s] [01m[K/home/openarm/svtrobo_ws/src/robstride_actuator_bridge/src/motor_control_test.cpp:141:72:[m[K [01;31m[Kerror: [m[Ktemplate argument 1 is invalid
[6.293s]   141 |     auto pub_front_right = [01;31m[Knode->create_publisher<std_msgs::msg::Int32>("/front_right_cmd", 10)[m[K;
[6.293s]       |                            [01;31m[K~~~~~~~~~~~~~~~~~~~~~~~~~~~~~~~~~~~~~~~~~~~~^~~~~~~~~~~~~~~~~~~~~~~~[m[K
[6.294s] [01m[K/home/openarm/svtrobo_ws/src/robstride_actuator_bridge/src/motor_control_test.cpp:142:64:[m[K [01;31m[Kerror: [m[K‘[01m[KInt32[m[K’ is not a member of ‘[01m[Kstd_msgs::msg[m[K’
[6.294s]   142 |     auto pub_rear_left = node->create_publisher<std_msgs::msg::[01;31m[KInt32[m[K>("/rear_left_cmd", 10);
[6.294s]       |                                                                [01;31m[K^~~~~[m[K
[6.294s] [01m[K/home/openarm/svtrobo_ws/src/robstride_actuator_bridge/src/motor_control_test.cpp:142:70:[m[K [01;31m[Kerror: [m[Kno matching function for call to ‘[01m[Krclcpp::Node::create_publisher<<expression error> >(const char [15], int)[m[K’
[6.295s]   142 |     auto pub_rear_left = [01;31m[Knode->create_publisher<std_msgs::msg::Int32>("/rear_left_cmd", 10)[m[K;
[6.295s]       |                          [01;31m[K~~~~~~~~~~~~~~~~~~~~~~~~~~~~~~~~~~~~~~~~~~~~^~~~~~~~~~~~~~~~~~~~~~[m[K
[6.295s] In file included from [01m[K/opt/ros/humble/include/rclcpp/rclcpp/executors/single_threaded_executor.hpp:28[m[K,
[6.295s]                  from [01m[K/opt/ros/humble/include/rclcpp/rclcpp/executors.hpp:22[m[K,
[6.295s]                  from [01m[K/opt/ros/humble/include/rclcpp/rclcpp/rclcpp.hpp:155[m[K,
[6.295s]                  from [01m[K/home/openarm/svtrobo_ws/src/robstride_actuator_bridge/src/motor_control_test.cpp:7[m[K:
[6.295s] [01m[K/opt/ros/humble/include/rclcpp/rclcpp/node.hpp:195:3:[m[K [01;36m[Knote: [m[Kcandidate: ‘[01m[Ktemplate<class MessageT, class AllocatorT, class PublisherT> std::shared_ptr<PublisherT> rclcpp::Node::create_publisher(const string&, const rclcpp::QoS&, const rclcpp::PublisherOptionsWithAllocator<AllocatorT>&)[m[K’
[6.296s]   195 |   [01;36m[Kcreate_publisher[m[K(
[6.296s]       |   [01;36m[K^~~~~~~~~~~~~~~~[m[K
[6.296s] [01m[K/opt/ros/humble/include/rclcpp/rclcpp/node.hpp:195:3:[m[K [01;36m[Knote: [m[K  template argument deduction/substitution failed:
[6.296s] [01m[K/home/openarm/svtrobo_ws/src/robstride_actuator_bridge/src/motor_control_test.cpp:142:70:[m[K [01;31m[Kerror: [m[Ktemplate argument 1 is invalid
[6.296s]   142 |     auto pub_rear_left = [01;31m[Knode->create_publisher<std_msgs::msg::Int32>("/rear_left_cmd", 10)[m[K;
[6.297s]       |                          [01;31m[K~~~~~~~~~~~~~~~~~~~~~~~~~~~~~~~~~~~~~~~~~~~~^~~~~~~~~~~~~~~~~~~~~~[m[K
[6.297s] [01m[K/home/openarm/svtrobo_ws/src/robstride_actuator_bridge/src/motor_control_test.cpp:143:65:[m[K [01;31m[Kerror: [m[K‘[01m[KInt32[m[K’ is not a member of ‘[01m[Kstd_msgs::msg[m[K’
[6.297s]   143 |     auto pub_rear_right = node->create_publisher<std_msgs::msg::[01;31m[KInt32[m[K>("/rear_right_cmd", 10);
[6.297s]       |                                                                 [01;31m[K^~~~~[m[K
[6.297s] [01m[K/home/openarm/svtrobo_ws/src/robstride_actuator_bridge/src/motor_control_test.cpp:143:71:[m[K [01;31m[Kerror: [m[Kno matching function for call to ‘[01m[Krclcpp::Node::create_publisher<<expression error> >(const char [16], int)[m[K’
[6.297s]   143 |     auto pub_rear_right = [01;31m[Knode->create_publisher<std_msgs::msg::Int32>("/rear_right_cmd", 10)[m[K;
[6.298s]       |                           [01;31m[K~~~~~~~~~~~~~~~~~~~~~~~~~~~~~~~~~~~~~~~~~~~~^~~~~~~~~~~~~~~~~~~~~~~[m[K
[6.298s] In file included from [01m[K/opt/ros/humble/include/rclcpp/rclcpp/executors/single_threaded_executor.hpp:28[m[K,
[6.298s]                  from [01m[K/opt/ros/humble/include/rclcpp/rclcpp/executors.hpp:22[m[K,
[6.298s]                  from [01m[K/opt/ros/humble/include/rclcpp/rclcpp/rclcpp.hpp:155[m[K,
[6.299s]                  from [01m[K/home/openarm/svtrobo_ws/src/robstride_actuator_bridge/src/motor_control_test.cpp:7[m[K:
[6.299s] [01m[K/opt/ros/humble/include/rclcpp/rclcpp/node.hpp:195:3:[m[K [01;36m[Knote: [m[Kcandidate: ‘[01m[Ktemplate<class MessageT, class AllocatorT, class PublisherT> std::shared_ptr<PublisherT> rclcpp::Node::create_publisher(const string&, const rclcpp::QoS&, const rclcpp::PublisherOptionsWithAllocator<AllocatorT>&)[m[K’
[6.299s]   195 |   [01;36m[Kcreate_publisher[m[K(
[6.299s]       |   [01;36m[K^~~~~~~~~~~~~~~~[m[K
[6.299s] [01m[K/opt/ros/humble/include/rclcpp/rclcpp/node.hpp:195:3:[m[K [01;36m[Knote: [m[K  template argument deduction/substitution failed:
[6.299s] [01m[K/home/openarm/svtrobo_ws/src/robstride_actuator_bridge/src/motor_control_test.cpp:143:71:[m[K [01;31m[Kerror: [m[Ktemplate argument 1 is invalid
[6.300s]   143 |     auto pub_rear_right = [01;31m[Knode->create_publisher<std_msgs::msg::Int32>("/rear_right_cmd", 10)[m[K;
[6.300s]       |                           [01;31m[K~~~~~~~~~~~~~~~~~~~~~~~~~~~~~~~~~~~~~~~~~~~~^~~~~~~~~~~~~~~~~~~~~~~[m[K
[6.302s] [01m[K/home/openarm/svtrobo_ws/src/robstride_actuator_bridge/src/motor_control_test.cpp:165:24:[m[K [01;31m[Kerror: [m[K‘[01m[KInt32[m[K’ is not a member of ‘[01m[Kstd_msgs::msg[m[K’
[6.302s]   165 |         std_msgs::msg::[01;31m[KInt32[m[K fl_msg, fr_msg, rl_msg, rr_msg;
[6.302s]       |                        [01;31m[K^~~~~[m[K
[6.309s] [01m[K/home/openarm/svtrobo_ws/src/robstride_actuator_bridge/src/motor_control_test.cpp:166:9:[m[K [01;31m[Kerror: [m[K‘[01m[Kfl_msg[m[K’ was not declared in this scope
[6.309s]   166 |         [01;31m[Kfl_msg[m[K.data = static_cast<int32_t>(chassis_control_para.front_left_speed);
[6.309s]       |         [01;31m[K^~~~~~[m[K
[6.315s] [01m[K/home/openarm/svtrobo_ws/src/robstride_actuator_bridge/src/motor_control_test.cpp:167:9:[m[K [01;31m[Kerror: [m[K‘[01m[Kfr_msg[m[K’ was not declared in this scope
[6.315s]   167 |         [01;31m[Kfr_msg[m[K.data = static_cast<int32_t>(chassis_control_para.front_right_speed);
[6.315s]       |         [01;31m[K^~~~~~[m[K
[6.321s] [01m[K/home/openarm/svtrobo_ws/src/robstride_actuator_bridge/src/motor_control_test.cpp:168:9:[m[K [01;31m[Kerror: [m[K‘[01m[Krl_msg[m[K’ was not declared in this scope
[6.321s]   168 |         [01;31m[Krl_msg[m[K.data = static_cast<int32_t>(chassis_control_para.rear_left_speed);
[6.321s]       |         [01;31m[K^~~~~~[m[K
[6.327s] [01m[K/home/openarm/svtrobo_ws/src/robstride_actuator_bridge/src/motor_control_test.cpp:169:9:[m[K [01;31m[Kerror: [m[K‘[01m[Krr_msg[m[K’ was not declared in this scope
[6.328s]   169 |         [01;31m[Krr_msg[m[K.data = static_cast<int32_t>(chassis_control_para.rear_right_speed);
[6.328s]       |         [01;31m[K^~~~~~[m[K
[7.244s] In file included from [01m[K/home/openarm/svtrobo_ws/src/robstride_actuator_bridge/src/motor_control_test.cpp:11[m[K:
[7.244s] [01m[K/home/openarm/svtrobo_ws/src/robstride_actuator_bridge/include/motor_control/motor_config.h:[m[K In member function ‘[01m[KRobStrite_Motor& MotorControlSet::getMotor(uint8_t)[m[K’:
[7.245s] [01m[K/home/openarm/svtrobo_ws/src/robstride_actuator_bridge/include/motor_control/motor_config.h:80:17:[m[K [01;35m[Kwarning: [m[Kcontrol reaches end of non-void function [[01;35m[K]8;;https://gcc.gnu.org/onlinedocs/gcc/Warning-Options.html#index-Wreturn-type-Wreturn-type]8;;[m[K]
[7.245s]    80 |                 [01;35m[K}[m[K
[7.245s]       |                 [01;35m[K^[m[K
[7.296s] gmake[2]: *** [CMakeFiles/motor_control_test.dir/build.make:76：CMakeFiles/motor_control_test.dir/src/motor_control_test.cpp.o] 错误 1
[7.296s] gmake[1]: *** [CMakeFiles/Makefile2:623：CMakeFiles/motor_control_test.dir/all] 错误 2
[7.296s] gmake: *** [Makefile:146：all] 错误 2
