[0.042s] Invoking command in '/home/openarm/svtrobo_ws/build/chassis': CMAKE_PREFIX_PATH=${CMAKE_PREFIX_PATH}:/home/openarm/ros2_ws/install/qnbot_teleoperator:/opt/ros/humble /usr/bin/cmake /home/openarm/svtrobo_ws/src/chassis -DCMAKE_INSTALL_PREFIX=/home/openarm/svtrobo_ws/install/chassis
[0.076s] -- Found ament_cmake: 1.3.12 (/opt/ros/humble/share/ament_cmake/cmake)
[0.815s] -- Found rclcpp: 16.0.16 (/opt/ros/humble/share/rclcpp/cmake)
[0.878s] -- Found rosidl_generator_c: 3.1.7 (/opt/ros/humble/share/rosidl_generator_c/cmake)
[0.883s] -- Found rosidl_adapter: 3.1.7 (/opt/ros/humble/share/rosidl_adapter/cmake)
[0.895s] -- Found rosidl_generator_cpp: 3.1.7 (/opt/ros/humble/share/rosidl_generator_cpp/cmake)
[0.919s] -- Using all available rosidl_typesupport_c: rosidl_typesupport_fastrtps_c;rosidl_typesupport_introspection_c
[0.943s] -- Using all available rosidl_typesupport_cpp: rosidl_typesupport_fastrtps_cpp;rosidl_typesupport_introspection_cpp
[1.007s] -- Found rmw_implementation_cmake: 6.1.2 (/opt/ros/humble/share/rmw_implementation_cmake/cmake)
[1.009s] -- Found rmw_fastrtps_cpp: 6.2.9 (/opt/ros/humble/share/rmw_fastrtps_cpp/cmake)
[1.206s] -- Using RMW implementation 'rmw_fastrtps_cpp' as default
[1.338s] -- Found urdf: 2.6.1 (/opt/ros/humble/share/urdf/cmake)
[1.389s] -- Found robot_state_publisher: 3.0.3 (/opt/ros/humble/share/robot_state_publisher/cmake)
[1.436s] -- Found eigen3_cmake_module: 0.1.1 (/opt/ros/humble/share/eigen3_cmake_module/cmake)
[1.440s] -- Ensuring Eigen3 include directory is part of orocos-kdl CMake target
[1.682s] -- Found rviz_common: 11.2.23 (/opt/ros/humble/share/rviz_common/cmake)
[1.730s] -- Setting assimp_DIR to: '/opt/ros/humble/share/rviz_assimp_vendor/cmake/../../../opt/rviz_assimp_vendor/lib/cmake/assimp-4.1'
[1.753s] -- Setting OGRE_DIR to: '/opt/ros/humble/share/rviz_ogre_vendor/cmake/../../../opt/rviz_ogre_vendor/lib/OGRE/cmake'
[1.756s] -- Found OGRE
[1.757s] --   static     : OFF
[1.757s] --   components : HLMS;MeshLodGenerator;Overlay;Paging;Property;RTShaderSystem;Terrain;Volume
[1.757s] --   plugins    : Plugin_BSPSceneManager;Plugin_OctreeSceneManager;Plugin_PCZSceneManager;Plugin_ParticleFX;RenderSystem_GL;RenderSystem_GL3Plus;Codec_STBI
[1.757s] --   media      : /opt/ros/humble/opt/rviz_ogre_vendor/share/OGRE/Media
[1.757s] -- OGRE_LIBRARIES: OgreHLMS;OgreMeshLodGenerator;OgreOverlay;OgrePaging;OgreProperty;OgreRTShaderSystem;OgreTerrain;OgreVolume;OgreMain
[1.757s] -- OGRE_LIBRARY_DIRS: /opt/ros/humble/opt/rviz_ogre_vendor/lib
[1.758s] -- OGRE_PLUGINS: Plugin_BSPSceneManager;Plugin_OctreeSceneManager;Plugin_PCZSceneManager;Plugin_ParticleFX;RenderSystem_GL;RenderSystem_GL3Plus;Codec_STBI
[1.758s] -- OGRE_PLUGIN_DIR: /opt/ros/humble/opt/rviz_ogre_vendor/lib/OGRE
[1.758s] -- rviz_ogre_vendor::OgreOverlay for IMPORTED_LOCATION_RELEASE: /opt/ros/humble/opt/rviz_ogre_vendor/lib/libOgreOverlay.so
[1.758s] -- rviz_ogre_vendor::OgreOverlay for IMPORTED_LOCATION_DEBUG: /opt/ros/humble/opt/rviz_ogre_vendor/lib/libOgreOverlay.so
[1.758s] -- rviz_ogre_vendor::OgreMain for IMPORTED_LOCATION_RELEASE: /opt/ros/humble/opt/rviz_ogre_vendor/lib/libOgreMain.so
[1.758s] -- rviz_ogre_vendor::OgreMain for IMPORTED_LOCATION_DEBUG: /opt/ros/humble/opt/rviz_ogre_vendor/lib/libOgreMain.so
[1.760s] -- Could not find freeimage library
[1.808s] -- Found ZLIB: /usr/lib/x86_64-linux-gnu/libz.so (found version "1.2.11") 
[1.821s] -- Found OpenGL: /usr/lib/x86_64-linux-gnu/libOpenGL.so   
[2.003s] -- Found X11: /usr/include   
[2.004s] -- Looking for XOpenDisplay in /usr/lib/x86_64-linux-gnu/libX11.so;/usr/lib/x86_64-linux-gnu/libXext.so
[2.127s] -- Looking for XOpenDisplay in /usr/lib/x86_64-linux-gnu/libX11.so;/usr/lib/x86_64-linux-gnu/libXext.so - found
[2.128s] -- Looking for gethostbyname
[2.250s] -- Looking for gethostbyname - found
[2.250s] -- Looking for connect
[2.369s] -- Looking for connect - found
[2.370s] -- Looking for remove
[2.494s] -- Looking for remove - found
[2.495s] -- Looking for shmat
[2.614s] -- Looking for shmat - found
[2.615s] -- Looking for IceConnectionNumber in ICE
[2.733s] -- Looking for IceConnectionNumber in ICE - found
[2.886s] -- library: /usr/lib/x86_64-linux-gnu/libcurl.so
[2.946s] [31mCMake Error at CMakeLists.txt:20 (find_package):
[2.946s]   By not providing "Findgazebo_ros.cmake" in CMAKE_MODULE_PATH this project
[2.946s]   has asked CMake to find a package configuration file provided by
[2.947s]   "gazebo_ros", but CMake did not find one.
[2.947s] 
[2.947s]   Could not find a package configuration file provided by "gazebo_ros" with
[2.947s]   any of the following names:
[2.947s] 
[2.947s]     gazebo_rosConfig.cmake
[2.947s]     gazebo_ros-config.cmake
[2.947s] 
[2.947s]   Add the installation prefix of "gazebo_ros" to CMAKE_PREFIX_PATH or set
[2.947s]   "gazebo_ros_DIR" to a directory containing one of the above files.  If
[2.947s]   "gazebo_ros" provides a separate development package or SDK, be sure it has
[2.947s]   been installed.
[2.948s] 
[2.948s] [0m
[2.948s] -- Configuring incomplete, errors occurred!
[2.948s] See also "/home/openarm/svtrobo_ws/build/chassis/CMakeFiles/CMakeOutput.log".
[2.969s] Invoked command in '/home/openarm/svtrobo_ws/build/chassis' returned '1': CMAKE_PREFIX_PATH=${CMAKE_PREFIX_PATH}:/home/openarm/ros2_ws/install/qnbot_teleoperator:/opt/ros/humble /usr/bin/cmake /home/openarm/svtrobo_ws/src/chassis -DCMAKE_INSTALL_PREFIX=/home/openarm/svtrobo_ws/install/chassis
