[  2%] Built target motor_control__cpp
[ 11%] Built target motor_control__rosidl_generator_c
[ 11%] Built target ament_cmake_python_copy_motor_control
[ 19%] Built target motor_control__rosidl_typesupport_cpp
[ 27%] Built target motor_control__rosidl_typesupport_fastrtps_cpp
[ 36%] Built target motor_control__rosidl_typesupport_introspection_cpp
[ 44%] Built target motor_control__rosidl_typesupport_c
[ 52%] Built target motor_control__rosidl_typesupport_fastrtps_c
[ 61%] Built target motor_control__rosidl_typesupport_introspection_c
[ 61%] Built target motor_control
[ 69%] Built target motor_control_lib
[ 72%] Built target motor_control__py
[35m[1mConsolidate compiler generated dependencies of target motor_control_test[0m
[ 75%] [32mBuilding CXX object CMakeFiles/motor_control_test.dir/src/motor_control_test.cpp.o[0m
[ 80%] Built target motor_control__rosidl_generator_py
[ 86%] Built target motor_control__rosidl_typesupport_fastrtps_c__pyext
[ 91%] Built target motor_control__rosidl_typesupport_introspection_c__pyext
[ 97%] Built target motor_control__rosidl_typesupport_c__pyext
running egg_info
writing motor_control.egg-info/PKG-INFO
writing dependency_links to motor_control.egg-info/dependency_links.txt
writing top-level names to motor_control.egg-info/top_level.txt
reading manifest file 'motor_control.egg-info/SOURCES.txt'
writing manifest file 'motor_control.egg-info/SOURCES.txt'
[ 97%] Built target ament_cmake_python_build_motor_control_egg
[01m[K/home/openarm/svtrobo_ws/src/robstride_actuator_bridge/src/motor_control_test.cpp:11:10:[m[K [01;31m[Kfatal error: [m[Kgeometry_msgs/msg/twist.hpp: 没有那个文件或目录
   11 | #include [01;31m[K<geometry_msgs/msg/twist.hpp>[m[K
      |          [01;31m[K^~~~~~~~~~~~~~~~~~~~~~~~~~~~~[m[K
compilation terminated.
gmake[2]: *** [CMakeFiles/motor_control_test.dir/build.make:76：CMakeFiles/motor_control_test.dir/src/motor_control_test.cpp.o] 错误 1
gmake[1]: *** [CMakeFiles/Makefile2:623：CMakeFiles/motor_control_test.dir/all] 错误 2
gmake: *** [Makefile:146：all] 错误 2
