[0.029s] Invoking command in '/home/openarm/svtrobo_ws/build/motor_control': CMAKE_PREFIX_PATH=${CMAKE_PREFIX_PATH}:/home/openarm/ros2_ws/install/qnbot_teleoperator:/opt/ros/humble /usr/bin/cmake --build /home/openarm/svtrobo_ws/build/motor_control -- -j4 -l4
[0.177s] [  2%] Built target motor_control__cpp
[0.199s] [ 11%] Built target motor_control__rosidl_generator_c
[0.263s] [ 11%] Built target ament_cmake_python_copy_motor_control
[0.265s] [ 19%] Built target motor_control__rosidl_typesupport_cpp
[0.275s] [ 27%] Built target motor_control__rosidl_typesupport_fastrtps_cpp
[0.284s] [ 36%] Built target motor_control__rosidl_typesupport_introspection_cpp
[0.332s] [ 44%] Built target motor_control__rosidl_typesupport_c
[0.349s] [ 52%] Built target motor_control__rosidl_typesupport_fastrtps_c
[0.353s] [ 61%] Built target motor_control__rosidl_typesupport_introspection_c
[0.402s] [ 61%] Built target motor_control
[0.434s] [ 69%] Built target motor_control_lib
[0.469s] [ 72%] Built target motor_control__py
[0.475s] [35m[1mConsolidate compiler generated dependencies of target motor_control_test[0m
[0.520s] [ 75%] [32mBuilding CXX object CMakeFiles/motor_control_test.dir/src/motor_control_test.cpp.o[0m
[0.523s] [ 80%] Built target motor_control__rosidl_generator_py
[0.592s] [ 86%] Built target motor_control__rosidl_typesupport_fastrtps_c__pyext
[0.651s] [ 91%] Built target motor_control__rosidl_typesupport_introspection_c__pyext
[0.663s] [ 97%] Built target motor_control__rosidl_typesupport_c__pyext
[0.946s] running egg_info
[0.987s] writing motor_control.egg-info/PKG-INFO
[0.988s] writing dependency_links to motor_control.egg-info/dependency_links.txt
[0.989s] writing top-level names to motor_control.egg-info/top_level.txt
[1.125s] reading manifest file 'motor_control.egg-info/SOURCES.txt'
[1.127s] writing manifest file 'motor_control.egg-info/SOURCES.txt'
[1.202s] [ 97%] Built target ament_cmake_python_build_motor_control_egg
[1.214s] [01m[K/home/openarm/svtrobo_ws/src/robstride_actuator_bridge/src/motor_control_test.cpp:11:10:[m[K [01;31m[Kfatal error: [m[Kgeometry_msgs/msg/twist.hpp: 没有那个文件或目录
[1.214s]    11 | #include [01;31m[K<geometry_msgs/msg/twist.hpp>[m[K
[1.214s]       |          [01;31m[K^~~~~~~~~~~~~~~~~~~~~~~~~~~~~[m[K
[1.214s] compilation terminated.
[1.220s] gmake[2]: *** [CMakeFiles/motor_control_test.dir/build.make:76：CMakeFiles/motor_control_test.dir/src/motor_control_test.cpp.o] 错误 1
[1.220s] gmake[1]: *** [CMakeFiles/Makefile2:623：CMakeFiles/motor_control_test.dir/all] 错误 2
[1.222s] gmake: *** [Makefile:146：all] 错误 2
[1.225s] Invoked command in '/home/openarm/svtrobo_ws/build/motor_control' returned '2': CMAKE_PREFIX_PATH=${CMAKE_PREFIX_PATH}:/home/openarm/ros2_ws/install/qnbot_teleoperator:/opt/ros/humble /usr/bin/cmake --build /home/openarm/svtrobo_ws/build/motor_control -- -j4 -l4
