[0.044s] Invoking command in '/home/openarm/svtrobo_ws/build/svtrobo_4ws': CMAKE_PREFIX_PATH=${CMAKE_PREFIX_PATH}:/home/openarm/ros2_ws/install/qnbot_teleoperator:/opt/ros/humble /usr/bin/cmake --build /home/openarm/svtrobo_ws/build/svtrobo_4ws -- -j4 -l4
[0.242s] [ 33%] Built target lift_RS485_control
[0.260s] [ 50%] [32mBuilding CXX object CMakeFiles/zlac8015d_rpm_node.dir/src/zlac8015d_rpm_node.cpp.o[0m
[0.260s] [ 66%] [32mBuilding CXX object CMakeFiles/zlac8015d_canopen_node.dir/src/zlac8015d_canopen.cpp.o[0m
[11.565s] [ 83%] [32m[1mLinking CXX executable zlac8015d_rpm_node[0m
[12.056s] [ 83%] Built target zlac8015d_rpm_node
[20.629s] [100%] [32m[1mLinking CXX executable zlac8015d_canopen_node[0m
[21.514s] [100%] Built target zlac8015d_canopen_node
[21.532s] Invoked command in '/home/openarm/svtrobo_ws/build/svtrobo_4ws' returned '0': CMAKE_PREFIX_PATH=${CMAKE_PREFIX_PATH}:/home/openarm/ros2_ws/install/qnbot_teleoperator:/opt/ros/humble /usr/bin/cmake --build /home/openarm/svtrobo_ws/build/svtrobo_4ws -- -j4 -l4
[21.535s] Invoking command in '/home/openarm/svtrobo_ws/build/svtrobo_4ws': CMAKE_PREFIX_PATH=${CMAKE_PREFIX_PATH}:/home/openarm/ros2_ws/install/qnbot_teleoperator:/opt/ros/humble /usr/bin/cmake --install /home/openarm/svtrobo_ws/build/svtrobo_4ws
[21.548s] -- Install configuration: ""
[21.548s] -- Installing: /home/openarm/svtrobo_ws/install/svtrobo_4ws/lib/svtrobo_4ws/zlac8015d_rpm_node
[21.550s] -- Set runtime path of "/home/openarm/svtrobo_ws/install/svtrobo_4ws/lib/svtrobo_4ws/zlac8015d_rpm_node" to ""
[21.550s] -- Installing: /home/openarm/svtrobo_ws/install/svtrobo_4ws/lib/svtrobo_4ws/zlac8015d_canopen_node
[21.558s] -- Set runtime path of "/home/openarm/svtrobo_ws/install/svtrobo_4ws/lib/svtrobo_4ws/zlac8015d_canopen_node" to ""
[21.559s] -- Up-to-date: /home/openarm/svtrobo_ws/install/svtrobo_4ws/lib/svtrobo_4ws/lift_RS485_control
[21.560s] -- Up-to-date: /home/openarm/svtrobo_ws/install/svtrobo_4ws/lib/svtrobo_4ws/output_4s.py
[21.560s] -- Up-to-date: /home/openarm/svtrobo_ws/install/svtrobo_4ws/lib/svtrobo_4ws/canfd_init.bash
[21.561s] -- Up-to-date: /home/openarm/svtrobo_ws/install/svtrobo_4ws/share/svtrobo_4ws/launch
[21.561s] -- Up-to-date: /home/openarm/svtrobo_ws/install/svtrobo_4ws/share/svtrobo_4ws/launch/svtrobo_bringup.launch.py
[21.561s] -- Up-to-date: /home/openarm/svtrobo_ws/install/svtrobo_4ws/share/svtrobo_4ws/scripts
[21.561s] -- Up-to-date: /home/openarm/svtrobo_ws/install/svtrobo_4ws/share/svtrobo_4ws/scripts/output_4s.py
[21.561s] -- Up-to-date: /home/openarm/svtrobo_ws/install/svtrobo_4ws/share/svtrobo_4ws/scripts/canfd_init.bash
[21.562s] -- Up-to-date: /home/openarm/svtrobo_ws/install/svtrobo_4ws/share/ament_index/resource_index/package_run_dependencies/svtrobo_4ws
[21.562s] -- Up-to-date: /home/openarm/svtrobo_ws/install/svtrobo_4ws/share/ament_index/resource_index/parent_prefix_path/svtrobo_4ws
[21.562s] -- Up-to-date: /home/openarm/svtrobo_ws/install/svtrobo_4ws/share/svtrobo_4ws/environment/ament_prefix_path.sh
[21.562s] -- Up-to-date: /home/openarm/svtrobo_ws/install/svtrobo_4ws/share/svtrobo_4ws/environment/ament_prefix_path.dsv
[21.562s] -- Up-to-date: /home/openarm/svtrobo_ws/install/svtrobo_4ws/share/svtrobo_4ws/environment/path.sh
[21.563s] -- Up-to-date: /home/openarm/svtrobo_ws/install/svtrobo_4ws/share/svtrobo_4ws/environment/path.dsv
[21.563s] -- Up-to-date: /home/openarm/svtrobo_ws/install/svtrobo_4ws/share/svtrobo_4ws/local_setup.bash
[21.563s] -- Up-to-date: /home/openarm/svtrobo_ws/install/svtrobo_4ws/share/svtrobo_4ws/local_setup.sh
[21.563s] -- Up-to-date: /home/openarm/svtrobo_ws/install/svtrobo_4ws/share/svtrobo_4ws/local_setup.zsh
[21.563s] -- Up-to-date: /home/openarm/svtrobo_ws/install/svtrobo_4ws/share/svtrobo_4ws/local_setup.dsv
[21.564s] -- Installing: /home/openarm/svtrobo_ws/install/svtrobo_4ws/share/svtrobo_4ws/package.dsv
[21.564s] -- Up-to-date: /home/openarm/svtrobo_ws/install/svtrobo_4ws/share/ament_index/resource_index/packages/svtrobo_4ws
[21.564s] -- Up-to-date: /home/openarm/svtrobo_ws/install/svtrobo_4ws/share/svtrobo_4ws/cmake/svtrobo_4wsConfig.cmake
[21.564s] -- Up-to-date: /home/openarm/svtrobo_ws/install/svtrobo_4ws/share/svtrobo_4ws/cmake/svtrobo_4wsConfig-version.cmake
[21.565s] -- Up-to-date: /home/openarm/svtrobo_ws/install/svtrobo_4ws/share/svtrobo_4ws/package.xml
[21.567s] Invoked command in '/home/openarm/svtrobo_ws/build/svtrobo_4ws' returned '0': CMAKE_PREFIX_PATH=${CMAKE_PREFIX_PATH}:/home/openarm/ros2_ws/install/qnbot_teleoperator:/opt/ros/humble /usr/bin/cmake --install /home/openarm/svtrobo_ws/build/svtrobo_4ws
