[0.012s] Invoking command in '/home/openarm/svtrobo_ws/build/classis_control': CMAKE_PREFIX_PATH=${CMAKE_PREFIX_PATH}:/home/openarm/ros2_ws/install/qnbot_teleoperator:/opt/ros/humble /usr/bin/cmake /home/openarm/svtrobo_ws/src/classis_control -DCMAKE_INSTALL_PREFIX=/home/openarm/svtrobo_ws/install/classis_control
[0.081s] -- The C compiler identification is GNU 11.4.0
[0.152s] -- The CXX compiler identification is GNU 11.4.0
[0.162s] -- Detecting C compiler ABI info
[0.247s] -- Detecting C compiler ABI info - done
[0.259s] -- Check for working C compiler: /usr/bin/cc - skipped
[0.259s] -- Detecting C compile features
[0.260s] -- Detecting C compile features - done
[0.264s] -- Detecting CXX compiler ABI info
[0.367s] -- Detecting CXX compiler ABI info - done
[0.380s] -- Check for working CXX compiler: /usr/bin/c++ - skipped
[0.380s] -- Detecting CXX compile features
[0.381s] -- Detecting CXX compile features - done
[0.384s] -- Found ament_cmake: 1.3.12 (/opt/ros/humble/share/ament_cmake/cmake)
[0.580s] -- Found Python3: /usr/bin/python3 (found version "3.10.12") found components: Interpreter 
[0.700s] -- Found rclcpp: 16.0.16 (/opt/ros/humble/share/rclcpp/cmake)
[0.765s] -- Found rosidl_generator_c: 3.1.7 (/opt/ros/humble/share/rosidl_generator_c/cmake)
[0.773s] -- Found rosidl_adapter: 3.1.7 (/opt/ros/humble/share/rosidl_adapter/cmake)
[0.784s] -- Found rosidl_generator_cpp: 3.1.7 (/opt/ros/humble/share/rosidl_generator_cpp/cmake)
[0.801s] -- Using all available rosidl_typesupport_c: rosidl_typesupport_fastrtps_c;rosidl_typesupport_introspection_c
[0.830s] -- Using all available rosidl_typesupport_cpp: rosidl_typesupport_fastrtps_cpp;rosidl_typesupport_introspection_cpp
[0.896s] -- Found rmw_implementation_cmake: 6.1.2 (/opt/ros/humble/share/rmw_implementation_cmake/cmake)
[0.901s] -- Found rmw_fastrtps_cpp: 6.2.9 (/opt/ros/humble/share/rmw_fastrtps_cpp/cmake)
[1.009s] -- Found OpenSSL: /usr/lib/x86_64-linux-gnu/libcrypto.so (found version "3.0.2")  
[1.038s] -- Found FastRTPS: /opt/ros/humble/include  
[1.090s] -- Using RMW implementation 'rmw_fastrtps_cpp' as default
[1.102s] -- Looking for pthread.h
[1.190s] -- Looking for pthread.h - found
[1.190s] -- Performing Test CMAKE_HAVE_LIBC_PTHREAD
[1.278s] -- Performing Test CMAKE_HAVE_LIBC_PTHREAD - Success
[1.279s] -- Found Threads: TRUE  
[1.364s] -- Found sensor_msgs: 4.9.0 (/opt/ros/humble/share/sensor_msgs/cmake)
[1.412s] -- Found rosidl_default_generators: 1.2.0 (/opt/ros/humble/share/rosidl_default_generators/cmake)
[1.516s] -- Configuring done
[1.542s] -- Generating done
[1.552s] -- Build files have been written to: /home/openarm/svtrobo_ws/build/classis_control
[1.565s] Invoked command in '/home/openarm/svtrobo_ws/build/classis_control' returned '0': CMAKE_PREFIX_PATH=${CMAKE_PREFIX_PATH}:/home/openarm/ros2_ws/install/qnbot_teleoperator:/opt/ros/humble /usr/bin/cmake /home/openarm/svtrobo_ws/src/classis_control -DCMAKE_INSTALL_PREFIX=/home/openarm/svtrobo_ws/install/classis_control
[1.567s] Invoking command in '/home/openarm/svtrobo_ws/build/classis_control': CMAKE_PREFIX_PATH=${CMAKE_PREFIX_PATH}:/home/openarm/ros2_ws/install/qnbot_teleoperator:/opt/ros/humble /usr/bin/cmake --build /home/openarm/svtrobo_ws/build/classis_control -- -j4 -l4
[1.624s] [ 14%] [32mBuilding CXX object CMakeFiles/classis_control_lib.dir/src/steering_motor.cpp.o[0m
[1.624s] [ 28%] [32mBuilding CXX object CMakeFiles/classis_control_lib.dir/src/wheel_motor.cpp.o[0m
[5.996s] [ 42%] [32m[1mLinking CXX static library libclassis_control.a[0m
[6.041s] [ 42%] Built target classis_control_lib
[6.069s] [ 71%] [32mBuilding CXX object CMakeFiles/classis_control.dir/src/main.cpp.o[0m
[6.069s] [ 71%] [32mBuilding CXX object CMakeFiles/lift_control.dir/src/lift_RS485_control.cpp.o[0m
[19.613s] [ 85%] [32m[1mLinking CXX executable lift_control[0m
[19.812s] [100%] [32m[1mLinking CXX executable classis_control[0m
[20.322s] [100%] Built target lift_control
[20.584s] [100%] Built target classis_control
[20.597s] Invoked command in '/home/openarm/svtrobo_ws/build/classis_control' returned '0': CMAKE_PREFIX_PATH=${CMAKE_PREFIX_PATH}:/home/openarm/ros2_ws/install/qnbot_teleoperator:/opt/ros/humble /usr/bin/cmake --build /home/openarm/svtrobo_ws/build/classis_control -- -j4 -l4
[20.608s] Invoking command in '/home/openarm/svtrobo_ws/build/classis_control': CMAKE_PREFIX_PATH=${CMAKE_PREFIX_PATH}:/home/openarm/ros2_ws/install/qnbot_teleoperator:/opt/ros/humble /usr/bin/cmake --install /home/openarm/svtrobo_ws/build/classis_control
[20.615s] -- Install configuration: ""
[20.616s] -- Installing: /home/openarm/svtrobo_ws/install/classis_control/include
[20.616s] -- Installing: /home/openarm/svtrobo_ws/install/classis_control/include/classis_control
[20.617s] -- Installing: /home/openarm/svtrobo_ws/install/classis_control/include/classis_control/wheel_motor.h
[20.617s] -- Installing: /home/openarm/svtrobo_ws/install/classis_control/include/classis_control/steering_motor.h
[20.617s] -- Installing: /home/openarm/svtrobo_ws/install/classis_control/lib/libclassis_control.a
[20.617s] -- Installing: /home/openarm/svtrobo_ws/install/classis_control/lib/classis_control/classis_control
[20.625s] -- Set runtime path of "/home/openarm/svtrobo_ws/install/classis_control/lib/classis_control/classis_control" to ""
[20.626s] -- Up-to-date: /home/openarm/svtrobo_ws/install/classis_control/lib/libclassis_control.a
[20.627s] -- Installing: /home/openarm/svtrobo_ws/install/classis_control/lib/classis_control/lift_control
[20.631s] -- Set runtime path of "/home/openarm/svtrobo_ws/install/classis_control/lib/classis_control/lift_control" to ""
[20.631s] -- Installing: /home/openarm/svtrobo_ws/install/classis_control/share/classis_control/launch
[20.631s] -- Installing: /home/openarm/svtrobo_ws/install/classis_control/share/classis_control/launch/svtrobo_bringup.launch.py
[20.631s] -- Installing: /home/openarm/svtrobo_ws/install/classis_control/share/ament_index/resource_index/package_run_dependencies/classis_control
[20.631s] -- Installing: /home/openarm/svtrobo_ws/install/classis_control/share/ament_index/resource_index/parent_prefix_path/classis_control
[20.632s] -- Installing: /home/openarm/svtrobo_ws/install/classis_control/share/classis_control/environment/ament_prefix_path.sh
[20.632s] -- Installing: /home/openarm/svtrobo_ws/install/classis_control/share/classis_control/environment/ament_prefix_path.dsv
[20.632s] -- Installing: /home/openarm/svtrobo_ws/install/classis_control/share/classis_control/environment/path.sh
[20.632s] -- Installing: /home/openarm/svtrobo_ws/install/classis_control/share/classis_control/environment/path.dsv
[20.632s] -- Installing: /home/openarm/svtrobo_ws/install/classis_control/share/classis_control/local_setup.bash
[20.633s] -- Installing: /home/openarm/svtrobo_ws/install/classis_control/share/classis_control/local_setup.sh
[20.633s] -- Installing: /home/openarm/svtrobo_ws/install/classis_control/share/classis_control/local_setup.zsh
[20.633s] -- Installing: /home/openarm/svtrobo_ws/install/classis_control/share/classis_control/local_setup.dsv
[20.633s] -- Installing: /home/openarm/svtrobo_ws/install/classis_control/share/classis_control/package.dsv
[20.633s] -- Installing: /home/openarm/svtrobo_ws/install/classis_control/share/ament_index/resource_index/packages/classis_control
[20.634s] -- Installing: /home/openarm/svtrobo_ws/install/classis_control/share/classis_control/cmake/ament_cmake_export_dependencies-extras.cmake
[20.634s] -- Installing: /home/openarm/svtrobo_ws/install/classis_control/share/classis_control/cmake/classis_controlConfig.cmake
[20.634s] -- Installing: /home/openarm/svtrobo_ws/install/classis_control/share/classis_control/cmake/classis_controlConfig-version.cmake
[20.634s] -- Installing: /home/openarm/svtrobo_ws/install/classis_control/share/classis_control/package.xml
[20.637s] Invoked command in '/home/openarm/svtrobo_ws/build/classis_control' returned '0': CMAKE_PREFIX_PATH=${CMAKE_PREFIX_PATH}:/home/openarm/ros2_ws/install/qnbot_teleoperator:/opt/ros/humble /usr/bin/cmake --install /home/openarm/svtrobo_ws/build/classis_control
