[0.034s] Invoking command in '/home/openarm/svtrobo_ws/build/chassis': CMAKE_PREFIX_PATH=${CMAKE_PREFIX_PATH}:/home/openarm/ros2_ws/install/qnbot_teleoperator:/opt/ros/humble /usr/bin/cmake /home/openarm/svtrobo_ws/src/chassis -DCMAKE_INSTALL_PREFIX=/home/openarm/svtrobo_ws/install/chassis
[0.073s] -- Found ament_cmake: 1.3.12 (/opt/ros/humble/share/ament_cmake/cmake)
[0.928s] -- Found rclcpp: 16.0.16 (/opt/ros/humble/share/rclcpp/cmake)
[1.031s] -- Found rosidl_generator_c: 3.1.7 (/opt/ros/humble/share/rosidl_generator_c/cmake)
[1.043s] -- Found rosidl_adapter: 3.1.7 (/opt/ros/humble/share/rosidl_adapter/cmake)
[1.063s] -- Found rosidl_generator_cpp: 3.1.7 (/opt/ros/humble/share/rosidl_generator_cpp/cmake)
[1.096s] -- Using all available rosidl_typesupport_c: rosidl_typesupport_fastrtps_c;rosidl_typesupport_introspection_c
[1.138s] -- Using all available rosidl_typesupport_cpp: rosidl_typesupport_fastrtps_cpp;rosidl_typesupport_introspection_cpp
[1.254s] -- Found rmw_implementation_cmake: 6.1.2 (/opt/ros/humble/share/rmw_implementation_cmake/cmake)
[1.266s] -- Found rmw_fastrtps_cpp: 6.2.9 (/opt/ros/humble/share/rmw_fastrtps_cpp/cmake)
[1.618s] -- Using RMW implementation 'rmw_fastrtps_cpp' as default
[1.766s] -- Found urdf: 2.6.1 (/opt/ros/humble/share/urdf/cmake)
[1.821s] -- Found robot_state_publisher: 3.0.3 (/opt/ros/humble/share/robot_state_publisher/cmake)
[1.876s] -- Found eigen3_cmake_module: 0.1.1 (/opt/ros/humble/share/eigen3_cmake_module/cmake)
[1.879s] -- Ensuring Eigen3 include directory is part of orocos-kdl CMake target
[2.197s] -- Configuring incomplete, errors occurred!
[2.197s] See also "/home/openarm/svtrobo_ws/build/chassis/CMakeFiles/CMakeOutput.log".
[2.198s] [31mCMake Error at CMakeLists.txt:19 (find_package):
[2.198s]   By not providing "Findjoint_state_publisher.cmake" in CMAKE_MODULE_PATH
[2.198s]   this project has asked CMake to find a package configuration file provided
[2.198s]   by "joint_state_publisher", but CMake did not find one.
[2.198s] 
[2.198s]   Could not find a package configuration file provided by
[2.199s]   "joint_state_publisher" with any of the following names:
[2.199s] 
[2.199s]     joint_state_publisherConfig.cmake
[2.199s]     joint_state_publisher-config.cmake
[2.199s] 
[2.199s]   Add the installation prefix of "joint_state_publisher" to CMAKE_PREFIX_PATH
[2.200s]   or set "joint_state_publisher_DIR" to a directory containing one of the
[2.200s]   above files.  If "joint_state_publisher" provides a separate development
[2.200s]   package or SDK, be sure it has been installed.
[2.200s] 
[2.200s] [0m
[2.211s] Invoked command in '/home/openarm/svtrobo_ws/build/chassis' returned '1': CMAKE_PREFIX_PATH=${CMAKE_PREFIX_PATH}:/home/openarm/ros2_ws/install/qnbot_teleoperator:/opt/ros/humble /usr/bin/cmake /home/openarm/svtrobo_ws/src/chassis -DCMAKE_INSTALL_PREFIX=/home/openarm/svtrobo_ws/install/chassis
