-- Found ament_cmake: 1.3.12 (/opt/ros/humble/share/ament_cmake/cmake)
-- Found rclcpp: 16.0.16 (/opt/ros/humble/share/rclcpp/cmake)
-- Found rosidl_generator_c: 3.1.7 (/opt/ros/humble/share/rosidl_generator_c/cmake)
-- Found rosidl_adapter: 3.1.7 (/opt/ros/humble/share/rosidl_adapter/cmake)
-- Found rosidl_generator_cpp: 3.1.7 (/opt/ros/humble/share/rosidl_generator_cpp/cmake)
-- Using all available rosidl_typesupport_c: rosidl_typesupport_fastrtps_c;rosidl_typesupport_introspection_c
-- Using all available rosidl_typesupport_cpp: rosidl_typesupport_fastrtps_cpp;rosidl_typesupport_introspection_cpp
-- Found rmw_implementation_cmake: 6.1.2 (/opt/ros/humble/share/rmw_implementation_cmake/cmake)
-- Found rmw_fastrtps_cpp: 6.2.9 (/opt/ros/humble/share/rmw_fastrtps_cpp/cmake)
-- Using RMW implementation 'rmw_fastrtps_cpp' as default
-- Found urdf: 2.6.1 (/opt/ros/humble/share/urdf/cmake)
-- Found robot_state_publisher: 3.0.3 (/opt/ros/humble/share/robot_state_publisher/cmake)
-- Found eigen3_cmake_module: 0.1.1 (/opt/ros/humble/share/eigen3_cmake_module/cmake)
-- Ensuring Eigen3 include directory is part of orocos-kdl CMake target
-- Found rviz_common: 11.2.23 (/opt/ros/humble/share/rviz_common/cmake)
-- Setting assimp_DIR to: '/opt/ros/humble/share/rviz_assimp_vendor/cmake/../../../opt/rviz_assimp_vendor/lib/cmake/assimp-4.1'
-- Setting OGRE_DIR to: '/opt/ros/humble/share/rviz_ogre_vendor/cmake/../../../opt/rviz_ogre_vendor/lib/OGRE/cmake'
-- Found OGRE
--   static     : OFF
--   components : HLMS;MeshLodGenerator;Overlay;Paging;Property;RTShaderSystem;Terrain;Volume
--   plugins    : Plugin_BSPSceneManager;Plugin_OctreeSceneManager;Plugin_PCZSceneManager;Plugin_ParticleFX;RenderSystem_GL;RenderSystem_GL3Plus;Codec_STBI
--   media      : /opt/ros/humble/opt/rviz_ogre_vendor/share/OGRE/Media
-- OGRE_LIBRARIES: OgreHLMS;OgreMeshLodGenerator;OgreOverlay;OgrePaging;OgreProperty;OgreRTShaderSystem;OgreTerrain;OgreVolume;OgreMain
-- OGRE_LIBRARY_DIRS: /opt/ros/humble/opt/rviz_ogre_vendor/lib
-- OGRE_PLUGINS: Plugin_BSPSceneManager;Plugin_OctreeSceneManager;Plugin_PCZSceneManager;Plugin_ParticleFX;RenderSystem_GL;RenderSystem_GL3Plus;Codec_STBI
-- OGRE_PLUGIN_DIR: /opt/ros/humble/opt/rviz_ogre_vendor/lib/OGRE
-- rviz_ogre_vendor::OgreOverlay for IMPORTED_LOCATION_RELEASE: /opt/ros/humble/opt/rviz_ogre_vendor/lib/libOgreOverlay.so
-- rviz_ogre_vendor::OgreOverlay for IMPORTED_LOCATION_DEBUG: /opt/ros/humble/opt/rviz_ogre_vendor/lib/libOgreOverlay.so
-- rviz_ogre_vendor::OgreMain for IMPORTED_LOCATION_RELEASE: /opt/ros/humble/opt/rviz_ogre_vendor/lib/libOgreMain.so
-- rviz_ogre_vendor::OgreMain for IMPORTED_LOCATION_DEBUG: /opt/ros/humble/opt/rviz_ogre_vendor/lib/libOgreMain.so
-- library: /usr/lib/x86_64-linux-gnu/libcurl.so
-- Configuring done
-- Generating done
-- Build files have been written to: /home/openarm/svtrobo_ws/build/chassis
-- Install configuration: ""
-- Installing: /home/openarm/svtrobo_ws/install/chassis/share/chassis//config
-- Installing: /home/openarm/svtrobo_ws/install/chassis/share/chassis//config/joint_names_chassis.yaml
-- Installing: /home/openarm/svtrobo_ws/install/chassis/share/chassis//launch
-- Installing: /home/openarm/svtrobo_ws/install/chassis/share/chassis//launch/chassis_bringup.launch.py
-- Installing: /home/openarm/svtrobo_ws/install/chassis/share/chassis//meshes
-- Installing: /home/openarm/svtrobo_ws/install/chassis/share/chassis//meshes/left_rear_wheel_link.STL
-- Installing: /home/openarm/svtrobo_ws/install/chassis/share/chassis//meshes/right_front_wheel_link.STL
-- Installing: /home/openarm/svtrobo_ws/install/chassis/share/chassis//meshes/right_rear_steer_link.STL
-- Installing: /home/openarm/svtrobo_ws/install/chassis/share/chassis//meshes/base_link.STL
-- Installing: /home/openarm/svtrobo_ws/install/chassis/share/chassis//meshes/right_front_steer_link.STL
-- Installing: /home/openarm/svtrobo_ws/install/chassis/share/chassis//meshes/left_front_wheel_link.STL
-- Installing: /home/openarm/svtrobo_ws/install/chassis/share/chassis//meshes/left_rear_steer_link.STL
-- Installing: /home/openarm/svtrobo_ws/install/chassis/share/chassis//meshes/left_front_steer_link.STL
-- Installing: /home/openarm/svtrobo_ws/install/chassis/share/chassis//meshes/right_rear_wheel_link.STL
-- Installing: /home/openarm/svtrobo_ws/install/chassis/share/chassis//urdf
-- Installing: /home/openarm/svtrobo_ws/install/chassis/share/chassis//urdf/chassis.urdf
-- Installing: /home/openarm/svtrobo_ws/install/chassis/share/ament_index/resource_index/package_run_dependencies/chassis
-- Installing: /home/openarm/svtrobo_ws/install/chassis/share/ament_index/resource_index/parent_prefix_path/chassis
-- Installing: /home/openarm/svtrobo_ws/install/chassis/share/chassis/environment/ament_prefix_path.sh
-- Installing: /home/openarm/svtrobo_ws/install/chassis/share/chassis/environment/ament_prefix_path.dsv
-- Installing: /home/openarm/svtrobo_ws/install/chassis/share/chassis/environment/path.sh
-- Installing: /home/openarm/svtrobo_ws/install/chassis/share/chassis/environment/path.dsv
-- Installing: /home/openarm/svtrobo_ws/install/chassis/share/chassis/local_setup.bash
-- Installing: /home/openarm/svtrobo_ws/install/chassis/share/chassis/local_setup.sh
-- Installing: /home/openarm/svtrobo_ws/install/chassis/share/chassis/local_setup.zsh
-- Installing: /home/openarm/svtrobo_ws/install/chassis/share/chassis/local_setup.dsv
-- Installing: /home/openarm/svtrobo_ws/install/chassis/share/chassis/package.dsv
-- Installing: /home/openarm/svtrobo_ws/install/chassis/share/ament_index/resource_index/packages/chassis
-- Installing: /home/openarm/svtrobo_ws/install/chassis/share/chassis/cmake/chassisConfig.cmake
-- Installing: /home/openarm/svtrobo_ws/install/chassis/share/chassis/cmake/chassisConfig-version.cmake
-- Installing: /home/openarm/svtrobo_ws/install/chassis/share/chassis/package.xml
