[0.054s] Invoking command in '/home/openarm/svtrobo_ws/build/chassis': CMAKE_PREFIX_PATH=${CMAKE_PREFIX_PATH}:/home/openarm/ros2_ws/install/qnbot_teleoperator:/opt/ros/humble /usr/bin/cmake /home/openarm/svtrobo_ws/src/chassis -DCMAKE_INSTALL_PREFIX=/home/openarm/svtrobo_ws/install/chassis
[0.089s] -- Found ament_cmake: 1.3.12 (/opt/ros/humble/share/ament_cmake/cmake)
[1.076s] -- Found rclcpp: 16.0.16 (/opt/ros/humble/share/rclcpp/cmake)
[1.151s] -- Found rosidl_generator_c: 3.1.7 (/opt/ros/humble/share/rosidl_generator_c/cmake)
[1.158s] -- Found rosidl_adapter: 3.1.7 (/opt/ros/humble/share/rosidl_adapter/cmake)
[1.178s] -- Found rosidl_generator_cpp: 3.1.7 (/opt/ros/humble/share/rosidl_generator_cpp/cmake)
[1.211s] -- Using all available rosidl_typesupport_c: rosidl_typesupport_fastrtps_c;rosidl_typesupport_introspection_c
[1.236s] -- Using all available rosidl_typesupport_cpp: rosidl_typesupport_fastrtps_cpp;rosidl_typesupport_introspection_cpp
[1.328s] -- Found rmw_implementation_cmake: 6.1.2 (/opt/ros/humble/share/rmw_implementation_cmake/cmake)
[1.331s] -- Found rmw_fastrtps_cpp: 6.2.9 (/opt/ros/humble/share/rmw_fastrtps_cpp/cmake)
[1.578s] -- Using RMW implementation 'rmw_fastrtps_cpp' as default
[1.737s] -- Found urdf: 2.6.1 (/opt/ros/humble/share/urdf/cmake)
[1.789s] -- Found robot_state_publisher: 3.0.3 (/opt/ros/humble/share/robot_state_publisher/cmake)
[1.845s] -- Found eigen3_cmake_module: 0.1.1 (/opt/ros/humble/share/eigen3_cmake_module/cmake)
[1.850s] -- Ensuring Eigen3 include directory is part of orocos-kdl CMake target
[2.106s] -- Found rviz_common: 11.2.23 (/opt/ros/humble/share/rviz_common/cmake)
[2.123s] -- Setting assimp_DIR to: '/opt/ros/humble/share/rviz_assimp_vendor/cmake/../../../opt/rviz_assimp_vendor/lib/cmake/assimp-4.1'
[2.129s] -- Setting OGRE_DIR to: '/opt/ros/humble/share/rviz_ogre_vendor/cmake/../../../opt/rviz_ogre_vendor/lib/OGRE/cmake'
[2.131s] -- Found OGRE
[2.132s] --   static     : OFF
[2.132s] --   components : HLMS;MeshLodGenerator;Overlay;Paging;Property;RTShaderSystem;Terrain;Volume
[2.132s] --   plugins    : Plugin_BSPSceneManager;Plugin_OctreeSceneManager;Plugin_PCZSceneManager;Plugin_ParticleFX;RenderSystem_GL;RenderSystem_GL3Plus;Codec_STBI
[2.132s] --   media      : /opt/ros/humble/opt/rviz_ogre_vendor/share/OGRE/Media
[2.132s] -- OGRE_LIBRARIES: OgreHLMS;OgreMeshLodGenerator;OgreOverlay;OgrePaging;OgreProperty;OgreRTShaderSystem;OgreTerrain;OgreVolume;OgreMain
[2.133s] -- OGRE_LIBRARY_DIRS: /opt/ros/humble/opt/rviz_ogre_vendor/lib
[2.133s] -- OGRE_PLUGINS: Plugin_BSPSceneManager;Plugin_OctreeSceneManager;Plugin_PCZSceneManager;Plugin_ParticleFX;RenderSystem_GL;RenderSystem_GL3Plus;Codec_STBI
[2.133s] -- OGRE_PLUGIN_DIR: /opt/ros/humble/opt/rviz_ogre_vendor/lib/OGRE
[2.133s] -- rviz_ogre_vendor::OgreOverlay for IMPORTED_LOCATION_RELEASE: /opt/ros/humble/opt/rviz_ogre_vendor/lib/libOgreOverlay.so
[2.133s] -- rviz_ogre_vendor::OgreOverlay for IMPORTED_LOCATION_DEBUG: /opt/ros/humble/opt/rviz_ogre_vendor/lib/libOgreOverlay.so
[2.133s] -- rviz_ogre_vendor::OgreMain for IMPORTED_LOCATION_RELEASE: /opt/ros/humble/opt/rviz_ogre_vendor/lib/libOgreMain.so
[2.134s] -- rviz_ogre_vendor::OgreMain for IMPORTED_LOCATION_DEBUG: /opt/ros/humble/opt/rviz_ogre_vendor/lib/libOgreMain.so
[2.292s] -- library: /usr/lib/x86_64-linux-gnu/libcurl.so
[2.528s] -- Configuring done
[2.540s] -- Generating done
[2.548s] -- Build files have been written to: /home/openarm/svtrobo_ws/build/chassis
[2.567s] Invoked command in '/home/openarm/svtrobo_ws/build/chassis' returned '0': CMAKE_PREFIX_PATH=${CMAKE_PREFIX_PATH}:/home/openarm/ros2_ws/install/qnbot_teleoperator:/opt/ros/humble /usr/bin/cmake /home/openarm/svtrobo_ws/src/chassis -DCMAKE_INSTALL_PREFIX=/home/openarm/svtrobo_ws/install/chassis
[2.571s] Invoking command in '/home/openarm/svtrobo_ws/build/chassis': CMAKE_PREFIX_PATH=${CMAKE_PREFIX_PATH}:/home/openarm/ros2_ws/install/qnbot_teleoperator:/opt/ros/humble /usr/bin/cmake --build /home/openarm/svtrobo_ws/build/chassis -- -j4 -l4
[2.646s] Invoked command in '/home/openarm/svtrobo_ws/build/chassis' returned '0': CMAKE_PREFIX_PATH=${CMAKE_PREFIX_PATH}:/home/openarm/ros2_ws/install/qnbot_teleoperator:/opt/ros/humble /usr/bin/cmake --build /home/openarm/svtrobo_ws/build/chassis -- -j4 -l4
[2.650s] Invoking command in '/home/openarm/svtrobo_ws/build/chassis': CMAKE_PREFIX_PATH=${CMAKE_PREFIX_PATH}:/home/openarm/ros2_ws/install/qnbot_teleoperator:/opt/ros/humble /usr/bin/cmake --install /home/openarm/svtrobo_ws/build/chassis
[2.662s] -- Install configuration: ""
[2.663s] -- Installing: /home/openarm/svtrobo_ws/install/chassis/share/chassis//config
[2.663s] -- Installing: /home/openarm/svtrobo_ws/install/chassis/share/chassis//config/joint_names_chassis.yaml
[2.664s] -- Installing: /home/openarm/svtrobo_ws/install/chassis/share/chassis//launch
[2.664s] -- Installing: /home/openarm/svtrobo_ws/install/chassis/share/chassis//launch/chassis_bringup.launch.py
[2.665s] -- Installing: /home/openarm/svtrobo_ws/install/chassis/share/chassis//meshes
[2.665s] -- Installing: /home/openarm/svtrobo_ws/install/chassis/share/chassis//meshes/left_rear_wheel_link.STL
[2.666s] -- Installing: /home/openarm/svtrobo_ws/install/chassis/share/chassis//meshes/right_front_wheel_link.STL
[2.668s] -- Installing: /home/openarm/svtrobo_ws/install/chassis/share/chassis//meshes/right_rear_steer_link.STL
[2.675s] -- Installing: /home/openarm/svtrobo_ws/install/chassis/share/chassis//meshes/base_link.STL
[2.678s] -- Installing: /home/openarm/svtrobo_ws/install/chassis/share/chassis//meshes/right_front_steer_link.STL
[2.689s] -- Installing: /home/openarm/svtrobo_ws/install/chassis/share/chassis//meshes/left_front_wheel_link.STL
[2.692s] -- Installing: /home/openarm/svtrobo_ws/install/chassis/share/chassis//meshes/left_rear_steer_link.STL
[2.698s] -- Installing: /home/openarm/svtrobo_ws/install/chassis/share/chassis//meshes/left_front_steer_link.STL
[2.704s] -- Installing: /home/openarm/svtrobo_ws/install/chassis/share/chassis//meshes/right_rear_wheel_link.STL
[2.706s] -- Installing: /home/openarm/svtrobo_ws/install/chassis/share/chassis//urdf
[2.706s] -- Installing: /home/openarm/svtrobo_ws/install/chassis/share/chassis//urdf/chassis.urdf
[2.707s] -- Installing: /home/openarm/svtrobo_ws/install/chassis/share/ament_index/resource_index/package_run_dependencies/chassis
[2.707s] -- Installing: /home/openarm/svtrobo_ws/install/chassis/share/ament_index/resource_index/parent_prefix_path/chassis
[2.707s] -- Installing: /home/openarm/svtrobo_ws/install/chassis/share/chassis/environment/ament_prefix_path.sh
[2.708s] -- Installing: /home/openarm/svtrobo_ws/install/chassis/share/chassis/environment/ament_prefix_path.dsv
[2.708s] -- Installing: /home/openarm/svtrobo_ws/install/chassis/share/chassis/environment/path.sh
[2.708s] -- Installing: /home/openarm/svtrobo_ws/install/chassis/share/chassis/environment/path.dsv
[2.708s] -- Installing: /home/openarm/svtrobo_ws/install/chassis/share/chassis/local_setup.bash
[2.709s] -- Installing: /home/openarm/svtrobo_ws/install/chassis/share/chassis/local_setup.sh
[2.709s] -- Installing: /home/openarm/svtrobo_ws/install/chassis/share/chassis/local_setup.zsh
[2.710s] -- Installing: /home/openarm/svtrobo_ws/install/chassis/share/chassis/local_setup.dsv
[2.710s] -- Installing: /home/openarm/svtrobo_ws/install/chassis/share/chassis/package.dsv
[2.710s] -- Installing: /home/openarm/svtrobo_ws/install/chassis/share/ament_index/resource_index/packages/chassis
[2.710s] -- Installing: /home/openarm/svtrobo_ws/install/chassis/share/chassis/cmake/chassisConfig.cmake
[2.711s] -- Installing: /home/openarm/svtrobo_ws/install/chassis/share/chassis/cmake/chassisConfig-version.cmake
[2.711s] -- Installing: /home/openarm/svtrobo_ws/install/chassis/share/chassis/package.xml
[2.715s] Invoked command in '/home/openarm/svtrobo_ws/build/chassis' returned '0': CMAKE_PREFIX_PATH=${CMAKE_PREFIX_PATH}:/home/openarm/ros2_ws/install/qnbot_teleoperator:/opt/ros/humble /usr/bin/cmake --install /home/openarm/svtrobo_ws/build/chassis
