[0.177s] DEBUG:colcon:Command line arguments: ['/usr/bin/colcon', 'build']
[0.177s] DEBUG:colcon:Parsed command line arguments: Namespace(log_base=None, log_level=None, verb_name='build', build_base='build', install_base='install', merge_install=False, symlink_install=False, test_result_base=None, continue_on_error=False, executor='parallel', parallel_workers=4, event_handlers=None, ignore_user_meta=False, metas=['./colcon.meta'], base_paths=['.'], packages_ignore=None, packages_ignore_regex=None, paths=None, packages_up_to=None, packages_up_to_regex=None, packages_above=None, packages_above_and_dependencies=None, packages_above_depth=None, packages_select_by_dep=None, packages_skip_by_dep=None, packages_skip_up_to=None, packages_select_build_failed=False, packages_skip_build_finished=False, packages_select_test_failures=False, packages_skip_test_passed=False, packages_select=None, packages_skip=None, packages_select_regex=None, packages_skip_regex=None, packages_start=None, packages_end=None, allow_overriding=[], cmake_args=None, cmake_target=None, cmake_target_skip_unavailable=False, cmake_clean_cache=False, cmake_clean_first=False, cmake_force_configure=False, ament_cmake_args=None, catkin_cmake_args=None, catkin_skip_building_tests=False, verb_parser=<colcon_defaults.argument_parser.defaults.DefaultArgumentsDecorator object at 0x7c76c0955f30>, verb_extension=<colcon_core.verb.build.BuildVerb object at 0x7c76c0a4b9d0>, main=<bound method BuildVerb.main of <colcon_core.verb.build.BuildVerb object at 0x7c76c0a4b9d0>>)
[0.253s] Level 1:colcon.colcon_core.package_discovery:discover_packages(colcon_meta) check parameters
[0.253s] Level 1:colcon.colcon_core.package_discovery:discover_packages(recursive) check parameters
[0.253s] Level 1:colcon.colcon_core.package_discovery:discover_packages(ignore) check parameters
[0.253s] Level 1:colcon.colcon_core.package_discovery:discover_packages(path) check parameters
[0.253s] Level 1:colcon.colcon_core.package_discovery:discover_packages(colcon_meta) discover
[0.253s] Level 1:colcon.colcon_core.package_discovery:discover_packages(recursive) discover
[0.253s] INFO:colcon.colcon_core.package_discovery:Crawling recursively for packages in '/home/openarm/svtrobo_ws'
[0.253s] Level 1:colcon.colcon_core.package_identification:_identify(.) by extensions ['ignore', 'ignore_ament_install']
[0.253s] Level 1:colcon.colcon_core.package_identification:_identify(.) by extension 'ignore'
[0.253s] Level 1:colcon.colcon_core.package_identification:_identify(.) by extension 'ignore_ament_install'
[0.253s] Level 1:colcon.colcon_core.package_identification:_identify(.) by extensions ['colcon_pkg']
[0.253s] Level 1:colcon.colcon_core.package_identification:_identify(.) by extension 'colcon_pkg'
[0.254s] Level 1:colcon.colcon_core.package_identification:_identify(.) by extensions ['colcon_meta']
[0.254s] Level 1:colcon.colcon_core.package_identification:_identify(.) by extension 'colcon_meta'
[0.254s] Level 1:colcon.colcon_core.package_identification:_identify(.) by extensions ['ros']
[0.254s] Level 1:colcon.colcon_core.package_identification:_identify(.) by extension 'ros'
[0.278s] Level 1:colcon.colcon_core.package_identification:_identify(.) by extensions ['cmake', 'python']
[0.279s] Level 1:colcon.colcon_core.package_identification:_identify(.) by extension 'cmake'
[0.279s] Level 1:colcon.colcon_core.package_identification:_identify(.) by extension 'python'
[0.279s] Level 1:colcon.colcon_core.package_identification:_identify(.) by extensions ['python_setup_py']
[0.279s] Level 1:colcon.colcon_core.package_identification:_identify(.) by extension 'python_setup_py'
[0.279s] Level 1:colcon.colcon_core.package_identification:_identify(build) by extensions ['ignore', 'ignore_ament_install']
[0.279s] Level 1:colcon.colcon_core.package_identification:_identify(build) by extension 'ignore'
[0.279s] Level 1:colcon.colcon_core.package_identification:_identify(build) ignored
[0.279s] Level 1:colcon.colcon_core.package_identification:_identify(install) by extensions ['ignore', 'ignore_ament_install']
[0.279s] Level 1:colcon.colcon_core.package_identification:_identify(install) by extension 'ignore'
[0.279s] Level 1:colcon.colcon_core.package_identification:_identify(install) ignored
[0.280s] Level 1:colcon.colcon_core.package_identification:_identify(log) by extensions ['ignore', 'ignore_ament_install']
[0.280s] Level 1:colcon.colcon_core.package_identification:_identify(log) by extension 'ignore'
[0.280s] Level 1:colcon.colcon_core.package_identification:_identify(log) ignored
[0.280s] Level 1:colcon.colcon_core.package_identification:_identify(src) by extensions ['ignore', 'ignore_ament_install']
[0.280s] Level 1:colcon.colcon_core.package_identification:_identify(src) by extension 'ignore'
[0.280s] Level 1:colcon.colcon_core.package_identification:_identify(src) by extension 'ignore_ament_install'
[0.280s] Level 1:colcon.colcon_core.package_identification:_identify(src) by extensions ['colcon_pkg']
[0.280s] Level 1:colcon.colcon_core.package_identification:_identify(src) by extension 'colcon_pkg'
[0.280s] Level 1:colcon.colcon_core.package_identification:_identify(src) by extensions ['colcon_meta']
[0.280s] Level 1:colcon.colcon_core.package_identification:_identify(src) by extension 'colcon_meta'
[0.280s] Level 1:colcon.colcon_core.package_identification:_identify(src) by extensions ['ros']
[0.280s] Level 1:colcon.colcon_core.package_identification:_identify(src) by extension 'ros'
[0.281s] Level 1:colcon.colcon_core.package_identification:_identify(src) by extensions ['cmake', 'python']
[0.281s] Level 1:colcon.colcon_core.package_identification:_identify(src) by extension 'cmake'
[0.281s] Level 1:colcon.colcon_core.package_identification:_identify(src) by extension 'python'
[0.281s] Level 1:colcon.colcon_core.package_identification:_identify(src) by extensions ['python_setup_py']
[0.281s] Level 1:colcon.colcon_core.package_identification:_identify(src) by extension 'python_setup_py'
[0.281s] Level 1:colcon.colcon_core.package_identification:_identify(src/chassis) by extensions ['ignore', 'ignore_ament_install']
[0.281s] Level 1:colcon.colcon_core.package_identification:_identify(src/chassis) by extension 'ignore'
[0.281s] Level 1:colcon.colcon_core.package_identification:_identify(src/chassis) by extension 'ignore_ament_install'
[0.281s] Level 1:colcon.colcon_core.package_identification:_identify(src/chassis) by extensions ['colcon_pkg']
[0.281s] Level 1:colcon.colcon_core.package_identification:_identify(src/chassis) by extension 'colcon_pkg'
[0.281s] Level 1:colcon.colcon_core.package_identification:_identify(src/chassis) by extensions ['colcon_meta']
[0.281s] Level 1:colcon.colcon_core.package_identification:_identify(src/chassis) by extension 'colcon_meta'
[0.281s] Level 1:colcon.colcon_core.package_identification:_identify(src/chassis) by extensions ['ros']
[0.281s] Level 1:colcon.colcon_core.package_identification:_identify(src/chassis) by extension 'ros'
[0.286s] DEBUG:colcon.colcon_core.package_identification:Package 'src/chassis' with type 'ros.ament_cmake' and name 'chassis'
[0.286s] Level 1:colcon.colcon_core.package_identification:_identify(src/robstride_actuator_bridge) by extensions ['ignore', 'ignore_ament_install']
[0.286s] Level 1:colcon.colcon_core.package_identification:_identify(src/robstride_actuator_bridge) by extension 'ignore'
[0.286s] Level 1:colcon.colcon_core.package_identification:_identify(src/robstride_actuator_bridge) by extension 'ignore_ament_install'
[0.287s] Level 1:colcon.colcon_core.package_identification:_identify(src/robstride_actuator_bridge) by extensions ['colcon_pkg']
[0.287s] Level 1:colcon.colcon_core.package_identification:_identify(src/robstride_actuator_bridge) by extension 'colcon_pkg'
[0.287s] Level 1:colcon.colcon_core.package_identification:_identify(src/robstride_actuator_bridge) by extensions ['colcon_meta']
[0.287s] Level 1:colcon.colcon_core.package_identification:_identify(src/robstride_actuator_bridge) by extension 'colcon_meta'
[0.287s] Level 1:colcon.colcon_core.package_identification:_identify(src/robstride_actuator_bridge) by extensions ['ros']
[0.287s] Level 1:colcon.colcon_core.package_identification:_identify(src/robstride_actuator_bridge) by extension 'ros'
[0.288s] DEBUG:colcon.colcon_core.package_identification:Package 'src/robstride_actuator_bridge' with type 'ros.ament_cmake' and name 'motor_control'
[0.288s] Level 1:colcon.colcon_core.package_identification:_identify(src/svtrobo_4ws) by extensions ['ignore', 'ignore_ament_install']
[0.289s] Level 1:colcon.colcon_core.package_identification:_identify(src/svtrobo_4ws) by extension 'ignore'
[0.289s] Level 1:colcon.colcon_core.package_identification:_identify(src/svtrobo_4ws) by extension 'ignore_ament_install'
[0.289s] Level 1:colcon.colcon_core.package_identification:_identify(src/svtrobo_4ws) by extensions ['colcon_pkg']
[0.289s] Level 1:colcon.colcon_core.package_identification:_identify(src/svtrobo_4ws) by extension 'colcon_pkg'
[0.289s] Level 1:colcon.colcon_core.package_identification:_identify(src/svtrobo_4ws) by extensions ['colcon_meta']
[0.289s] Level 1:colcon.colcon_core.package_identification:_identify(src/svtrobo_4ws) by extension 'colcon_meta'
[0.289s] Level 1:colcon.colcon_core.package_identification:_identify(src/svtrobo_4ws) by extensions ['ros']
[0.289s] Level 1:colcon.colcon_core.package_identification:_identify(src/svtrobo_4ws) by extension 'ros'
[0.290s] DEBUG:colcon.colcon_core.package_identification:Package 'src/svtrobo_4ws' with type 'ros.ament_cmake' and name 'svtrobo_4ws'
[0.290s] Level 1:colcon.colcon_core.package_discovery:discover_packages(recursive) using defaults
[0.290s] Level 1:colcon.colcon_core.package_discovery:discover_packages(ignore) discover
[0.290s] Level 1:colcon.colcon_core.package_discovery:discover_packages(ignore) using defaults
[0.290s] Level 1:colcon.colcon_core.package_discovery:discover_packages(path) discover
[0.290s] Level 1:colcon.colcon_core.package_discovery:discover_packages(path) using defaults
[0.330s] Level 1:colcon.colcon_core.package_discovery:discover_packages(prefix_path) check parameters
[0.330s] Level 1:colcon.colcon_core.package_discovery:discover_packages(prefix_path) discover
[0.333s] DEBUG:colcon.colcon_installed_package_information.package_discovery:Found 8 installed packages in /home/openarm/ros2_ws/install
[0.335s] DEBUG:colcon.colcon_installed_package_information.package_discovery:Found 364 installed packages in /opt/ros/humble
[0.338s] Level 1:colcon.colcon_core.package_discovery:discover_packages(prefix_path) using defaults
[0.422s] Level 5:colcon.colcon_core.verb:set package 'chassis' build argument 'cmake_args' from command line to 'None'
[0.422s] Level 5:colcon.colcon_core.verb:set package 'chassis' build argument 'cmake_target' from command line to 'None'
[0.422s] Level 5:colcon.colcon_core.verb:set package 'chassis' build argument 'cmake_target_skip_unavailable' from command line to 'False'
[0.423s] Level 5:colcon.colcon_core.verb:set package 'chassis' build argument 'cmake_clean_cache' from command line to 'False'
[0.423s] Level 5:colcon.colcon_core.verb:set package 'chassis' build argument 'cmake_clean_first' from command line to 'False'
[0.423s] Level 5:colcon.colcon_core.verb:set package 'chassis' build argument 'cmake_force_configure' from command line to 'False'
[0.423s] Level 5:colcon.colcon_core.verb:set package 'chassis' build argument 'ament_cmake_args' from command line to 'None'
[0.423s] Level 5:colcon.colcon_core.verb:set package 'chassis' build argument 'catkin_cmake_args' from command line to 'None'
[0.423s] Level 5:colcon.colcon_core.verb:set package 'chassis' build argument 'catkin_skip_building_tests' from command line to 'False'
[0.423s] DEBUG:colcon.colcon_core.verb:Building package 'chassis' with the following arguments: {'ament_cmake_args': None, 'build_base': '/home/openarm/svtrobo_ws/build/chassis', 'catkin_cmake_args': None, 'catkin_skip_building_tests': False, 'cmake_args': None, 'cmake_clean_cache': False, 'cmake_clean_first': False, 'cmake_force_configure': False, 'cmake_target': None, 'cmake_target_skip_unavailable': False, 'install_base': '/home/openarm/svtrobo_ws/install/chassis', 'merge_install': False, 'path': '/home/openarm/svtrobo_ws/src/chassis', 'symlink_install': False, 'test_result_base': None}
[0.423s] Level 5:colcon.colcon_core.verb:set package 'motor_control' build argument 'cmake_args' from command line to 'None'
[0.423s] Level 5:colcon.colcon_core.verb:set package 'motor_control' build argument 'cmake_target' from command line to 'None'
[0.423s] Level 5:colcon.colcon_core.verb:set package 'motor_control' build argument 'cmake_target_skip_unavailable' from command line to 'False'
[0.423s] Level 5:colcon.colcon_core.verb:set package 'motor_control' build argument 'cmake_clean_cache' from command line to 'False'
[0.423s] Level 5:colcon.colcon_core.verb:set package 'motor_control' build argument 'cmake_clean_first' from command line to 'False'
[0.424s] Level 5:colcon.colcon_core.verb:set package 'motor_control' build argument 'cmake_force_configure' from command line to 'False'
[0.424s] Level 5:colcon.colcon_core.verb:set package 'motor_control' build argument 'ament_cmake_args' from command line to 'None'
[0.424s] Level 5:colcon.colcon_core.verb:set package 'motor_control' build argument 'catkin_cmake_args' from command line to 'None'
[0.424s] Level 5:colcon.colcon_core.verb:set package 'motor_control' build argument 'catkin_skip_building_tests' from command line to 'False'
[0.424s] DEBUG:colcon.colcon_core.verb:Building package 'motor_control' with the following arguments: {'ament_cmake_args': None, 'build_base': '/home/openarm/svtrobo_ws/build/motor_control', 'catkin_cmake_args': None, 'catkin_skip_building_tests': False, 'cmake_args': None, 'cmake_clean_cache': False, 'cmake_clean_first': False, 'cmake_force_configure': False, 'cmake_target': None, 'cmake_target_skip_unavailable': False, 'install_base': '/home/openarm/svtrobo_ws/install/motor_control', 'merge_install': False, 'path': '/home/openarm/svtrobo_ws/src/robstride_actuator_bridge', 'symlink_install': False, 'test_result_base': None}
[0.424s] Level 5:colcon.colcon_core.verb:set package 'svtrobo_4ws' build argument 'cmake_args' from command line to 'None'
[0.424s] Level 5:colcon.colcon_core.verb:set package 'svtrobo_4ws' build argument 'cmake_target' from command line to 'None'
[0.424s] Level 5:colcon.colcon_core.verb:set package 'svtrobo_4ws' build argument 'cmake_target_skip_unavailable' from command line to 'False'
[0.424s] Level 5:colcon.colcon_core.verb:set package 'svtrobo_4ws' build argument 'cmake_clean_cache' from command line to 'False'
[0.424s] Level 5:colcon.colcon_core.verb:set package 'svtrobo_4ws' build argument 'cmake_clean_first' from command line to 'False'
[0.424s] Level 5:colcon.colcon_core.verb:set package 'svtrobo_4ws' build argument 'cmake_force_configure' from command line to 'False'
[0.424s] Level 5:colcon.colcon_core.verb:set package 'svtrobo_4ws' build argument 'ament_cmake_args' from command line to 'None'
[0.424s] Level 5:colcon.colcon_core.verb:set package 'svtrobo_4ws' build argument 'catkin_cmake_args' from command line to 'None'
[0.424s] Level 5:colcon.colcon_core.verb:set package 'svtrobo_4ws' build argument 'catkin_skip_building_tests' from command line to 'False'
[0.425s] DEBUG:colcon.colcon_core.verb:Building package 'svtrobo_4ws' with the following arguments: {'ament_cmake_args': None, 'build_base': '/home/openarm/svtrobo_ws/build/svtrobo_4ws', 'catkin_cmake_args': None, 'catkin_skip_building_tests': False, 'cmake_args': None, 'cmake_clean_cache': False, 'cmake_clean_first': False, 'cmake_force_configure': False, 'cmake_target': None, 'cmake_target_skip_unavailable': False, 'install_base': '/home/openarm/svtrobo_ws/install/svtrobo_4ws', 'merge_install': False, 'path': '/home/openarm/svtrobo_ws/src/svtrobo_4ws', 'symlink_install': False, 'test_result_base': None}
[0.425s] INFO:colcon.colcon_core.executor:Executing jobs using 'parallel' executor
[0.426s] DEBUG:colcon.colcon_parallel_executor.executor.parallel:run_until_complete
[0.427s] INFO:colcon.colcon_ros.task.ament_cmake.build:Building ROS package in '/home/openarm/svtrobo_ws/src/chassis' with build type 'ament_cmake'
[0.427s] INFO:colcon.colcon_cmake.task.cmake.build:Building CMake package in '/home/openarm/svtrobo_ws/src/chassis'
[0.431s] INFO:colcon.colcon_core.plugin_system:Skipping extension 'colcon_core.shell.bat': Not used on non-Windows systems
[0.432s] INFO:colcon.colcon_core.shell:Skip shell extension 'powershell' for command environment: Not usable outside of PowerShell
[0.432s] DEBUG:colcon.colcon_core.shell:Skip shell extension 'dsv' for command environment
[0.439s] INFO:colcon.colcon_ros.task.ament_cmake.build:Building ROS package in '/home/openarm/svtrobo_ws/src/robstride_actuator_bridge' with build type 'ament_cmake'
[0.439s] INFO:colcon.colcon_cmake.task.cmake.build:Building CMake package in '/home/openarm/svtrobo_ws/src/robstride_actuator_bridge'
[0.440s] INFO:colcon.colcon_core.shell:Skip shell extension 'powershell' for command environment: Not usable outside of PowerShell
[0.440s] DEBUG:colcon.colcon_core.shell:Skip shell extension 'dsv' for command environment
[0.446s] INFO:colcon.colcon_ros.task.ament_cmake.build:Building ROS package in '/home/openarm/svtrobo_ws/src/svtrobo_4ws' with build type 'ament_cmake'
[0.447s] INFO:colcon.colcon_cmake.task.cmake.build:Building CMake package in '/home/openarm/svtrobo_ws/src/svtrobo_4ws'
[0.447s] INFO:colcon.colcon_core.shell:Skip shell extension 'powershell' for command environment: Not usable outside of PowerShell
[0.447s] DEBUG:colcon.colcon_core.shell:Skip shell extension 'dsv' for command environment
[0.469s] DEBUG:colcon.colcon_core.event_handler.log_command:Invoking command in '/home/openarm/svtrobo_ws/build/chassis': CMAKE_PREFIX_PATH=${CMAKE_PREFIX_PATH}:/home/openarm/ros2_ws/install/qnbot_teleoperator:/opt/ros/humble /usr/bin/cmake --build /home/openarm/svtrobo_ws/build/chassis -- -j4 -l4
[0.482s] DEBUG:colcon.colcon_core.event_handler.log_command:Invoking command in '/home/openarm/svtrobo_ws/build/motor_control': CMAKE_PREFIX_PATH=${CMAKE_PREFIX_PATH}:/home/openarm/ros2_ws/install/qnbot_teleoperator:/opt/ros/humble /usr/bin/cmake --build /home/openarm/svtrobo_ws/build/motor_control -- -j4 -l4
[0.494s] DEBUG:colcon.colcon_core.event_handler.log_command:Invoking command in '/home/openarm/svtrobo_ws/build/svtrobo_4ws': CMAKE_PREFIX_PATH=${CMAKE_PREFIX_PATH}:/home/openarm/ros2_ws/install/qnbot_teleoperator:/opt/ros/humble /usr/bin/cmake --build /home/openarm/svtrobo_ws/build/svtrobo_4ws -- -j4 -l4
[0.597s] DEBUG:colcon.colcon_core.event_handler.log_command:Invoked command in '/home/openarm/svtrobo_ws/build/chassis' returned '0': CMAKE_PREFIX_PATH=${CMAKE_PREFIX_PATH}:/home/openarm/ros2_ws/install/qnbot_teleoperator:/opt/ros/humble /usr/bin/cmake --build /home/openarm/svtrobo_ws/build/chassis -- -j4 -l4
[0.648s] DEBUG:colcon.colcon_core.event_handler.log_command:Invoking command in '/home/openarm/svtrobo_ws/build/chassis': CMAKE_PREFIX_PATH=${CMAKE_PREFIX_PATH}:/home/openarm/ros2_ws/install/qnbot_teleoperator:/opt/ros/humble /usr/bin/cmake --install /home/openarm/svtrobo_ws/build/chassis
[0.694s] Level 1:colcon.colcon_core.environment:create_environment_scripts_only(chassis)
[0.712s] DEBUG:colcon.colcon_core.event_handler.log_command:Invoked command in '/home/openarm/svtrobo_ws/build/chassis' returned '0': CMAKE_PREFIX_PATH=${CMAKE_PREFIX_PATH}:/home/openarm/ros2_ws/install/qnbot_teleoperator:/opt/ros/humble /usr/bin/cmake --install /home/openarm/svtrobo_ws/build/chassis
[0.714s] Level 1:colcon.colcon_core.environment:checking '/home/openarm/svtrobo_ws/install/chassis' for CMake module files
[0.719s] Level 1:colcon.colcon_core.environment:checking '/home/openarm/svtrobo_ws/install/chassis' for CMake config files
[0.719s] Level 1:colcon.colcon_core.shell:create_environment_hook('chassis', 'cmake_prefix_path')
[0.726s] INFO:colcon.colcon_core.shell:Creating environment hook '/home/openarm/svtrobo_ws/install/chassis/share/chassis/hook/cmake_prefix_path.ps1'
[0.729s] INFO:colcon.colcon_core.shell:Creating environment descriptor '/home/openarm/svtrobo_ws/install/chassis/share/chassis/hook/cmake_prefix_path.dsv'
[0.734s] INFO:colcon.colcon_core.shell:Creating environment hook '/home/openarm/svtrobo_ws/install/chassis/share/chassis/hook/cmake_prefix_path.sh'
[0.744s] Level 1:colcon.colcon_core.environment:checking '/home/openarm/svtrobo_ws/install/chassis/bin'
[0.744s] Level 1:colcon.colcon_core.environment:checking '/home/openarm/svtrobo_ws/install/chassis/lib/pkgconfig/chassis.pc'
[0.745s] Level 1:colcon.colcon_core.environment:checking '/home/openarm/svtrobo_ws/install/chassis/lib/python3.10/site-packages'
[0.746s] Level 1:colcon.colcon_core.environment:checking '/home/openarm/svtrobo_ws/install/chassis/bin'
[0.747s] INFO:colcon.colcon_core.shell:Creating package script '/home/openarm/svtrobo_ws/install/chassis/share/chassis/package.ps1'
[0.753s] INFO:colcon.colcon_core.shell:Creating package descriptor '/home/openarm/svtrobo_ws/install/chassis/share/chassis/package.dsv'
[0.758s] INFO:colcon.colcon_core.shell:Creating package script '/home/openarm/svtrobo_ws/install/chassis/share/chassis/package.sh'
[0.764s] INFO:colcon.colcon_core.shell:Creating package script '/home/openarm/svtrobo_ws/install/chassis/share/chassis/package.bash'
[0.769s] INFO:colcon.colcon_core.shell:Creating package script '/home/openarm/svtrobo_ws/install/chassis/share/chassis/package.zsh'
[0.772s] Level 1:colcon.colcon_core.environment:create_file_with_runtime_dependencies(/home/openarm/svtrobo_ws/install/chassis/share/colcon-core/packages/chassis)
[0.774s] Level 1:colcon.colcon_core.environment:create_environment_scripts_only(chassis)
[0.775s] Level 1:colcon.colcon_core.environment:checking '/home/openarm/svtrobo_ws/install/chassis' for CMake module files
[0.777s] Level 1:colcon.colcon_core.environment:checking '/home/openarm/svtrobo_ws/install/chassis' for CMake config files
[0.778s] Level 1:colcon.colcon_core.shell:create_environment_hook('chassis', 'cmake_prefix_path')
[0.780s] INFO:colcon.colcon_core.shell:Creating environment hook '/home/openarm/svtrobo_ws/install/chassis/share/chassis/hook/cmake_prefix_path.ps1'
[0.782s] INFO:colcon.colcon_core.shell:Creating environment descriptor '/home/openarm/svtrobo_ws/install/chassis/share/chassis/hook/cmake_prefix_path.dsv'
[0.782s] INFO:colcon.colcon_core.shell:Creating environment hook '/home/openarm/svtrobo_ws/install/chassis/share/chassis/hook/cmake_prefix_path.sh'
[0.795s] Level 1:colcon.colcon_core.environment:checking '/home/openarm/svtrobo_ws/install/chassis/bin'
[0.796s] Level 1:colcon.colcon_core.environment:checking '/home/openarm/svtrobo_ws/install/chassis/lib/pkgconfig/chassis.pc'
[0.797s] Level 1:colcon.colcon_core.environment:checking '/home/openarm/svtrobo_ws/install/chassis/lib/python3.10/site-packages'
[0.806s] Level 1:colcon.colcon_core.environment:checking '/home/openarm/svtrobo_ws/install/chassis/bin'
[0.807s] INFO:colcon.colcon_core.shell:Creating package script '/home/openarm/svtrobo_ws/install/chassis/share/chassis/package.ps1'
[0.811s] INFO:colcon.colcon_core.shell:Creating package descriptor '/home/openarm/svtrobo_ws/install/chassis/share/chassis/package.dsv'
[0.815s] INFO:colcon.colcon_core.shell:Creating package script '/home/openarm/svtrobo_ws/install/chassis/share/chassis/package.sh'
[0.816s] INFO:colcon.colcon_core.shell:Creating package script '/home/openarm/svtrobo_ws/install/chassis/share/chassis/package.bash'
[0.820s] INFO:colcon.colcon_core.shell:Creating package script '/home/openarm/svtrobo_ws/install/chassis/share/chassis/package.zsh'
[0.821s] Level 1:colcon.colcon_core.environment:create_file_with_runtime_dependencies(/home/openarm/svtrobo_ws/install/chassis/share/colcon-core/packages/chassis)
[0.830s] DEBUG:colcon.colcon_core.event_handler.log_command:Invoked command in '/home/openarm/svtrobo_ws/build/svtrobo_4ws' returned '0': CMAKE_PREFIX_PATH=${CMAKE_PREFIX_PATH}:/home/openarm/ros2_ws/install/qnbot_teleoperator:/opt/ros/humble /usr/bin/cmake --build /home/openarm/svtrobo_ws/build/svtrobo_4ws -- -j4 -l4
[0.832s] DEBUG:colcon.colcon_core.event_handler.log_command:Invoking command in '/home/openarm/svtrobo_ws/build/svtrobo_4ws': CMAKE_PREFIX_PATH=${CMAKE_PREFIX_PATH}:/home/openarm/ros2_ws/install/qnbot_teleoperator:/opt/ros/humble /usr/bin/cmake --install /home/openarm/svtrobo_ws/build/svtrobo_4ws
[0.880s] Level 1:colcon.colcon_core.environment:create_environment_scripts_only(svtrobo_4ws)
[0.881s] Level 1:colcon.colcon_core.environment:checking '/home/openarm/svtrobo_ws/install/svtrobo_4ws' for CMake module files
[0.883s] Level 1:colcon.colcon_core.environment:checking '/home/openarm/svtrobo_ws/install/svtrobo_4ws' for CMake config files
[0.887s] Level 1:colcon.colcon_core.shell:create_environment_hook('svtrobo_4ws', 'cmake_prefix_path')
[0.888s] INFO:colcon.colcon_core.shell:Creating environment hook '/home/openarm/svtrobo_ws/install/svtrobo_4ws/share/svtrobo_4ws/hook/cmake_prefix_path.ps1'
[0.889s] INFO:colcon.colcon_core.shell:Creating environment descriptor '/home/openarm/svtrobo_ws/install/svtrobo_4ws/share/svtrobo_4ws/hook/cmake_prefix_path.dsv'
[0.893s] DEBUG:colcon.colcon_core.event_handler.log_command:Invoked command in '/home/openarm/svtrobo_ws/build/svtrobo_4ws' returned '0': CMAKE_PREFIX_PATH=${CMAKE_PREFIX_PATH}:/home/openarm/ros2_ws/install/qnbot_teleoperator:/opt/ros/humble /usr/bin/cmake --install /home/openarm/svtrobo_ws/build/svtrobo_4ws
[0.894s] INFO:colcon.colcon_core.shell:Creating environment hook '/home/openarm/svtrobo_ws/install/svtrobo_4ws/share/svtrobo_4ws/hook/cmake_prefix_path.sh'
[0.896s] Level 1:colcon.colcon_core.environment:checking '/home/openarm/svtrobo_ws/install/svtrobo_4ws/lib'
[0.897s] Level 1:colcon.colcon_core.environment:checking '/home/openarm/svtrobo_ws/install/svtrobo_4ws/bin'
[0.897s] Level 1:colcon.colcon_core.environment:checking '/home/openarm/svtrobo_ws/install/svtrobo_4ws/lib/pkgconfig/svtrobo_4ws.pc'
[0.897s] Level 1:colcon.colcon_core.environment:checking '/home/openarm/svtrobo_ws/install/svtrobo_4ws/lib/python3.10/site-packages'
[0.899s] Level 1:colcon.colcon_core.environment:checking '/home/openarm/svtrobo_ws/install/svtrobo_4ws/bin'
[0.900s] INFO:colcon.colcon_core.shell:Creating package script '/home/openarm/svtrobo_ws/install/svtrobo_4ws/share/svtrobo_4ws/package.ps1'
[0.901s] INFO:colcon.colcon_core.shell:Creating package descriptor '/home/openarm/svtrobo_ws/install/svtrobo_4ws/share/svtrobo_4ws/package.dsv'
[0.903s] INFO:colcon.colcon_core.shell:Creating package script '/home/openarm/svtrobo_ws/install/svtrobo_4ws/share/svtrobo_4ws/package.sh'
[0.904s] INFO:colcon.colcon_core.shell:Creating package script '/home/openarm/svtrobo_ws/install/svtrobo_4ws/share/svtrobo_4ws/package.bash'
[0.905s] INFO:colcon.colcon_core.shell:Creating package script '/home/openarm/svtrobo_ws/install/svtrobo_4ws/share/svtrobo_4ws/package.zsh'
[0.906s] Level 1:colcon.colcon_core.environment:create_file_with_runtime_dependencies(/home/openarm/svtrobo_ws/install/svtrobo_4ws/share/colcon-core/packages/svtrobo_4ws)
[0.908s] Level 1:colcon.colcon_core.environment:create_environment_scripts_only(svtrobo_4ws)
[0.909s] Level 1:colcon.colcon_core.environment:checking '/home/openarm/svtrobo_ws/install/svtrobo_4ws' for CMake module files
[0.911s] Level 1:colcon.colcon_core.environment:checking '/home/openarm/svtrobo_ws/install/svtrobo_4ws' for CMake config files
[0.911s] Level 1:colcon.colcon_core.shell:create_environment_hook('svtrobo_4ws', 'cmake_prefix_path')
[0.912s] INFO:colcon.colcon_core.shell:Creating environment hook '/home/openarm/svtrobo_ws/install/svtrobo_4ws/share/svtrobo_4ws/hook/cmake_prefix_path.ps1'
[0.914s] INFO:colcon.colcon_core.shell:Creating environment descriptor '/home/openarm/svtrobo_ws/install/svtrobo_4ws/share/svtrobo_4ws/hook/cmake_prefix_path.dsv'
[0.916s] INFO:colcon.colcon_core.shell:Creating environment hook '/home/openarm/svtrobo_ws/install/svtrobo_4ws/share/svtrobo_4ws/hook/cmake_prefix_path.sh'
[0.928s] Level 1:colcon.colcon_core.environment:checking '/home/openarm/svtrobo_ws/install/svtrobo_4ws/lib'
[0.928s] Level 1:colcon.colcon_core.environment:checking '/home/openarm/svtrobo_ws/install/svtrobo_4ws/bin'
[0.929s] Level 1:colcon.colcon_core.environment:checking '/home/openarm/svtrobo_ws/install/svtrobo_4ws/lib/pkgconfig/svtrobo_4ws.pc'
[0.929s] Level 1:colcon.colcon_core.environment:checking '/home/openarm/svtrobo_ws/install/svtrobo_4ws/lib/python3.10/site-packages'
[0.933s] Level 1:colcon.colcon_core.environment:checking '/home/openarm/svtrobo_ws/install/svtrobo_4ws/bin'
[0.934s] INFO:colcon.colcon_core.shell:Creating package script '/home/openarm/svtrobo_ws/install/svtrobo_4ws/share/svtrobo_4ws/package.ps1'
[0.937s] INFO:colcon.colcon_core.shell:Creating package descriptor '/home/openarm/svtrobo_ws/install/svtrobo_4ws/share/svtrobo_4ws/package.dsv'
[0.939s] INFO:colcon.colcon_core.shell:Creating package script '/home/openarm/svtrobo_ws/install/svtrobo_4ws/share/svtrobo_4ws/package.sh'
[0.940s] INFO:colcon.colcon_core.shell:Creating package script '/home/openarm/svtrobo_ws/install/svtrobo_4ws/share/svtrobo_4ws/package.bash'
[0.941s] INFO:colcon.colcon_core.shell:Creating package script '/home/openarm/svtrobo_ws/install/svtrobo_4ws/share/svtrobo_4ws/package.zsh'
[0.942s] Level 1:colcon.colcon_core.environment:create_file_with_runtime_dependencies(/home/openarm/svtrobo_ws/install/svtrobo_4ws/share/colcon-core/packages/svtrobo_4ws)
[1.570s] DEBUG:colcon.colcon_core.event_handler.log_command:Invoked command in '/home/openarm/svtrobo_ws/build/motor_control' returned '0': CMAKE_PREFIX_PATH=${CMAKE_PREFIX_PATH}:/home/openarm/ros2_ws/install/qnbot_teleoperator:/opt/ros/humble /usr/bin/cmake --build /home/openarm/svtrobo_ws/build/motor_control -- -j4 -l4
[1.574s] DEBUG:colcon.colcon_core.event_handler.log_command:Invoking command in '/home/openarm/svtrobo_ws/build/motor_control': CMAKE_PREFIX_PATH=${CMAKE_PREFIX_PATH}:/home/openarm/ros2_ws/install/qnbot_teleoperator:/opt/ros/humble /usr/bin/cmake --install /home/openarm/svtrobo_ws/build/motor_control
[1.711s] Level 1:colcon.colcon_core.environment:create_environment_scripts_only(motor_control)
[1.712s] Level 1:colcon.colcon_core.environment:checking '/home/openarm/svtrobo_ws/install/motor_control' for CMake module files
[1.713s] DEBUG:colcon.colcon_core.event_handler.log_command:Invoked command in '/home/openarm/svtrobo_ws/build/motor_control' returned '0': CMAKE_PREFIX_PATH=${CMAKE_PREFIX_PATH}:/home/openarm/ros2_ws/install/qnbot_teleoperator:/opt/ros/humble /usr/bin/cmake --install /home/openarm/svtrobo_ws/build/motor_control
[1.714s] Level 1:colcon.colcon_core.environment:checking '/home/openarm/svtrobo_ws/install/motor_control' for CMake config files
[1.715s] Level 1:colcon.colcon_core.shell:create_environment_hook('motor_control', 'cmake_prefix_path')
[1.715s] INFO:colcon.colcon_core.shell:Creating environment hook '/home/openarm/svtrobo_ws/install/motor_control/share/motor_control/hook/cmake_prefix_path.ps1'
[1.716s] INFO:colcon.colcon_core.shell:Creating environment descriptor '/home/openarm/svtrobo_ws/install/motor_control/share/motor_control/hook/cmake_prefix_path.dsv'
[1.716s] INFO:colcon.colcon_core.shell:Creating environment hook '/home/openarm/svtrobo_ws/install/motor_control/share/motor_control/hook/cmake_prefix_path.sh'
[1.718s] Level 1:colcon.colcon_core.environment:checking '/home/openarm/svtrobo_ws/install/motor_control/lib'
[1.718s] Level 1:colcon.colcon_core.shell:create_environment_hook('motor_control', 'ld_library_path_lib')
[1.718s] INFO:colcon.colcon_core.shell:Creating environment hook '/home/openarm/svtrobo_ws/install/motor_control/share/motor_control/hook/ld_library_path_lib.ps1'
[1.719s] INFO:colcon.colcon_core.shell:Creating environment descriptor '/home/openarm/svtrobo_ws/install/motor_control/share/motor_control/hook/ld_library_path_lib.dsv'
[1.720s] INFO:colcon.colcon_core.shell:Creating environment hook '/home/openarm/svtrobo_ws/install/motor_control/share/motor_control/hook/ld_library_path_lib.sh'
[1.721s] Level 1:colcon.colcon_core.environment:checking '/home/openarm/svtrobo_ws/install/motor_control/bin'
[1.721s] Level 1:colcon.colcon_core.environment:checking '/home/openarm/svtrobo_ws/install/motor_control/lib/pkgconfig/motor_control.pc'
[1.721s] Level 1:colcon.colcon_core.environment:checking '/home/openarm/svtrobo_ws/install/motor_control/lib/python3.10/site-packages'
[1.722s] Level 1:colcon.colcon_core.environment:checking '/home/openarm/svtrobo_ws/install/motor_control/bin'
[1.722s] INFO:colcon.colcon_core.shell:Creating package script '/home/openarm/svtrobo_ws/install/motor_control/share/motor_control/package.ps1'
[1.723s] INFO:colcon.colcon_core.shell:Creating package descriptor '/home/openarm/svtrobo_ws/install/motor_control/share/motor_control/package.dsv'
[1.724s] INFO:colcon.colcon_core.shell:Creating package script '/home/openarm/svtrobo_ws/install/motor_control/share/motor_control/package.sh'
[1.725s] INFO:colcon.colcon_core.shell:Creating package script '/home/openarm/svtrobo_ws/install/motor_control/share/motor_control/package.bash'
[1.726s] INFO:colcon.colcon_core.shell:Creating package script '/home/openarm/svtrobo_ws/install/motor_control/share/motor_control/package.zsh'
[1.727s] Level 1:colcon.colcon_core.environment:create_file_with_runtime_dependencies(/home/openarm/svtrobo_ws/install/motor_control/share/colcon-core/packages/motor_control)
[1.728s] Level 1:colcon.colcon_core.environment:create_environment_scripts_only(motor_control)
[1.729s] Level 1:colcon.colcon_core.environment:checking '/home/openarm/svtrobo_ws/install/motor_control' for CMake module files
[1.731s] Level 1:colcon.colcon_core.environment:checking '/home/openarm/svtrobo_ws/install/motor_control' for CMake config files
[1.732s] Level 1:colcon.colcon_core.shell:create_environment_hook('motor_control', 'cmake_prefix_path')
[1.732s] INFO:colcon.colcon_core.shell:Creating environment hook '/home/openarm/svtrobo_ws/install/motor_control/share/motor_control/hook/cmake_prefix_path.ps1'
[1.733s] INFO:colcon.colcon_core.shell:Creating environment descriptor '/home/openarm/svtrobo_ws/install/motor_control/share/motor_control/hook/cmake_prefix_path.dsv'
[1.734s] INFO:colcon.colcon_core.shell:Creating environment hook '/home/openarm/svtrobo_ws/install/motor_control/share/motor_control/hook/cmake_prefix_path.sh'
[1.736s] Level 1:colcon.colcon_core.environment:checking '/home/openarm/svtrobo_ws/install/motor_control/lib'
[1.737s] Level 1:colcon.colcon_core.shell:create_environment_hook('motor_control', 'ld_library_path_lib')
[1.737s] INFO:colcon.colcon_core.shell:Creating environment hook '/home/openarm/svtrobo_ws/install/motor_control/share/motor_control/hook/ld_library_path_lib.ps1'
[1.739s] INFO:colcon.colcon_core.shell:Creating environment descriptor '/home/openarm/svtrobo_ws/install/motor_control/share/motor_control/hook/ld_library_path_lib.dsv'
[1.740s] INFO:colcon.colcon_core.shell:Creating environment hook '/home/openarm/svtrobo_ws/install/motor_control/share/motor_control/hook/ld_library_path_lib.sh'
[1.741s] Level 1:colcon.colcon_core.environment:checking '/home/openarm/svtrobo_ws/install/motor_control/bin'
[1.741s] Level 1:colcon.colcon_core.environment:checking '/home/openarm/svtrobo_ws/install/motor_control/lib/pkgconfig/motor_control.pc'
[1.742s] Level 1:colcon.colcon_core.environment:checking '/home/openarm/svtrobo_ws/install/motor_control/lib/python3.10/site-packages'
[1.742s] Level 1:colcon.colcon_core.environment:checking '/home/openarm/svtrobo_ws/install/motor_control/bin'
[1.743s] INFO:colcon.colcon_core.shell:Creating package script '/home/openarm/svtrobo_ws/install/motor_control/share/motor_control/package.ps1'
[1.744s] INFO:colcon.colcon_core.shell:Creating package descriptor '/home/openarm/svtrobo_ws/install/motor_control/share/motor_control/package.dsv'
[1.745s] INFO:colcon.colcon_core.shell:Creating package script '/home/openarm/svtrobo_ws/install/motor_control/share/motor_control/package.sh'
[1.746s] INFO:colcon.colcon_core.shell:Creating package script '/home/openarm/svtrobo_ws/install/motor_control/share/motor_control/package.bash'
[1.746s] INFO:colcon.colcon_core.shell:Creating package script '/home/openarm/svtrobo_ws/install/motor_control/share/motor_control/package.zsh'
[1.747s] Level 1:colcon.colcon_core.environment:create_file_with_runtime_dependencies(/home/openarm/svtrobo_ws/install/motor_control/share/colcon-core/packages/motor_control)
[1.747s] DEBUG:colcon.colcon_parallel_executor.executor.parallel:closing loop
[1.748s] DEBUG:colcon.colcon_parallel_executor.executor.parallel:loop closed
[1.748s] DEBUG:colcon.colcon_parallel_executor.executor.parallel:run_until_complete finished with '0'
[1.748s] DEBUG:colcon.colcon_core.event_reactor:joining thread
[1.757s] INFO:colcon.colcon_core.plugin_system:Skipping extension 'colcon_notification.desktop_notification.terminal_notifier': Not used on non-Darwin systems
[1.757s] INFO:colcon.colcon_core.plugin_system:Skipping extension 'colcon_notification.desktop_notification.win32': Not used on non-Windows systems
[1.757s] INFO:colcon.colcon_notification.desktop_notification:Sending desktop notification using 'notify2'
[1.776s] DEBUG:colcon.colcon_core.event_reactor:joined thread
[1.777s] INFO:colcon.colcon_core.shell:Creating prefix script '/home/openarm/svtrobo_ws/install/local_setup.ps1'
[1.779s] INFO:colcon.colcon_core.shell:Creating prefix util module '/home/openarm/svtrobo_ws/install/_local_setup_util_ps1.py'
[1.805s] INFO:colcon.colcon_core.shell:Creating prefix chain script '/home/openarm/svtrobo_ws/install/setup.ps1'
[1.809s] INFO:colcon.colcon_core.shell:Creating prefix script '/home/openarm/svtrobo_ws/install/local_setup.sh'
[1.813s] INFO:colcon.colcon_core.shell:Creating prefix util module '/home/openarm/svtrobo_ws/install/_local_setup_util_sh.py'
[1.815s] INFO:colcon.colcon_core.shell:Creating prefix chain script '/home/openarm/svtrobo_ws/install/setup.sh'
[1.819s] INFO:colcon.colcon_core.shell:Creating prefix script '/home/openarm/svtrobo_ws/install/local_setup.bash'
[1.820s] INFO:colcon.colcon_core.shell:Creating prefix chain script '/home/openarm/svtrobo_ws/install/setup.bash'
[1.824s] INFO:colcon.colcon_core.shell:Creating prefix script '/home/openarm/svtrobo_ws/install/local_setup.zsh'
[1.825s] INFO:colcon.colcon_core.shell:Creating prefix chain script '/home/openarm/svtrobo_ws/install/setup.zsh'
