[0.021s] Invoking command in '/home/openarm/svtrobo_ws/build/classis_control': CMAKE_PREFIX_PATH=${CMAKE_PREFIX_PATH}:/home/openarm/ros2_ws/install/qnbot_teleoperator:/opt/ros/humble /usr/bin/cmake --build /home/openarm/svtrobo_ws/build/classis_control -- -j4 -l4
[0.111s] [ 42%] Built target classis_control_lib
[0.144s] [35m[1mConsolidate compiler generated dependencies of target classis_control[0m
[0.191s] [ 57%] [32mBuilding CXX object CMakeFiles/classis_control.dir/src/main.cpp.o[0m
[0.191s] [ 85%] Built target lift_control
[16.390s] [100%] [32m[1mLinking CXX executable classis_control[0m
[17.234s] [100%] Built target classis_control
[17.254s] Invoked command in '/home/openarm/svtrobo_ws/build/classis_control' returned '0': CMAKE_PREFIX_PATH=${CMAKE_PREFIX_PATH}:/home/openarm/ros2_ws/install/qnbot_teleoperator:/opt/ros/humble /usr/bin/cmake --build /home/openarm/svtrobo_ws/build/classis_control -- -j4 -l4
[17.272s] Invoking command in '/home/openarm/svtrobo_ws/build/classis_control': CMAKE_PREFIX_PATH=${CMAKE_PREFIX_PATH}:/home/openarm/ros2_ws/install/qnbot_teleoperator:/opt/ros/humble /usr/bin/cmake --install /home/openarm/svtrobo_ws/build/classis_control
[17.283s] -- Install configuration: ""
[17.284s] -- Up-to-date: /home/openarm/svtrobo_ws/install/classis_control/include
[17.284s] -- Up-to-date: /home/openarm/svtrobo_ws/install/classis_control/include/classis_control
[17.284s] -- Up-to-date: /home/openarm/svtrobo_ws/install/classis_control/include/classis_control/wheel_motor.h
[17.284s] -- Up-to-date: /home/openarm/svtrobo_ws/install/classis_control/include/classis_control/steering_motor.h
[17.284s] -- Up-to-date: /home/openarm/svtrobo_ws/install/classis_control/lib/libclassis_control.a
[17.285s] -- Installing: /home/openarm/svtrobo_ws/install/classis_control/lib/classis_control/classis_control
[17.290s] -- Set runtime path of "/home/openarm/svtrobo_ws/install/classis_control/lib/classis_control/classis_control" to ""
[17.291s] -- Up-to-date: /home/openarm/svtrobo_ws/install/classis_control/lib/libclassis_control.a
[17.291s] -- Up-to-date: /home/openarm/svtrobo_ws/install/classis_control/lib/classis_control/lift_control
[17.292s] -- Up-to-date: /home/openarm/svtrobo_ws/install/classis_control/share/classis_control/launch
[17.292s] -- Up-to-date: /home/openarm/svtrobo_ws/install/classis_control/share/classis_control/launch/svtrobo_bringup.launch.py
[17.292s] -- Up-to-date: /home/openarm/svtrobo_ws/install/classis_control/share/ament_index/resource_index/package_run_dependencies/classis_control
[17.293s] -- Up-to-date: /home/openarm/svtrobo_ws/install/classis_control/share/ament_index/resource_index/parent_prefix_path/classis_control
[17.293s] -- Up-to-date: /home/openarm/svtrobo_ws/install/classis_control/share/classis_control/environment/ament_prefix_path.sh
[17.293s] -- Up-to-date: /home/openarm/svtrobo_ws/install/classis_control/share/classis_control/environment/ament_prefix_path.dsv
[17.293s] -- Up-to-date: /home/openarm/svtrobo_ws/install/classis_control/share/classis_control/environment/path.sh
[17.293s] -- Up-to-date: /home/openarm/svtrobo_ws/install/classis_control/share/classis_control/environment/path.dsv
[17.293s] -- Up-to-date: /home/openarm/svtrobo_ws/install/classis_control/share/classis_control/local_setup.bash
[17.294s] -- Up-to-date: /home/openarm/svtrobo_ws/install/classis_control/share/classis_control/local_setup.sh
[17.294s] -- Up-to-date: /home/openarm/svtrobo_ws/install/classis_control/share/classis_control/local_setup.zsh
[17.294s] -- Up-to-date: /home/openarm/svtrobo_ws/install/classis_control/share/classis_control/local_setup.dsv
[17.294s] -- Installing: /home/openarm/svtrobo_ws/install/classis_control/share/classis_control/package.dsv
[17.294s] -- Up-to-date: /home/openarm/svtrobo_ws/install/classis_control/share/ament_index/resource_index/packages/classis_control
[17.294s] -- Up-to-date: /home/openarm/svtrobo_ws/install/classis_control/share/classis_control/cmake/ament_cmake_export_dependencies-extras.cmake
[17.295s] -- Up-to-date: /home/openarm/svtrobo_ws/install/classis_control/share/classis_control/cmake/classis_controlConfig.cmake
[17.295s] -- Up-to-date: /home/openarm/svtrobo_ws/install/classis_control/share/classis_control/cmake/classis_controlConfig-version.cmake
[17.295s] -- Up-to-date: /home/openarm/svtrobo_ws/install/classis_control/share/classis_control/package.xml
[17.298s] Invoked command in '/home/openarm/svtrobo_ws/build/classis_control' returned '0': CMAKE_PREFIX_PATH=${CMAKE_PREFIX_PATH}:/home/openarm/ros2_ws/install/qnbot_teleoperator:/opt/ros/humble /usr/bin/cmake --install /home/openarm/svtrobo_ws/build/classis_control
