[0.031s] Invoking command in '/home/openarm/svtrobo_ws/build/svtrobo_4ws': CMAKE_PREFIX_PATH=${CMAKE_PREFIX_PATH}:/home/openarm/ros2_ws/install/qnbot_teleoperator:/opt/ros/humble /usr/bin/cmake --build /home/openarm/svtrobo_ws/build/svtrobo_4ws -- -j4 -l4
[0.216s] [ 33%] Built target zlac8015d_canopen_node
[0.227s] [ 66%] Built target lift_RS485_control
[0.231s] [100%] Built target zlac8015d_rpm_node
[0.283s] Invoked command in '/home/openarm/svtrobo_ws/build/svtrobo_4ws' returned '0': CMAKE_PREFIX_PATH=${CMAKE_PREFIX_PATH}:/home/openarm/ros2_ws/install/qnbot_teleoperator:/opt/ros/humble /usr/bin/cmake --build /home/openarm/svtrobo_ws/build/svtrobo_4ws -- -j4 -l4
[0.310s] Invoking command in '/home/openarm/svtrobo_ws/build/svtrobo_4ws': CMAKE_PREFIX_PATH=${CMAKE_PREFIX_PATH}:/home/openarm/ros2_ws/install/qnbot_teleoperator:/opt/ros/humble /usr/bin/cmake --install /home/openarm/svtrobo_ws/build/svtrobo_4ws
[0.350s] -- Install configuration: ""
[0.355s] -- Up-to-date: /home/openarm/svtrobo_ws/install/svtrobo_4ws/lib/svtrobo_4ws/zlac8015d_rpm_node
[0.356s] -- Up-to-date: /home/openarm/svtrobo_ws/install/svtrobo_4ws/lib/svtrobo_4ws/zlac8015d_canopen_node
[0.356s] -- Up-to-date: /home/openarm/svtrobo_ws/install/svtrobo_4ws/lib/svtrobo_4ws/lift_RS485_control
[0.357s] -- Up-to-date: /home/openarm/svtrobo_ws/install/svtrobo_4ws/lib/svtrobo_4ws/output_4s.py
[0.357s] -- Up-to-date: /home/openarm/svtrobo_ws/install/svtrobo_4ws/lib/svtrobo_4ws/canfd_init.bash
[0.359s] -- Up-to-date: /home/openarm/svtrobo_ws/install/svtrobo_4ws/share/svtrobo_4ws/launch
[0.359s] -- Up-to-date: /home/openarm/svtrobo_ws/install/svtrobo_4ws/share/svtrobo_4ws/launch/svtrobo_bringup.launch.py
[0.359s] -- Up-to-date: /home/openarm/svtrobo_ws/install/svtrobo_4ws/share/svtrobo_4ws/scripts
[0.361s] -- Up-to-date: /home/openarm/svtrobo_ws/install/svtrobo_4ws/share/svtrobo_4ws/scripts/output_4s.py
[0.361s] -- Up-to-date: /home/openarm/svtrobo_ws/install/svtrobo_4ws/share/svtrobo_4ws/scripts/canfd_init.bash
[0.361s] -- Up-to-date: /home/openarm/svtrobo_ws/install/svtrobo_4ws/share/ament_index/resource_index/package_run_dependencies/svtrobo_4ws
[0.361s] -- Up-to-date: /home/openarm/svtrobo_ws/install/svtrobo_4ws/share/ament_index/resource_index/parent_prefix_path/svtrobo_4ws
[0.362s] -- Up-to-date: /home/openarm/svtrobo_ws/install/svtrobo_4ws/share/svtrobo_4ws/environment/ament_prefix_path.sh
[0.363s] -- Up-to-date: /home/openarm/svtrobo_ws/install/svtrobo_4ws/share/svtrobo_4ws/environment/ament_prefix_path.dsv
[0.363s] -- Up-to-date: /home/openarm/svtrobo_ws/install/svtrobo_4ws/share/svtrobo_4ws/environment/path.sh
[0.364s] -- Up-to-date: /home/openarm/svtrobo_ws/install/svtrobo_4ws/share/svtrobo_4ws/environment/path.dsv
[0.364s] -- Up-to-date: /home/openarm/svtrobo_ws/install/svtrobo_4ws/share/svtrobo_4ws/local_setup.bash
[0.364s] -- Up-to-date: /home/openarm/svtrobo_ws/install/svtrobo_4ws/share/svtrobo_4ws/local_setup.sh
[0.364s] -- Up-to-date: /home/openarm/svtrobo_ws/install/svtrobo_4ws/share/svtrobo_4ws/local_setup.zsh
[0.364s] -- Up-to-date: /home/openarm/svtrobo_ws/install/svtrobo_4ws/share/svtrobo_4ws/local_setup.dsv
[0.364s] -- Installing: /home/openarm/svtrobo_ws/install/svtrobo_4ws/share/svtrobo_4ws/package.dsv
[0.366s] -- Up-to-date: /home/openarm/svtrobo_ws/install/svtrobo_4ws/share/ament_index/resource_index/packages/svtrobo_4ws
[0.368s] -- Up-to-date: /home/openarm/svtrobo_ws/install/svtrobo_4ws/share/svtrobo_4ws/cmake/svtrobo_4wsConfig.cmake
[0.368s] -- Up-to-date: /home/openarm/svtrobo_ws/install/svtrobo_4ws/share/svtrobo_4ws/cmake/svtrobo_4wsConfig-version.cmake
[0.368s] -- Up-to-date: /home/openarm/svtrobo_ws/install/svtrobo_4ws/share/svtrobo_4ws/package.xml
[0.370s] Invoked command in '/home/openarm/svtrobo_ws/build/svtrobo_4ws' returned '0': CMAKE_PREFIX_PATH=${CMAKE_PREFIX_PATH}:/home/openarm/ros2_ws/install/qnbot_teleoperator:/opt/ros/humble /usr/bin/cmake --install /home/openarm/svtrobo_ws/build/svtrobo_4ws
