-- Found ament_cmake: 1.3.12 (/opt/ros/humble/share/ament_cmake/cmake)
-- Found rclcpp: 16.0.16 (/opt/ros/humble/share/rclcpp/cmake)
-- Found rosidl_generator_c: 3.1.7 (/opt/ros/humble/share/rosidl_generator_c/cmake)
-- Found rosidl_adapter: 3.1.7 (/opt/ros/humble/share/rosidl_adapter/cmake)
-- Found rosidl_generator_cpp: 3.1.7 (/opt/ros/humble/share/rosidl_generator_cpp/cmake)
-- Using all available rosidl_typesupport_c: rosidl_typesupport_fastrtps_c;rosidl_typesupport_introspection_c
-- Using all available rosidl_typesupport_cpp: rosidl_typesupport_fastrtps_cpp;rosidl_typesupport_introspection_cpp
-- Found rmw_implementation_cmake: 6.1.2 (/opt/ros/humble/share/rmw_implementation_cmake/cmake)
-- Found rmw_fastrtps_cpp: 6.2.9 (/opt/ros/humble/share/rmw_fastrtps_cpp/cmake)
-- Using RMW implementation 'rmw_fastrtps_cpp' as default
-- Found can_msgs: 2.0.0 (/opt/ros/humble/share/can_msgs/cmake)
-- Found geometry_msgs: 4.9.0 (/opt/ros/humble/share/geometry_msgs/cmake)
-- Found rosidl_default_generators: 1.2.0 (/opt/ros/humble/share/rosidl_default_generators/cmake)
-- Found ament_cmake_ros: 0.10.0 (/opt/ros/humble/share/ament_cmake_ros/cmake)
-- Using all available rosidl_typesupport_c: rosidl_typesupport_fastrtps_c;rosidl_typesupport_introspection_c
-- Using all available rosidl_typesupport_cpp: rosidl_typesupport_fastrtps_cpp;rosidl_typesupport_introspection_cpp
-- Found python_cmake_module: 0.10.0 (/opt/ros/humble/share/python_cmake_module/cmake)
-- Using PYTHON_EXECUTABLE: /usr/bin/python3
-- Using PYTHON_INCLUDE_DIRS: /usr/include/python3.10
-- Using PYTHON_LIBRARIES: /usr/lib/x86_64-linux-gnu/libpython3.10.so
-- Found ament_lint_auto: 0.12.14 (/opt/ros/humble/share/ament_lint_auto/cmake)
-- Added test 'copyright' to check source files copyright and LICENSE
-- Added test 'cppcheck' to perform static code analysis on C / C++ code
-- Configured cppcheck include dirs: /home/openarm/svtrobo_ws/src/robstride_actuator_bridge/include
-- Configured cppcheck exclude dirs and/or files: 
-- Added test 'cpplint' to check C / C++ code against the Google style
-- Configured cpplint exclude dirs and/or files: 
-- Added test 'flake8' to check Python code syntax and style conventions
-- Added test 'lint_cmake' to check CMake code style
-- Added test 'pep257' to check Python code against some of the docstring style conventions in PEP 257
-- Added test 'uncrustify' to check C / C++ code style
-- Configured uncrustify additional arguments: 
-- Added test 'xmllint' to check XML markup files
-- Configuring done
-- Generating done
-- Build files have been written to: /home/openarm/svtrobo_ws/build/motor_control
[35m[1mConsolidate compiler generated dependencies of target motor_control__rosidl_generator_c[0m
[  2%] Built target motor_control__cpp
[35m[1mConsolidate compiler generated dependencies of target motor_control__rosidl_typesupport_cpp[0m
[  2%] Built target ament_cmake_python_copy_motor_control
[35m[1mConsolidate compiler generated dependencies of target motor_control__rosidl_typesupport_fastrtps_cpp[0m
[ 11%] Built target motor_control__rosidl_generator_c
[ 19%] Built target motor_control__rosidl_typesupport_cpp
[35m[1mConsolidate compiler generated dependencies of target motor_control__rosidl_typesupport_introspection_cpp[0m
[ 27%] Built target motor_control__rosidl_typesupport_fastrtps_cpp
[35m[1mConsolidate compiler generated dependencies of target motor_control__rosidl_typesupport_fastrtps_c[0m
[ 36%] Built target motor_control__rosidl_typesupport_introspection_cpp
[35m[1mConsolidate compiler generated dependencies of target motor_control__rosidl_typesupport_introspection_c[0m
[35m[1mConsolidate compiler generated dependencies of target motor_control__rosidl_typesupport_c[0m
[ 44%] Built target motor_control__rosidl_typesupport_fastrtps_c
[ 52%] Built target motor_control__rosidl_typesupport_c
[ 61%] Built target motor_control__rosidl_typesupport_introspection_c
[35m[1mConsolidate compiler generated dependencies of target motor_control_lib[0m
[ 61%] Built target motor_control
[ 69%] Built target motor_control_lib
[35m[1mConsolidate compiler generated dependencies of target motor_control_test[0m
[ 72%] Built target motor_control__py
[ 75%] [32mBuilding CXX object CMakeFiles/motor_control_test.dir/src/motor_control_test.cpp.o[0m
[35m[1mConsolidate compiler generated dependencies of target motor_control__rosidl_generator_py[0m
[ 80%] Built target motor_control__rosidl_generator_py
[35m[1mConsolidate compiler generated dependencies of target motor_control__rosidl_typesupport_fastrtps_c__pyext[0m
[35m[1mConsolidate compiler generated dependencies of target motor_control__rosidl_typesupport_introspection_c__pyext[0m
[ 86%] Built target motor_control__rosidl_typesupport_fastrtps_c__pyext
[ 91%] Built target motor_control__rosidl_typesupport_introspection_c__pyext
[35m[1mConsolidate compiler generated dependencies of target motor_control__rosidl_typesupport_c__pyext[0m
[ 97%] Built target motor_control__rosidl_typesupport_c__pyext
running egg_info
writing motor_control.egg-info/PKG-INFO
writing dependency_links to motor_control.egg-info/dependency_links.txt
writing top-level names to motor_control.egg-info/top_level.txt
reading manifest file 'motor_control.egg-info/SOURCES.txt'
writing manifest file 'motor_control.egg-info/SOURCES.txt'
[ 97%] Built target ament_cmake_python_build_motor_control_egg
