[0.032s] Invoking command in '/home/openarm/svtrobo_ws/build/motor_control': CMAKE_PREFIX_PATH=${CMAKE_PREFIX_PATH}:/home/openarm/ros2_ws/install/qnbot_teleoperator:/opt/ros/humble /usr/bin/cmake --build /home/openarm/svtrobo_ws/build/motor_control -- -j4 -l4
[0.082s] -- Found ament_cmake: 1.3.12 (/opt/ros/humble/share/ament_cmake/cmake)
[0.549s] -- Found rclcpp: 16.0.16 (/opt/ros/humble/share/rclcpp/cmake)
[0.608s] -- Found rosidl_generator_c: 3.1.7 (/opt/ros/humble/share/rosidl_generator_c/cmake)
[0.612s] -- Found rosidl_adapter: 3.1.7 (/opt/ros/humble/share/rosidl_adapter/cmake)
[0.625s] -- Found rosidl_generator_cpp: 3.1.7 (/opt/ros/humble/share/rosidl_generator_cpp/cmake)
[0.647s] -- Using all available rosidl_typesupport_c: rosidl_typesupport_fastrtps_c;rosidl_typesupport_introspection_c
[0.674s] -- Using all available rosidl_typesupport_cpp: rosidl_typesupport_fastrtps_cpp;rosidl_typesupport_introspection_cpp
[0.744s] -- Found rmw_implementation_cmake: 6.1.2 (/opt/ros/humble/share/rmw_implementation_cmake/cmake)
[0.747s] -- Found rmw_fastrtps_cpp: 6.2.9 (/opt/ros/humble/share/rmw_fastrtps_cpp/cmake)
[0.938s] -- Using RMW implementation 'rmw_fastrtps_cpp' as default
[1.050s] -- Found can_msgs: 2.0.0 (/opt/ros/humble/share/can_msgs/cmake)
[1.082s] -- Found geometry_msgs: 4.9.0 (/opt/ros/humble/share/geometry_msgs/cmake)
[1.115s] -- Found rosidl_default_generators: 1.2.0 (/opt/ros/humble/share/rosidl_default_generators/cmake)
[2.076s] -- Found ament_cmake_ros: 0.10.0 (/opt/ros/humble/share/ament_cmake_ros/cmake)
[3.472s] -- Using all available rosidl_typesupport_c: rosidl_typesupport_fastrtps_c;rosidl_typesupport_introspection_c
[4.046s] -- Using all available rosidl_typesupport_cpp: rosidl_typesupport_fastrtps_cpp;rosidl_typesupport_introspection_cpp
[4.152s] -- Found python_cmake_module: 0.10.0 (/opt/ros/humble/share/python_cmake_module/cmake)
[4.256s] -- Using PYTHON_EXECUTABLE: /usr/bin/python3
[4.256s] -- Using PYTHON_INCLUDE_DIRS: /usr/include/python3.10
[4.256s] -- Using PYTHON_LIBRARIES: /usr/lib/x86_64-linux-gnu/libpython3.10.so
[4.332s] -- Found ament_lint_auto: 0.12.14 (/opt/ros/humble/share/ament_lint_auto/cmake)
[4.351s] -- Added test 'copyright' to check source files copyright and LICENSE
[4.358s] -- Added test 'cppcheck' to perform static code analysis on C / C++ code
[4.360s] -- Configured cppcheck include dirs: /home/openarm/svtrobo_ws/src/robstride_actuator_bridge/include
[4.360s] -- Configured cppcheck exclude dirs and/or files: 
[4.368s] -- Added test 'cpplint' to check C / C++ code against the Google style
[4.368s] -- Configured cpplint exclude dirs and/or files: 
[4.369s] -- Added test 'flake8' to check Python code syntax and style conventions
[4.372s] -- Added test 'lint_cmake' to check CMake code style
[4.374s] -- Added test 'pep257' to check Python code against some of the docstring style conventions in PEP 257
[4.380s] -- Added test 'uncrustify' to check C / C++ code style
[4.380s] -- Configured uncrustify additional arguments: 
[4.381s] -- Added test 'xmllint' to check XML markup files
[4.386s] -- Configuring done
[4.480s] -- Generating done
[4.513s] -- Build files have been written to: /home/openarm/svtrobo_ws/build/motor_control
[4.589s] [35m[1mConsolidate compiler generated dependencies of target motor_control__rosidl_generator_c[0m
[4.603s] [  2%] Built target motor_control__cpp
[4.632s] [35m[1mConsolidate compiler generated dependencies of target motor_control__rosidl_typesupport_cpp[0m
[4.636s] [  2%] Built target ament_cmake_python_copy_motor_control
[4.644s] [35m[1mConsolidate compiler generated dependencies of target motor_control__rosidl_typesupport_fastrtps_cpp[0m
[4.645s] [ 11%] Built target motor_control__rosidl_generator_c
[4.676s] [ 19%] Built target motor_control__rosidl_typesupport_cpp
[4.678s] [35m[1mConsolidate compiler generated dependencies of target motor_control__rosidl_typesupport_introspection_cpp[0m
[4.690s] [ 27%] Built target motor_control__rosidl_typesupport_fastrtps_cpp
[4.716s] [35m[1mConsolidate compiler generated dependencies of target motor_control__rosidl_typesupport_fastrtps_c[0m
[4.728s] [ 36%] Built target motor_control__rosidl_typesupport_introspection_cpp
[4.748s] [35m[1mConsolidate compiler generated dependencies of target motor_control__rosidl_typesupport_introspection_c[0m
[4.757s] [35m[1mConsolidate compiler generated dependencies of target motor_control__rosidl_typesupport_c[0m
[4.770s] [ 44%] Built target motor_control__rosidl_typesupport_fastrtps_c
[4.804s] [ 52%] Built target motor_control__rosidl_typesupport_c
[4.806s] [ 61%] Built target motor_control__rosidl_typesupport_introspection_c
[4.810s] [35m[1mConsolidate compiler generated dependencies of target motor_control_lib[0m
[4.865s] [ 61%] Built target motor_control
[4.873s] [ 69%] Built target motor_control_lib
[4.920s] [35m[1mConsolidate compiler generated dependencies of target motor_control_test[0m
[4.928s] [ 72%] Built target motor_control__py
[4.975s] [ 75%] [32mBuilding CXX object CMakeFiles/motor_control_test.dir/src/motor_control_test.cpp.o[0m
[4.979s] [35m[1mConsolidate compiler generated dependencies of target motor_control__rosidl_generator_py[0m
[5.031s] [ 80%] Built target motor_control__rosidl_generator_py
[5.064s] [35m[1mConsolidate compiler generated dependencies of target motor_control__rosidl_typesupport_fastrtps_c__pyext[0m
[5.085s] [35m[1mConsolidate compiler generated dependencies of target motor_control__rosidl_typesupport_introspection_c__pyext[0m
[5.113s] [ 86%] Built target motor_control__rosidl_typesupport_fastrtps_c__pyext
[5.152s] [ 91%] Built target motor_control__rosidl_typesupport_introspection_c__pyext
[5.175s] [35m[1mConsolidate compiler generated dependencies of target motor_control__rosidl_typesupport_c__pyext[0m
[5.230s] [ 97%] Built target motor_control__rosidl_typesupport_c__pyext
[5.312s] running egg_info
[5.356s] writing motor_control.egg-info/PKG-INFO
[5.357s] writing dependency_links to motor_control.egg-info/dependency_links.txt
[5.357s] writing top-level names to motor_control.egg-info/top_level.txt
[5.473s] reading manifest file 'motor_control.egg-info/SOURCES.txt'
[5.476s] writing manifest file 'motor_control.egg-info/SOURCES.txt'
[5.555s] [ 97%] Built target ament_cmake_python_build_motor_control_egg
[5.673s] [01m[K/home/openarm/svtrobo_ws/src/robstride_actuator_bridge/src/motor_control_test.cpp:11:10:[m[K [01;31m[Kfatal error: [m[Kgeometry_msgs/msg/twist.hpp: 没有那个文件或目录
[5.673s]    11 | #include [01;31m[K<geometry_msgs/msg/twist.hpp>[m[K
[5.673s]       |          [01;31m[K^~~~~~~~~~~~~~~~~~~~~~~~~~~~~[m[K
[5.674s] compilation terminated.
[5.686s] gmake[2]: *** [CMakeFiles/motor_control_test.dir/build.make:76：CMakeFiles/motor_control_test.dir/src/motor_control_test.cpp.o] 错误 1
[5.686s] gmake[1]: *** [CMakeFiles/Makefile2:623：CMakeFiles/motor_control_test.dir/all] 错误 2
[5.687s] gmake: *** [Makefile:146：all] 错误 2
[5.690s] Invoked command in '/home/openarm/svtrobo_ws/build/motor_control' returned '2': CMAKE_PREFIX_PATH=${CMAKE_PREFIX_PATH}:/home/openarm/ros2_ws/install/qnbot_teleoperator:/opt/ros/humble /usr/bin/cmake --build /home/openarm/svtrobo_ws/build/motor_control -- -j4 -l4
