[0.045s] Invoking command in '/home/openarm/svtrobo_ws/build/svtrobo_4ws': CMAKE_PREFIX_PATH=${CMAKE_PREFIX_PATH}:/home/openarm/ros2_ws/install/qnbot_teleoperator:/opt/ros/humble /usr/bin/cmake --build /home/openarm/svtrobo_ws/build/svtrobo_4ws -- -j4 -l4
[0.287s] [ 33%] Built target zlac8015d_canopen_node
[0.290s] [ 66%] Built target lift_RS485_control
[0.302s] [100%] Built target zlac8015d_rpm_node
[0.379s] Invoked command in '/home/openarm/svtrobo_ws/build/svtrobo_4ws' returned '0': CMAKE_PREFIX_PATH=${CMAKE_PREFIX_PATH}:/home/openarm/ros2_ws/install/qnbot_teleoperator:/opt/ros/humble /usr/bin/cmake --build /home/openarm/svtrobo_ws/build/svtrobo_4ws -- -j4 -l4
[0.386s] Invoking command in '/home/openarm/svtrobo_ws/build/svtrobo_4ws': CMAKE_PREFIX_PATH=${CMAKE_PREFIX_PATH}:/home/openarm/ros2_ws/install/qnbot_teleoperator:/opt/ros/humble /usr/bin/cmake --install /home/openarm/svtrobo_ws/build/svtrobo_4ws
[0.429s] -- Install configuration: ""
[0.429s] -- Up-to-date: /home/openarm/svtrobo_ws/install/svtrobo_4ws/lib/svtrobo_4ws/zlac8015d_rpm_node
[0.430s] -- Up-to-date: /home/openarm/svtrobo_ws/install/svtrobo_4ws/lib/svtrobo_4ws/zlac8015d_canopen_node
[0.431s] -- Up-to-date: /home/openarm/svtrobo_ws/install/svtrobo_4ws/lib/svtrobo_4ws/lift_RS485_control
[0.433s] -- Up-to-date: /home/openarm/svtrobo_ws/install/svtrobo_4ws/lib/svtrobo_4ws/output_4s.py
[0.434s] -- Up-to-date: /home/openarm/svtrobo_ws/install/svtrobo_4ws/lib/svtrobo_4ws/canfd_init.bash
[0.434s] -- Up-to-date: /home/openarm/svtrobo_ws/install/svtrobo_4ws/share/svtrobo_4ws/launch
[0.435s] -- Up-to-date: /home/openarm/svtrobo_ws/install/svtrobo_4ws/share/svtrobo_4ws/launch/svtrobo_bringup.launch.py
[0.435s] -- Up-to-date: /home/openarm/svtrobo_ws/install/svtrobo_4ws/share/svtrobo_4ws/scripts
[0.435s] -- Up-to-date: /home/openarm/svtrobo_ws/install/svtrobo_4ws/share/svtrobo_4ws/scripts/output_4s.py
[0.435s] -- Up-to-date: /home/openarm/svtrobo_ws/install/svtrobo_4ws/share/svtrobo_4ws/scripts/canfd_init.bash
[0.435s] -- Up-to-date: /home/openarm/svtrobo_ws/install/svtrobo_4ws/share/ament_index/resource_index/package_run_dependencies/svtrobo_4ws
[0.436s] -- Up-to-date: /home/openarm/svtrobo_ws/install/svtrobo_4ws/share/ament_index/resource_index/parent_prefix_path/svtrobo_4ws
[0.438s] -- Up-to-date: /home/openarm/svtrobo_ws/install/svtrobo_4ws/share/svtrobo_4ws/environment/ament_prefix_path.sh
[0.439s] -- Up-to-date: /home/openarm/svtrobo_ws/install/svtrobo_4ws/share/svtrobo_4ws/environment/ament_prefix_path.dsv
[0.442s] -- Up-to-date: /home/openarm/svtrobo_ws/install/svtrobo_4ws/share/svtrobo_4ws/environment/path.sh
[0.442s] -- Up-to-date: /home/openarm/svtrobo_ws/install/svtrobo_4ws/share/svtrobo_4ws/environment/path.dsv
[0.442s] -- Up-to-date: /home/openarm/svtrobo_ws/install/svtrobo_4ws/share/svtrobo_4ws/local_setup.bash
[0.443s] -- Up-to-date: /home/openarm/svtrobo_ws/install/svtrobo_4ws/share/svtrobo_4ws/local_setup.sh
[0.444s] -- Up-to-date: /home/openarm/svtrobo_ws/install/svtrobo_4ws/share/svtrobo_4ws/local_setup.zsh
[0.444s] -- Up-to-date: /home/openarm/svtrobo_ws/install/svtrobo_4ws/share/svtrobo_4ws/local_setup.dsv
[0.459s] -- Installing: /home/openarm/svtrobo_ws/install/svtrobo_4ws/share/svtrobo_4ws/package.dsv
[0.459s] -- Up-to-date: /home/openarm/svtrobo_ws/install/svtrobo_4ws/share/ament_index/resource_index/packages/svtrobo_4ws
[0.460s] -- Up-to-date: /home/openarm/svtrobo_ws/install/svtrobo_4ws/share/svtrobo_4ws/cmake/svtrobo_4wsConfig.cmake
[0.460s] -- Up-to-date: /home/openarm/svtrobo_ws/install/svtrobo_4ws/share/svtrobo_4ws/cmake/svtrobo_4wsConfig-version.cmake
[0.460s] -- Up-to-date: /home/openarm/svtrobo_ws/install/svtrobo_4ws/share/svtrobo_4ws/package.xml
[0.460s] Invoked command in '/home/openarm/svtrobo_ws/build/svtrobo_4ws' returned '0': CMAKE_PREFIX_PATH=${CMAKE_PREFIX_PATH}:/home/openarm/ros2_ws/install/qnbot_teleoperator:/opt/ros/humble /usr/bin/cmake --install /home/openarm/svtrobo_ws/build/svtrobo_4ws
