[0.042s] Invoking command in '/home/openarm/svtrobo_ws/build/chassis': CMAKE_PREFIX_PATH=${CMAKE_PREFIX_PATH}:/home/openarm/ros2_ws/install/qnbot_teleoperator:/opt/ros/humble /usr/bin/cmake --build /home/openarm/svtrobo_ws/build/chassis -- -j4 -l4
[0.190s] Invoked command in '/home/openarm/svtrobo_ws/build/chassis' returned '0': CMAKE_PREFIX_PATH=${CMAKE_PREFIX_PATH}:/home/openarm/ros2_ws/install/qnbot_teleoperator:/opt/ros/humble /usr/bin/cmake --build /home/openarm/svtrobo_ws/build/chassis -- -j4 -l4
[0.234s] Invoking command in '/home/openarm/svtrobo_ws/build/chassis': CMAKE_PREFIX_PATH=${CMAKE_PREFIX_PATH}:/home/openarm/ros2_ws/install/qnbot_teleoperator:/opt/ros/humble /usr/bin/cmake --install /home/openarm/svtrobo_ws/build/chassis
[0.279s] -- Install configuration: ""
[0.279s] -- Up-to-date: /home/openarm/svtrobo_ws/install/chassis/share/chassis//config
[0.282s] -- Up-to-date: /home/openarm/svtrobo_ws/install/chassis/share/chassis//config/joint_names_chassis.yaml
[0.285s] -- Up-to-date: /home/openarm/svtrobo_ws/install/chassis/share/chassis//launch
[0.285s] -- Up-to-date: /home/openarm/svtrobo_ws/install/chassis/share/chassis//launch/chassis_bringup.launch.py
[0.285s] -- Up-to-date: /home/openarm/svtrobo_ws/install/chassis/share/chassis//meshes
[0.285s] -- Up-to-date: /home/openarm/svtrobo_ws/install/chassis/share/chassis//meshes/left_rear_wheel_link.STL
[0.286s] -- Up-to-date: /home/openarm/svtrobo_ws/install/chassis/share/chassis//meshes/right_front_wheel_link.STL
[0.286s] -- Up-to-date: /home/openarm/svtrobo_ws/install/chassis/share/chassis//meshes/right_rear_steer_link.STL
[0.291s] -- Up-to-date: /home/openarm/svtrobo_ws/install/chassis/share/chassis//meshes/base_link.STL
[0.291s] -- Up-to-date: /home/openarm/svtrobo_ws/install/chassis/share/chassis//meshes/right_front_steer_link.STL
[0.296s] -- Up-to-date: /home/openarm/svtrobo_ws/install/chassis/share/chassis//meshes/left_front_wheel_link.STL
[0.296s] -- Up-to-date: /home/openarm/svtrobo_ws/install/chassis/share/chassis//meshes/left_rear_steer_link.STL
[0.297s] -- Up-to-date: /home/openarm/svtrobo_ws/install/chassis/share/chassis//meshes/left_front_steer_link.STL
[0.297s] -- Up-to-date: /home/openarm/svtrobo_ws/install/chassis/share/chassis//meshes/right_rear_wheel_link.STL
[0.297s] -- Up-to-date: /home/openarm/svtrobo_ws/install/chassis/share/chassis//urdf
[0.297s] -- Up-to-date: /home/openarm/svtrobo_ws/install/chassis/share/chassis//urdf/chassis.urdf
[0.297s] -- Up-to-date: /home/openarm/svtrobo_ws/install/chassis/share/ament_index/resource_index/package_run_dependencies/chassis
[0.297s] -- Up-to-date: /home/openarm/svtrobo_ws/install/chassis/share/ament_index/resource_index/parent_prefix_path/chassis
[0.313s] -- Up-to-date: /home/openarm/svtrobo_ws/install/chassis/share/chassis/environment/ament_prefix_path.sh
[0.314s] -- Up-to-date: /home/openarm/svtrobo_ws/install/chassis/share/chassis/environment/ament_prefix_path.dsv
[0.314s] -- Up-to-date: /home/openarm/svtrobo_ws/install/chassis/share/chassis/environment/path.sh
[0.315s] -- Up-to-date: /home/openarm/svtrobo_ws/install/chassis/share/chassis/environment/path.dsv
[0.315s] -- Up-to-date: /home/openarm/svtrobo_ws/install/chassis/share/chassis/local_setup.bash
[0.315s] -- Up-to-date: /home/openarm/svtrobo_ws/install/chassis/share/chassis/local_setup.sh
[0.315s] -- Up-to-date: /home/openarm/svtrobo_ws/install/chassis/share/chassis/local_setup.zsh
[0.315s] -- Up-to-date: /home/openarm/svtrobo_ws/install/chassis/share/chassis/local_setup.dsv
[0.323s] -- Installing: /home/openarm/svtrobo_ws/install/chassis/share/chassis/package.dsv
[0.323s] -- Up-to-date: /home/openarm/svtrobo_ws/install/chassis/share/ament_index/resource_index/packages/chassis
[0.323s] -- Up-to-date: /home/openarm/svtrobo_ws/install/chassis/share/chassis/cmake/chassisConfig.cmake
[0.323s] -- Up-to-date: /home/openarm/svtrobo_ws/install/chassis/share/chassis/cmake/chassisConfig-version.cmake
[0.323s] -- Up-to-date: /home/openarm/svtrobo_ws/install/chassis/share/chassis/package.xml
[0.324s] Invoked command in '/home/openarm/svtrobo_ws/build/chassis' returned '0': CMAKE_PREFIX_PATH=${CMAKE_PREFIX_PATH}:/home/openarm/ros2_ws/install/qnbot_teleoperator:/opt/ros/humble /usr/bin/cmake --install /home/openarm/svtrobo_ws/build/chassis
