[0.019s] Invoking command in '/home/openarm/svtrobo_ws/build/classis_control': CMAKE_PREFIX_PATH=${CMAKE_PREFIX_PATH}:/home/openarm/ros2_ws/install/qnbot_teleoperator:/opt/ros/humble /usr/bin/cmake --build /home/openarm/svtrobo_ws/build/classis_control -- -j4 -l4
[0.109s] [ 42%] Built target classis_control_lib
[0.133s] [35m[1mConsolidate compiler generated dependencies of target classis_control[0m
[0.174s] [ 71%] Built target lift_control
[0.176s] [ 85%] [32mBuilding CXX object CMakeFiles/classis_control.dir/src/main.cpp.o[0m
[15.918s] [100%] [32m[1mLinking CXX executable classis_control[0m
[16.758s] [100%] Built target classis_control
[16.776s] Invoked command in '/home/openarm/svtrobo_ws/build/classis_control' returned '0': CMAKE_PREFIX_PATH=${CMAKE_PREFIX_PATH}:/home/openarm/ros2_ws/install/qnbot_teleoperator:/opt/ros/humble /usr/bin/cmake --build /home/openarm/svtrobo_ws/build/classis_control -- -j4 -l4
[16.792s] Invoking command in '/home/openarm/svtrobo_ws/build/classis_control': CMAKE_PREFIX_PATH=${CMAKE_PREFIX_PATH}:/home/openarm/ros2_ws/install/qnbot_teleoperator:/opt/ros/humble /usr/bin/cmake --install /home/openarm/svtrobo_ws/build/classis_control
[16.804s] -- Install configuration: ""
[16.805s] -- Up-to-date: /home/openarm/svtrobo_ws/install/classis_control/include
[16.805s] -- Up-to-date: /home/openarm/svtrobo_ws/install/classis_control/include/classis_control
[16.805s] -- Up-to-date: /home/openarm/svtrobo_ws/install/classis_control/include/classis_control/wheel_motor.h
[16.806s] -- Up-to-date: /home/openarm/svtrobo_ws/install/classis_control/include/classis_control/steering_motor.h
[16.806s] -- Up-to-date: /home/openarm/svtrobo_ws/install/classis_control/lib/libclassis_control.a
[16.806s] -- Installing: /home/openarm/svtrobo_ws/install/classis_control/lib/classis_control/classis_control
[16.811s] -- Set runtime path of "/home/openarm/svtrobo_ws/install/classis_control/lib/classis_control/classis_control" to ""
[16.812s] -- Up-to-date: /home/openarm/svtrobo_ws/install/classis_control/lib/libclassis_control.a
[16.813s] -- Up-to-date: /home/openarm/svtrobo_ws/install/classis_control/lib/classis_control/lift_control
[16.813s] -- Up-to-date: /home/openarm/svtrobo_ws/install/classis_control/share/classis_control/launch
[16.814s] -- Up-to-date: /home/openarm/svtrobo_ws/install/classis_control/share/classis_control/launch/svtrobo_bringup.launch.py
[16.814s] -- Up-to-date: /home/openarm/svtrobo_ws/install/classis_control/share/ament_index/resource_index/package_run_dependencies/classis_control
[16.814s] -- Up-to-date: /home/openarm/svtrobo_ws/install/classis_control/share/ament_index/resource_index/parent_prefix_path/classis_control
[16.814s] -- Up-to-date: /home/openarm/svtrobo_ws/install/classis_control/share/classis_control/environment/ament_prefix_path.sh
[16.814s] -- Up-to-date: /home/openarm/svtrobo_ws/install/classis_control/share/classis_control/environment/ament_prefix_path.dsv
[16.814s] -- Up-to-date: /home/openarm/svtrobo_ws/install/classis_control/share/classis_control/environment/path.sh
[16.816s] -- Up-to-date: /home/openarm/svtrobo_ws/install/classis_control/share/classis_control/environment/path.dsv
[16.817s] -- Up-to-date: /home/openarm/svtrobo_ws/install/classis_control/share/classis_control/local_setup.bash
[16.817s] -- Up-to-date: /home/openarm/svtrobo_ws/install/classis_control/share/classis_control/local_setup.sh
[16.817s] -- Up-to-date: /home/openarm/svtrobo_ws/install/classis_control/share/classis_control/local_setup.zsh
[16.817s] -- Up-to-date: /home/openarm/svtrobo_ws/install/classis_control/share/classis_control/local_setup.dsv
[16.818s] -- Installing: /home/openarm/svtrobo_ws/install/classis_control/share/classis_control/package.dsv
[16.818s] -- Up-to-date: /home/openarm/svtrobo_ws/install/classis_control/share/ament_index/resource_index/packages/classis_control
[16.818s] -- Up-to-date: /home/openarm/svtrobo_ws/install/classis_control/share/classis_control/cmake/ament_cmake_export_dependencies-extras.cmake
[16.818s] -- Up-to-date: /home/openarm/svtrobo_ws/install/classis_control/share/classis_control/cmake/classis_controlConfig.cmake
[16.818s] -- Up-to-date: /home/openarm/svtrobo_ws/install/classis_control/share/classis_control/cmake/classis_controlConfig-version.cmake
[16.818s] -- Up-to-date: /home/openarm/svtrobo_ws/install/classis_control/share/classis_control/package.xml
[16.820s] Invoked command in '/home/openarm/svtrobo_ws/build/classis_control' returned '0': CMAKE_PREFIX_PATH=${CMAKE_PREFIX_PATH}:/home/openarm/ros2_ws/install/qnbot_teleoperator:/opt/ros/humble /usr/bin/cmake --install /home/openarm/svtrobo_ws/build/classis_control
