[0.043s] Invoking command in '/home/openarm/svtrobo_ws/build/chassis': CMAKE_PREFIX_PATH=${CMAKE_PREFIX_PATH}:/home/openarm/ros2_ws/install/qnbot_teleoperator:/opt/ros/humble /usr/bin/cmake /home/openarm/svtrobo_ws/src/chassis -DCMAKE_INSTALL_PREFIX=/home/openarm/svtrobo_ws/install/chassis
[0.072s] -- Found ament_cmake: 1.3.12 (/opt/ros/humble/share/ament_cmake/cmake)
[0.786s] -- Found rclcpp: 16.0.16 (/opt/ros/humble/share/rclcpp/cmake)
[0.865s] -- Found rosidl_generator_c: 3.1.7 (/opt/ros/humble/share/rosidl_generator_c/cmake)
[0.873s] -- Found rosidl_adapter: 3.1.7 (/opt/ros/humble/share/rosidl_adapter/cmake)
[0.889s] -- Found rosidl_generator_cpp: 3.1.7 (/opt/ros/humble/share/rosidl_generator_cpp/cmake)
[0.919s] -- Using all available rosidl_typesupport_c: rosidl_typesupport_fastrtps_c;rosidl_typesupport_introspection_c
[0.958s] -- Using all available rosidl_typesupport_cpp: rosidl_typesupport_fastrtps_cpp;rosidl_typesupport_introspection_cpp
[1.070s] -- Found rmw_implementation_cmake: 6.1.2 (/opt/ros/humble/share/rmw_implementation_cmake/cmake)
[1.073s] -- Found rmw_fastrtps_cpp: 6.2.9 (/opt/ros/humble/share/rmw_fastrtps_cpp/cmake)
[1.425s] -- Using RMW implementation 'rmw_fastrtps_cpp' as default
[1.639s] -- Found urdf: 2.6.1 (/opt/ros/humble/share/urdf/cmake)
[1.710s] -- Found robot_state_publisher: 3.0.3 (/opt/ros/humble/share/robot_state_publisher/cmake)
[1.783s] -- Found eigen3_cmake_module: 0.1.1 (/opt/ros/humble/share/eigen3_cmake_module/cmake)
[1.789s] -- Ensuring Eigen3 include directory is part of orocos-kdl CMake target
[2.255s] -- Configuring incomplete, errors occurred!
[2.256s] See also "/home/openarm/svtrobo_ws/build/chassis/CMakeFiles/CMakeOutput.log".
[2.256s] [31mCMake Error at CMakeLists.txt:19 (find_package):
[2.256s]   By not providing "Findjoint_state_publisher.cmake" in CMAKE_MODULE_PATH
[2.256s]   this project has asked CMake to find a package configuration file provided
[2.256s]   by "joint_state_publisher", but CMake did not find one.
[2.256s] 
[2.257s]   Could not find a package configuration file provided by
[2.257s]   "joint_state_publisher" with any of the following names:
[2.257s] 
[2.257s]     joint_state_publisherConfig.cmake
[2.257s]     joint_state_publisher-config.cmake
[2.257s] 
[2.257s]   Add the installation prefix of "joint_state_publisher" to CMAKE_PREFIX_PATH
[2.258s]   or set "joint_state_publisher_DIR" to a directory containing one of the
[2.258s]   above files.  If "joint_state_publisher" provides a separate development
[2.258s]   package or SDK, be sure it has been installed.
[2.258s] 
[2.258s] [0m
