[0.038s] Invoking command in '/home/openarm/svtrobo_ws/build/classis_control': CMAKE_PREFIX_PATH=${CMAKE_PREFIX_PATH}:/home/openarm/ros2_ws/install/qnbot_teleoperator:/opt/ros/humble /usr/bin/cmake --build /home/openarm/svtrobo_ws/build/classis_control -- -j4 -l4
[0.198s] [ 42%] Built target classis_control_lib
[0.245s] [35m[1mConsolidate compiler generated dependencies of target classis_control[0m
[0.268s] [ 71%] Built target lift_control
[0.309s] [ 85%] [32mBuilding CXX object CMakeFiles/classis_control.dir/src/main.cpp.o[0m
[16.898s] [100%] [32m[1mLinking CXX executable classis_control[0m
[17.718s] [100%] Built target classis_control
[17.739s] Invoked command in '/home/openarm/svtrobo_ws/build/classis_control' returned '0': CMAKE_PREFIX_PATH=${CMAKE_PREFIX_PATH}:/home/openarm/ros2_ws/install/qnbot_teleoperator:/opt/ros/humble /usr/bin/cmake --build /home/openarm/svtrobo_ws/build/classis_control -- -j4 -l4
[17.758s] Invoking command in '/home/openarm/svtrobo_ws/build/classis_control': CMAKE_PREFIX_PATH=${CMAKE_PREFIX_PATH}:/home/openarm/ros2_ws/install/qnbot_teleoperator:/opt/ros/humble /usr/bin/cmake --install /home/openarm/svtrobo_ws/build/classis_control
[17.769s] -- Install configuration: ""
[17.770s] -- Up-to-date: /home/openarm/svtrobo_ws/install/classis_control/include
[17.770s] -- Up-to-date: /home/openarm/svtrobo_ws/install/classis_control/include/classis_control
[17.772s] -- Up-to-date: /home/openarm/svtrobo_ws/install/classis_control/include/classis_control/wheel_motor.h
[17.772s] -- Up-to-date: /home/openarm/svtrobo_ws/install/classis_control/include/classis_control/steering_motor.h
[17.772s] -- Up-to-date: /home/openarm/svtrobo_ws/install/classis_control/lib/libclassis_control.a
[17.772s] -- Installing: /home/openarm/svtrobo_ws/install/classis_control/lib/classis_control/classis_control
[17.778s] -- Set runtime path of "/home/openarm/svtrobo_ws/install/classis_control/lib/classis_control/classis_control" to ""
[17.778s] -- Up-to-date: /home/openarm/svtrobo_ws/install/classis_control/lib/libclassis_control.a
[17.778s] -- Up-to-date: /home/openarm/svtrobo_ws/install/classis_control/lib/classis_control/lift_control
[17.779s] -- Up-to-date: /home/openarm/svtrobo_ws/install/classis_control/share/classis_control/launch
[17.780s] -- Up-to-date: /home/openarm/svtrobo_ws/install/classis_control/share/classis_control/launch/svtrobo_bringup.launch.py
[17.780s] -- Up-to-date: /home/openarm/svtrobo_ws/install/classis_control/share/ament_index/resource_index/package_run_dependencies/classis_control
[17.780s] -- Up-to-date: /home/openarm/svtrobo_ws/install/classis_control/share/ament_index/resource_index/parent_prefix_path/classis_control
[17.780s] -- Up-to-date: /home/openarm/svtrobo_ws/install/classis_control/share/classis_control/environment/ament_prefix_path.sh
[17.780s] -- Up-to-date: /home/openarm/svtrobo_ws/install/classis_control/share/classis_control/environment/ament_prefix_path.dsv
[17.781s] -- Up-to-date: /home/openarm/svtrobo_ws/install/classis_control/share/classis_control/environment/path.sh
[17.781s] -- Up-to-date: /home/openarm/svtrobo_ws/install/classis_control/share/classis_control/environment/path.dsv
[17.781s] -- Up-to-date: /home/openarm/svtrobo_ws/install/classis_control/share/classis_control/local_setup.bash
[17.781s] -- Up-to-date: /home/openarm/svtrobo_ws/install/classis_control/share/classis_control/local_setup.sh
[17.781s] -- Up-to-date: /home/openarm/svtrobo_ws/install/classis_control/share/classis_control/local_setup.zsh
[17.781s] -- Up-to-date: /home/openarm/svtrobo_ws/install/classis_control/share/classis_control/local_setup.dsv
[17.781s] -- Installing: /home/openarm/svtrobo_ws/install/classis_control/share/classis_control/package.dsv
[17.782s] -- Up-to-date: /home/openarm/svtrobo_ws/install/classis_control/share/ament_index/resource_index/packages/classis_control
[17.782s] -- Up-to-date: /home/openarm/svtrobo_ws/install/classis_control/share/classis_control/cmake/ament_cmake_export_dependencies-extras.cmake
[17.782s] -- Up-to-date: /home/openarm/svtrobo_ws/install/classis_control/share/classis_control/cmake/classis_controlConfig.cmake
[17.782s] -- Up-to-date: /home/openarm/svtrobo_ws/install/classis_control/share/classis_control/cmake/classis_controlConfig-version.cmake
[17.782s] -- Up-to-date: /home/openarm/svtrobo_ws/install/classis_control/share/classis_control/package.xml
[17.784s] Invoked command in '/home/openarm/svtrobo_ws/build/classis_control' returned '0': CMAKE_PREFIX_PATH=${CMAKE_PREFIX_PATH}:/home/openarm/ros2_ws/install/qnbot_teleoperator:/opt/ros/humble /usr/bin/cmake --install /home/openarm/svtrobo_ws/build/classis_control
