-- Install configuration: ""
-- Up-to-date: /home/openarm/svtrobo_ws/install/chassis/share/chassis//config
-- Up-to-date: /home/openarm/svtrobo_ws/install/chassis/share/chassis//config/joint_names_chassis.yaml
-- Up-to-date: /home/openarm/svtrobo_ws/install/chassis/share/chassis//launch
-- Up-to-date: /home/openarm/svtrobo_ws/install/chassis/share/chassis//launch/chassis_bringup.launch.py
-- Up-to-date: /home/openarm/svtrobo_ws/install/chassis/share/chassis//meshes
-- Up-to-date: /home/openarm/svtrobo_ws/install/chassis/share/chassis//meshes/left_rear_wheel_link.STL
-- Up-to-date: /home/openarm/svtrobo_ws/install/chassis/share/chassis//meshes/right_front_wheel_link.STL
-- Up-to-date: /home/openarm/svtrobo_ws/install/chassis/share/chassis//meshes/right_rear_steer_link.STL
-- Up-to-date: /home/openarm/svtrobo_ws/install/chassis/share/chassis//meshes/base_link.STL
-- Up-to-date: /home/openarm/svtrobo_ws/install/chassis/share/chassis//meshes/right_front_steer_link.STL
-- Up-to-date: /home/openarm/svtrobo_ws/install/chassis/share/chassis//meshes/left_front_wheel_link.STL
-- Up-to-date: /home/openarm/svtrobo_ws/install/chassis/share/chassis//meshes/left_rear_steer_link.STL
-- Up-to-date: /home/openarm/svtrobo_ws/install/chassis/share/chassis//meshes/left_front_steer_link.STL
-- Up-to-date: /home/openarm/svtrobo_ws/install/chassis/share/chassis//meshes/right_rear_wheel_link.STL
-- Up-to-date: /home/openarm/svtrobo_ws/install/chassis/share/chassis//urdf
-- Up-to-date: /home/openarm/svtrobo_ws/install/chassis/share/chassis//urdf/chassis.urdf
-- Up-to-date: /home/openarm/svtrobo_ws/install/chassis/share/ament_index/resource_index/package_run_dependencies/chassis
-- Up-to-date: /home/openarm/svtrobo_ws/install/chassis/share/ament_index/resource_index/parent_prefix_path/chassis
-- Up-to-date: /home/openarm/svtrobo_ws/install/chassis/share/chassis/environment/ament_prefix_path.sh
-- Up-to-date: /home/openarm/svtrobo_ws/install/chassis/share/chassis/environment/ament_prefix_path.dsv
-- Up-to-date: /home/openarm/svtrobo_ws/install/chassis/share/chassis/environment/path.sh
-- Up-to-date: /home/openarm/svtrobo_ws/install/chassis/share/chassis/environment/path.dsv
-- Up-to-date: /home/openarm/svtrobo_ws/install/chassis/share/chassis/local_setup.bash
-- Up-to-date: /home/openarm/svtrobo_ws/install/chassis/share/chassis/local_setup.sh
-- Up-to-date: /home/openarm/svtrobo_ws/install/chassis/share/chassis/local_setup.zsh
-- Up-to-date: /home/openarm/svtrobo_ws/install/chassis/share/chassis/local_setup.dsv
-- Installing: /home/openarm/svtrobo_ws/install/chassis/share/chassis/package.dsv
-- Up-to-date: /home/openarm/svtrobo_ws/install/chassis/share/ament_index/resource_index/packages/chassis
-- Up-to-date: /home/openarm/svtrobo_ws/install/chassis/share/chassis/cmake/chassisConfig.cmake
-- Up-to-date: /home/openarm/svtrobo_ws/install/chassis/share/chassis/cmake/chassisConfig-version.cmake
-- Up-to-date: /home/openarm/svtrobo_ws/install/chassis/share/chassis/package.xml
