[0.188s] DEBUG:colcon:Command line arguments: ['/usr/bin/colcon', 'build']
[0.188s] DEBUG:colcon:Parsed command line arguments: Namespace(log_base=None, log_level=None, verb_name='build', build_base='build', install_base='install', merge_install=False, symlink_install=False, test_result_base=None, continue_on_error=False, executor='parallel', parallel_workers=4, event_handlers=None, ignore_user_meta=False, metas=['./colcon.meta'], base_paths=['.'], packages_ignore=None, packages_ignore_regex=None, paths=None, packages_up_to=None, packages_up_to_regex=None, packages_above=None, packages_above_and_dependencies=None, packages_above_depth=None, packages_select_by_dep=None, packages_skip_by_dep=None, packages_skip_up_to=None, packages_select_build_failed=False, packages_skip_build_finished=False, packages_select_test_failures=False, packages_skip_test_passed=False, packages_select=None, packages_skip=None, packages_select_regex=None, packages_skip_regex=None, packages_start=None, packages_end=None, allow_overriding=[], cmake_args=None, cmake_target=None, cmake_target_skip_unavailable=False, cmake_clean_cache=False, cmake_clean_first=False, cmake_force_configure=False, ament_cmake_args=None, catkin_cmake_args=None, catkin_skip_building_tests=False, verb_parser=<colcon_defaults.argument_parser.defaults.DefaultArgumentsDecorator object at 0x73e2876561a0>, verb_extension=<colcon_core.verb.build.BuildVerb object at 0x73e28774bc40>, main=<bound method BuildVerb.main of <colcon_core.verb.build.BuildVerb object at 0x73e28774bc40>>)
[0.258s] Level 1:colcon.colcon_core.package_discovery:discover_packages(colcon_meta) check parameters
[0.259s] Level 1:colcon.colcon_core.package_discovery:discover_packages(recursive) check parameters
[0.259s] Level 1:colcon.colcon_core.package_discovery:discover_packages(ignore) check parameters
[0.259s] Level 1:colcon.colcon_core.package_discovery:discover_packages(path) check parameters
[0.259s] Level 1:colcon.colcon_core.package_discovery:discover_packages(colcon_meta) discover
[0.259s] Level 1:colcon.colcon_core.package_discovery:discover_packages(recursive) discover
[0.259s] INFO:colcon.colcon_core.package_discovery:Crawling recursively for packages in '/home/openarm/svtrobo_ws'
[0.259s] Level 1:colcon.colcon_core.package_identification:_identify(.) by extensions ['ignore', 'ignore_ament_install']
[0.259s] Level 1:colcon.colcon_core.package_identification:_identify(.) by extension 'ignore'
[0.259s] Level 1:colcon.colcon_core.package_identification:_identify(.) by extension 'ignore_ament_install'
[0.259s] Level 1:colcon.colcon_core.package_identification:_identify(.) by extensions ['colcon_pkg']
[0.259s] Level 1:colcon.colcon_core.package_identification:_identify(.) by extension 'colcon_pkg'
[0.259s] Level 1:colcon.colcon_core.package_identification:_identify(.) by extensions ['colcon_meta']
[0.259s] Level 1:colcon.colcon_core.package_identification:_identify(.) by extension 'colcon_meta'
[0.260s] Level 1:colcon.colcon_core.package_identification:_identify(.) by extensions ['ros']
[0.260s] Level 1:colcon.colcon_core.package_identification:_identify(.) by extension 'ros'
[0.289s] Level 1:colcon.colcon_core.package_identification:_identify(.) by extensions ['cmake', 'python']
[0.289s] Level 1:colcon.colcon_core.package_identification:_identify(.) by extension 'cmake'
[0.289s] Level 1:colcon.colcon_core.package_identification:_identify(.) by extension 'python'
[0.290s] Level 1:colcon.colcon_core.package_identification:_identify(.) by extensions ['python_setup_py']
[0.290s] Level 1:colcon.colcon_core.package_identification:_identify(.) by extension 'python_setup_py'
[0.290s] Level 1:colcon.colcon_core.package_identification:_identify(build) by extensions ['ignore', 'ignore_ament_install']
[0.290s] Level 1:colcon.colcon_core.package_identification:_identify(build) by extension 'ignore'
[0.290s] Level 1:colcon.colcon_core.package_identification:_identify(build) ignored
[0.290s] Level 1:colcon.colcon_core.package_identification:_identify(install) by extensions ['ignore', 'ignore_ament_install']
[0.290s] Level 1:colcon.colcon_core.package_identification:_identify(install) by extension 'ignore'
[0.290s] Level 1:colcon.colcon_core.package_identification:_identify(install) ignored
[0.290s] Level 1:colcon.colcon_core.package_identification:_identify(log) by extensions ['ignore', 'ignore_ament_install']
[0.291s] Level 1:colcon.colcon_core.package_identification:_identify(log) by extension 'ignore'
[0.291s] Level 1:colcon.colcon_core.package_identification:_identify(log) ignored
[0.291s] Level 1:colcon.colcon_core.package_identification:_identify(src) by extensions ['ignore', 'ignore_ament_install']
[0.291s] Level 1:colcon.colcon_core.package_identification:_identify(src) by extension 'ignore'
[0.291s] Level 1:colcon.colcon_core.package_identification:_identify(src) by extension 'ignore_ament_install'
[0.291s] Level 1:colcon.colcon_core.package_identification:_identify(src) by extensions ['colcon_pkg']
[0.291s] Level 1:colcon.colcon_core.package_identification:_identify(src) by extension 'colcon_pkg'
[0.291s] Level 1:colcon.colcon_core.package_identification:_identify(src) by extensions ['colcon_meta']
[0.291s] Level 1:colcon.colcon_core.package_identification:_identify(src) by extension 'colcon_meta'
[0.291s] Level 1:colcon.colcon_core.package_identification:_identify(src) by extensions ['ros']
[0.291s] Level 1:colcon.colcon_core.package_identification:_identify(src) by extension 'ros'
[0.291s] Level 1:colcon.colcon_core.package_identification:_identify(src) by extensions ['cmake', 'python']
[0.291s] Level 1:colcon.colcon_core.package_identification:_identify(src) by extension 'cmake'
[0.292s] Level 1:colcon.colcon_core.package_identification:_identify(src) by extension 'python'
[0.292s] Level 1:colcon.colcon_core.package_identification:_identify(src) by extensions ['python_setup_py']
[0.292s] Level 1:colcon.colcon_core.package_identification:_identify(src) by extension 'python_setup_py'
[0.292s] Level 1:colcon.colcon_core.package_identification:_identify(src/chassis) by extensions ['ignore', 'ignore_ament_install']
[0.292s] Level 1:colcon.colcon_core.package_identification:_identify(src/chassis) by extension 'ignore'
[0.292s] Level 1:colcon.colcon_core.package_identification:_identify(src/chassis) by extension 'ignore_ament_install'
[0.292s] Level 1:colcon.colcon_core.package_identification:_identify(src/chassis) by extensions ['colcon_pkg']
[0.292s] Level 1:colcon.colcon_core.package_identification:_identify(src/chassis) by extension 'colcon_pkg'
[0.292s] Level 1:colcon.colcon_core.package_identification:_identify(src/chassis) by extensions ['colcon_meta']
[0.292s] Level 1:colcon.colcon_core.package_identification:_identify(src/chassis) by extension 'colcon_meta'
[0.292s] Level 1:colcon.colcon_core.package_identification:_identify(src/chassis) by extensions ['ros']
[0.292s] Level 1:colcon.colcon_core.package_identification:_identify(src/chassis) by extension 'ros'
[0.298s] DEBUG:colcon.colcon_core.package_identification:Package 'src/chassis' with type 'ros.ament_cmake' and name 'chassis'
[0.298s] Level 1:colcon.colcon_core.package_identification:_identify(src/robstride_actuator_bridge) by extensions ['ignore', 'ignore_ament_install']
[0.298s] Level 1:colcon.colcon_core.package_identification:_identify(src/robstride_actuator_bridge) by extension 'ignore'
[0.298s] Level 1:colcon.colcon_core.package_identification:_identify(src/robstride_actuator_bridge) by extension 'ignore_ament_install'
[0.298s] Level 1:colcon.colcon_core.package_identification:_identify(src/robstride_actuator_bridge) by extensions ['colcon_pkg']
[0.299s] Level 1:colcon.colcon_core.package_identification:_identify(src/robstride_actuator_bridge) by extension 'colcon_pkg'
[0.299s] Level 1:colcon.colcon_core.package_identification:_identify(src/robstride_actuator_bridge) by extensions ['colcon_meta']
[0.299s] Level 1:colcon.colcon_core.package_identification:_identify(src/robstride_actuator_bridge) by extension 'colcon_meta'
[0.299s] Level 1:colcon.colcon_core.package_identification:_identify(src/robstride_actuator_bridge) by extensions ['ros']
[0.299s] Level 1:colcon.colcon_core.package_identification:_identify(src/robstride_actuator_bridge) by extension 'ros'
[0.300s] DEBUG:colcon.colcon_core.package_identification:Package 'src/robstride_actuator_bridge' with type 'ros.ament_cmake' and name 'motor_control'
[0.301s] Level 1:colcon.colcon_core.package_identification:_identify(src/svtrobo_4ws) by extensions ['ignore', 'ignore_ament_install']
[0.301s] Level 1:colcon.colcon_core.package_identification:_identify(src/svtrobo_4ws) by extension 'ignore'
[0.301s] Level 1:colcon.colcon_core.package_identification:_identify(src/svtrobo_4ws) by extension 'ignore_ament_install'
[0.301s] Level 1:colcon.colcon_core.package_identification:_identify(src/svtrobo_4ws) by extensions ['colcon_pkg']
[0.301s] Level 1:colcon.colcon_core.package_identification:_identify(src/svtrobo_4ws) by extension 'colcon_pkg'
[0.301s] Level 1:colcon.colcon_core.package_identification:_identify(src/svtrobo_4ws) by extensions ['colcon_meta']
[0.301s] Level 1:colcon.colcon_core.package_identification:_identify(src/svtrobo_4ws) by extension 'colcon_meta'
[0.301s] Level 1:colcon.colcon_core.package_identification:_identify(src/svtrobo_4ws) by extensions ['ros']
[0.301s] Level 1:colcon.colcon_core.package_identification:_identify(src/svtrobo_4ws) by extension 'ros'
[0.303s] DEBUG:colcon.colcon_core.package_identification:Package 'src/svtrobo_4ws' with type 'ros.ament_cmake' and name 'svtrobo_4ws'
[0.303s] Level 1:colcon.colcon_core.package_discovery:discover_packages(recursive) using defaults
[0.303s] Level 1:colcon.colcon_core.package_discovery:discover_packages(ignore) discover
[0.303s] Level 1:colcon.colcon_core.package_discovery:discover_packages(ignore) using defaults
[0.303s] Level 1:colcon.colcon_core.package_discovery:discover_packages(path) discover
[0.303s] Level 1:colcon.colcon_core.package_discovery:discover_packages(path) using defaults
[0.337s] Level 1:colcon.colcon_core.package_discovery:discover_packages(prefix_path) check parameters
[0.337s] Level 1:colcon.colcon_core.package_discovery:discover_packages(prefix_path) discover
[0.341s] DEBUG:colcon.colcon_installed_package_information.package_discovery:Found 3 installed packages in /home/openarm/svtrobo_ws/install
[0.343s] DEBUG:colcon.colcon_installed_package_information.package_discovery:Found 8 installed packages in /home/openarm/ros2_ws/install
[0.347s] DEBUG:colcon.colcon_installed_package_information.package_discovery:Found 364 installed packages in /opt/ros/humble
[0.352s] Level 1:colcon.colcon_core.package_discovery:discover_packages(prefix_path) using defaults
[0.446s] Level 5:colcon.colcon_core.verb:set package 'chassis' build argument 'cmake_args' from command line to 'None'
[0.446s] Level 5:colcon.colcon_core.verb:set package 'chassis' build argument 'cmake_target' from command line to 'None'
[0.446s] Level 5:colcon.colcon_core.verb:set package 'chassis' build argument 'cmake_target_skip_unavailable' from command line to 'False'
[0.446s] Level 5:colcon.colcon_core.verb:set package 'chassis' build argument 'cmake_clean_cache' from command line to 'False'
[0.446s] Level 5:colcon.colcon_core.verb:set package 'chassis' build argument 'cmake_clean_first' from command line to 'False'
[0.446s] Level 5:colcon.colcon_core.verb:set package 'chassis' build argument 'cmake_force_configure' from command line to 'False'
[0.447s] Level 5:colcon.colcon_core.verb:set package 'chassis' build argument 'ament_cmake_args' from command line to 'None'
[0.447s] Level 5:colcon.colcon_core.verb:set package 'chassis' build argument 'catkin_cmake_args' from command line to 'None'
[0.447s] Level 5:colcon.colcon_core.verb:set package 'chassis' build argument 'catkin_skip_building_tests' from command line to 'False'
[0.447s] DEBUG:colcon.colcon_core.verb:Building package 'chassis' with the following arguments: {'ament_cmake_args': None, 'build_base': '/home/openarm/svtrobo_ws/build/chassis', 'catkin_cmake_args': None, 'catkin_skip_building_tests': False, 'cmake_args': None, 'cmake_clean_cache': False, 'cmake_clean_first': False, 'cmake_force_configure': False, 'cmake_target': None, 'cmake_target_skip_unavailable': False, 'install_base': '/home/openarm/svtrobo_ws/install/chassis', 'merge_install': False, 'path': '/home/openarm/svtrobo_ws/src/chassis', 'symlink_install': False, 'test_result_base': None}
[0.447s] Level 5:colcon.colcon_core.verb:set package 'motor_control' build argument 'cmake_args' from command line to 'None'
[0.447s] Level 5:colcon.colcon_core.verb:set package 'motor_control' build argument 'cmake_target' from command line to 'None'
[0.447s] Level 5:colcon.colcon_core.verb:set package 'motor_control' build argument 'cmake_target_skip_unavailable' from command line to 'False'
[0.447s] Level 5:colcon.colcon_core.verb:set package 'motor_control' build argument 'cmake_clean_cache' from command line to 'False'
[0.447s] Level 5:colcon.colcon_core.verb:set package 'motor_control' build argument 'cmake_clean_first' from command line to 'False'
[0.447s] Level 5:colcon.colcon_core.verb:set package 'motor_control' build argument 'cmake_force_configure' from command line to 'False'
[0.447s] Level 5:colcon.colcon_core.verb:set package 'motor_control' build argument 'ament_cmake_args' from command line to 'None'
[0.448s] Level 5:colcon.colcon_core.verb:set package 'motor_control' build argument 'catkin_cmake_args' from command line to 'None'
[0.448s] Level 5:colcon.colcon_core.verb:set package 'motor_control' build argument 'catkin_skip_building_tests' from command line to 'False'
[0.448s] DEBUG:colcon.colcon_core.verb:Building package 'motor_control' with the following arguments: {'ament_cmake_args': None, 'build_base': '/home/openarm/svtrobo_ws/build/motor_control', 'catkin_cmake_args': None, 'catkin_skip_building_tests': False, 'cmake_args': None, 'cmake_clean_cache': False, 'cmake_clean_first': False, 'cmake_force_configure': False, 'cmake_target': None, 'cmake_target_skip_unavailable': False, 'install_base': '/home/openarm/svtrobo_ws/install/motor_control', 'merge_install': False, 'path': '/home/openarm/svtrobo_ws/src/robstride_actuator_bridge', 'symlink_install': False, 'test_result_base': None}
[0.448s] Level 5:colcon.colcon_core.verb:set package 'svtrobo_4ws' build argument 'cmake_args' from command line to 'None'
[0.448s] Level 5:colcon.colcon_core.verb:set package 'svtrobo_4ws' build argument 'cmake_target' from command line to 'None'
[0.448s] Level 5:colcon.colcon_core.verb:set package 'svtrobo_4ws' build argument 'cmake_target_skip_unavailable' from command line to 'False'
[0.448s] Level 5:colcon.colcon_core.verb:set package 'svtrobo_4ws' build argument 'cmake_clean_cache' from command line to 'False'
[0.448s] Level 5:colcon.colcon_core.verb:set package 'svtrobo_4ws' build argument 'cmake_clean_first' from command line to 'False'
[0.448s] Level 5:colcon.colcon_core.verb:set package 'svtrobo_4ws' build argument 'cmake_force_configure' from command line to 'False'
[0.448s] Level 5:colcon.colcon_core.verb:set package 'svtrobo_4ws' build argument 'ament_cmake_args' from command line to 'None'
[0.448s] Level 5:colcon.colcon_core.verb:set package 'svtrobo_4ws' build argument 'catkin_cmake_args' from command line to 'None'
[0.448s] Level 5:colcon.colcon_core.verb:set package 'svtrobo_4ws' build argument 'catkin_skip_building_tests' from command line to 'False'
[0.448s] DEBUG:colcon.colcon_core.verb:Building package 'svtrobo_4ws' with the following arguments: {'ament_cmake_args': None, 'build_base': '/home/openarm/svtrobo_ws/build/svtrobo_4ws', 'catkin_cmake_args': None, 'catkin_skip_building_tests': False, 'cmake_args': None, 'cmake_clean_cache': False, 'cmake_clean_first': False, 'cmake_force_configure': False, 'cmake_target': None, 'cmake_target_skip_unavailable': False, 'install_base': '/home/openarm/svtrobo_ws/install/svtrobo_4ws', 'merge_install': False, 'path': '/home/openarm/svtrobo_ws/src/svtrobo_4ws', 'symlink_install': False, 'test_result_base': None}
[0.449s] INFO:colcon.colcon_core.executor:Executing jobs using 'parallel' executor
[0.450s] DEBUG:colcon.colcon_parallel_executor.executor.parallel:run_until_complete
[0.450s] INFO:colcon.colcon_ros.task.ament_cmake.build:Building ROS package in '/home/openarm/svtrobo_ws/src/chassis' with build type 'ament_cmake'
[0.450s] INFO:colcon.colcon_cmake.task.cmake.build:Building CMake package in '/home/openarm/svtrobo_ws/src/chassis'
[0.454s] INFO:colcon.colcon_core.plugin_system:Skipping extension 'colcon_core.shell.bat': Not used on non-Windows systems
[0.454s] INFO:colcon.colcon_core.shell:Skip shell extension 'powershell' for command environment: Not usable outside of PowerShell
[0.455s] DEBUG:colcon.colcon_core.shell:Skip shell extension 'dsv' for command environment
[0.462s] INFO:colcon.colcon_ros.task.ament_cmake.build:Building ROS package in '/home/openarm/svtrobo_ws/src/robstride_actuator_bridge' with build type 'ament_cmake'
[0.462s] INFO:colcon.colcon_cmake.task.cmake.build:Building CMake package in '/home/openarm/svtrobo_ws/src/robstride_actuator_bridge'
[0.463s] INFO:colcon.colcon_core.shell:Skip shell extension 'powershell' for command environment: Not usable outside of PowerShell
[0.463s] DEBUG:colcon.colcon_core.shell:Skip shell extension 'dsv' for command environment
[0.472s] INFO:colcon.colcon_ros.task.ament_cmake.build:Building ROS package in '/home/openarm/svtrobo_ws/src/svtrobo_4ws' with build type 'ament_cmake'
[0.472s] INFO:colcon.colcon_cmake.task.cmake.build:Building CMake package in '/home/openarm/svtrobo_ws/src/svtrobo_4ws'
[0.472s] INFO:colcon.colcon_core.shell:Skip shell extension 'powershell' for command environment: Not usable outside of PowerShell
[0.472s] DEBUG:colcon.colcon_core.shell:Skip shell extension 'dsv' for command environment
[0.493s] DEBUG:colcon.colcon_core.event_handler.log_command:Invoking command in '/home/openarm/svtrobo_ws/build/chassis': CMAKE_PREFIX_PATH=${CMAKE_PREFIX_PATH}:/home/openarm/ros2_ws/install/qnbot_teleoperator:/opt/ros/humble /usr/bin/cmake --build /home/openarm/svtrobo_ws/build/chassis -- -j4 -l4
[0.503s] DEBUG:colcon.colcon_core.event_handler.log_command:Invoking command in '/home/openarm/svtrobo_ws/build/motor_control': CMAKE_PREFIX_PATH=${CMAKE_PREFIX_PATH}:/home/openarm/ros2_ws/install/qnbot_teleoperator:/opt/ros/humble /usr/bin/cmake --build /home/openarm/svtrobo_ws/build/motor_control -- -j4 -l4
[0.524s] DEBUG:colcon.colcon_core.event_handler.log_command:Invoking command in '/home/openarm/svtrobo_ws/build/svtrobo_4ws': CMAKE_PREFIX_PATH=${CMAKE_PREFIX_PATH}:/home/openarm/ros2_ws/install/qnbot_teleoperator:/opt/ros/humble /usr/bin/cmake --build /home/openarm/svtrobo_ws/build/svtrobo_4ws -- -j4 -l4
[0.627s] DEBUG:colcon.colcon_core.event_handler.log_command:Invoked command in '/home/openarm/svtrobo_ws/build/chassis' returned '0': CMAKE_PREFIX_PATH=${CMAKE_PREFIX_PATH}:/home/openarm/ros2_ws/install/qnbot_teleoperator:/opt/ros/humble /usr/bin/cmake --build /home/openarm/svtrobo_ws/build/chassis -- -j4 -l4
[0.697s] DEBUG:colcon.colcon_core.event_handler.log_command:Invoking command in '/home/openarm/svtrobo_ws/build/chassis': CMAKE_PREFIX_PATH=${CMAKE_PREFIX_PATH}:/home/openarm/ros2_ws/install/qnbot_teleoperator:/opt/ros/humble /usr/bin/cmake --install /home/openarm/svtrobo_ws/build/chassis
[0.726s] Level 1:colcon.colcon_core.environment:create_environment_scripts_only(chassis)
[0.750s] DEBUG:colcon.colcon_core.event_handler.log_command:Invoked command in '/home/openarm/svtrobo_ws/build/chassis' returned '0': CMAKE_PREFIX_PATH=${CMAKE_PREFIX_PATH}:/home/openarm/ros2_ws/install/qnbot_teleoperator:/opt/ros/humble /usr/bin/cmake --install /home/openarm/svtrobo_ws/build/chassis
[0.758s] Level 1:colcon.colcon_core.environment:checking '/home/openarm/svtrobo_ws/install/chassis' for CMake module files
[0.760s] Level 1:colcon.colcon_core.environment:checking '/home/openarm/svtrobo_ws/install/chassis' for CMake config files
[0.761s] Level 1:colcon.colcon_core.shell:create_environment_hook('chassis', 'cmake_prefix_path')
[0.763s] INFO:colcon.colcon_core.shell:Creating environment hook '/home/openarm/svtrobo_ws/install/chassis/share/chassis/hook/cmake_prefix_path.ps1'
[0.771s] INFO:colcon.colcon_core.shell:Creating environment descriptor '/home/openarm/svtrobo_ws/install/chassis/share/chassis/hook/cmake_prefix_path.dsv'
[0.772s] INFO:colcon.colcon_core.shell:Creating environment hook '/home/openarm/svtrobo_ws/install/chassis/share/chassis/hook/cmake_prefix_path.sh'
[0.781s] Level 1:colcon.colcon_core.environment:checking '/home/openarm/svtrobo_ws/install/chassis/bin'
[0.781s] Level 1:colcon.colcon_core.environment:checking '/home/openarm/svtrobo_ws/install/chassis/lib/pkgconfig/chassis.pc'
[0.784s] Level 1:colcon.colcon_core.environment:checking '/home/openarm/svtrobo_ws/install/chassis/lib/python3.10/site-packages'
[0.787s] Level 1:colcon.colcon_core.environment:checking '/home/openarm/svtrobo_ws/install/chassis/bin'
[0.791s] INFO:colcon.colcon_core.shell:Creating package script '/home/openarm/svtrobo_ws/install/chassis/share/chassis/package.ps1'
[0.803s] INFO:colcon.colcon_core.shell:Creating package descriptor '/home/openarm/svtrobo_ws/install/chassis/share/chassis/package.dsv'
[0.807s] INFO:colcon.colcon_core.shell:Creating package script '/home/openarm/svtrobo_ws/install/chassis/share/chassis/package.sh'
[0.811s] INFO:colcon.colcon_core.shell:Creating package script '/home/openarm/svtrobo_ws/install/chassis/share/chassis/package.bash'
[0.816s] INFO:colcon.colcon_core.shell:Creating package script '/home/openarm/svtrobo_ws/install/chassis/share/chassis/package.zsh'
[0.818s] Level 1:colcon.colcon_core.environment:create_file_with_runtime_dependencies(/home/openarm/svtrobo_ws/install/chassis/share/colcon-core/packages/chassis)
[0.821s] Level 1:colcon.colcon_core.environment:create_environment_scripts_only(chassis)
[0.821s] Level 1:colcon.colcon_core.environment:checking '/home/openarm/svtrobo_ws/install/chassis' for CMake module files
[0.823s] Level 1:colcon.colcon_core.environment:checking '/home/openarm/svtrobo_ws/install/chassis' for CMake config files
[0.824s] Level 1:colcon.colcon_core.shell:create_environment_hook('chassis', 'cmake_prefix_path')
[0.824s] INFO:colcon.colcon_core.shell:Creating environment hook '/home/openarm/svtrobo_ws/install/chassis/share/chassis/hook/cmake_prefix_path.ps1'
[0.826s] INFO:colcon.colcon_core.shell:Creating environment descriptor '/home/openarm/svtrobo_ws/install/chassis/share/chassis/hook/cmake_prefix_path.dsv'
[0.827s] INFO:colcon.colcon_core.shell:Creating environment hook '/home/openarm/svtrobo_ws/install/chassis/share/chassis/hook/cmake_prefix_path.sh'
[0.828s] Level 1:colcon.colcon_core.environment:checking '/home/openarm/svtrobo_ws/install/chassis/bin'
[0.829s] Level 1:colcon.colcon_core.environment:checking '/home/openarm/svtrobo_ws/install/chassis/lib/pkgconfig/chassis.pc'
[0.829s] Level 1:colcon.colcon_core.environment:checking '/home/openarm/svtrobo_ws/install/chassis/lib/python3.10/site-packages'
[0.833s] Level 1:colcon.colcon_core.environment:checking '/home/openarm/svtrobo_ws/install/chassis/bin'
[0.837s] INFO:colcon.colcon_core.shell:Creating package script '/home/openarm/svtrobo_ws/install/chassis/share/chassis/package.ps1'
[0.839s] INFO:colcon.colcon_core.shell:Creating package descriptor '/home/openarm/svtrobo_ws/install/chassis/share/chassis/package.dsv'
[0.840s] INFO:colcon.colcon_core.shell:Creating package script '/home/openarm/svtrobo_ws/install/chassis/share/chassis/package.sh'
[0.842s] INFO:colcon.colcon_core.shell:Creating package script '/home/openarm/svtrobo_ws/install/chassis/share/chassis/package.bash'
[0.844s] INFO:colcon.colcon_core.shell:Creating package script '/home/openarm/svtrobo_ws/install/chassis/share/chassis/package.zsh'
[0.848s] Level 1:colcon.colcon_core.environment:create_file_with_runtime_dependencies(/home/openarm/svtrobo_ws/install/chassis/share/colcon-core/packages/chassis)
[0.856s] DEBUG:colcon.colcon_core.event_handler.log_command:Invoked command in '/home/openarm/svtrobo_ws/build/svtrobo_4ws' returned '0': CMAKE_PREFIX_PATH=${CMAKE_PREFIX_PATH}:/home/openarm/ros2_ws/install/qnbot_teleoperator:/opt/ros/humble /usr/bin/cmake --build /home/openarm/svtrobo_ws/build/svtrobo_4ws -- -j4 -l4
[0.863s] DEBUG:colcon.colcon_core.event_handler.log_command:Invoking command in '/home/openarm/svtrobo_ws/build/svtrobo_4ws': CMAKE_PREFIX_PATH=${CMAKE_PREFIX_PATH}:/home/openarm/ros2_ws/install/qnbot_teleoperator:/opt/ros/humble /usr/bin/cmake --install /home/openarm/svtrobo_ws/build/svtrobo_4ws
[0.910s] Level 1:colcon.colcon_core.environment:create_environment_scripts_only(svtrobo_4ws)
[0.911s] Level 1:colcon.colcon_core.environment:checking '/home/openarm/svtrobo_ws/install/svtrobo_4ws' for CMake module files
[0.912s] Level 1:colcon.colcon_core.environment:checking '/home/openarm/svtrobo_ws/install/svtrobo_4ws' for CMake config files
[0.915s] Level 1:colcon.colcon_core.shell:create_environment_hook('svtrobo_4ws', 'cmake_prefix_path')
[0.920s] INFO:colcon.colcon_core.shell:Creating environment hook '/home/openarm/svtrobo_ws/install/svtrobo_4ws/share/svtrobo_4ws/hook/cmake_prefix_path.ps1'
[0.919s] DEBUG:colcon.colcon_core.event_handler.log_command:Invoked command in '/home/openarm/svtrobo_ws/build/svtrobo_4ws' returned '0': CMAKE_PREFIX_PATH=${CMAKE_PREFIX_PATH}:/home/openarm/ros2_ws/install/qnbot_teleoperator:/opt/ros/humble /usr/bin/cmake --install /home/openarm/svtrobo_ws/build/svtrobo_4ws
[0.922s] INFO:colcon.colcon_core.shell:Creating environment descriptor '/home/openarm/svtrobo_ws/install/svtrobo_4ws/share/svtrobo_4ws/hook/cmake_prefix_path.dsv'
[0.923s] INFO:colcon.colcon_core.shell:Creating environment hook '/home/openarm/svtrobo_ws/install/svtrobo_4ws/share/svtrobo_4ws/hook/cmake_prefix_path.sh'
[0.926s] Level 1:colcon.colcon_core.environment:checking '/home/openarm/svtrobo_ws/install/svtrobo_4ws/lib'
[0.926s] Level 1:colcon.colcon_core.environment:checking '/home/openarm/svtrobo_ws/install/svtrobo_4ws/bin'
[0.927s] Level 1:colcon.colcon_core.environment:checking '/home/openarm/svtrobo_ws/install/svtrobo_4ws/lib/pkgconfig/svtrobo_4ws.pc'
[0.927s] Level 1:colcon.colcon_core.environment:checking '/home/openarm/svtrobo_ws/install/svtrobo_4ws/lib/python3.10/site-packages'
[0.928s] Level 1:colcon.colcon_core.environment:checking '/home/openarm/svtrobo_ws/install/svtrobo_4ws/bin'
[0.929s] INFO:colcon.colcon_core.shell:Creating package script '/home/openarm/svtrobo_ws/install/svtrobo_4ws/share/svtrobo_4ws/package.ps1'
[0.930s] INFO:colcon.colcon_core.shell:Creating package descriptor '/home/openarm/svtrobo_ws/install/svtrobo_4ws/share/svtrobo_4ws/package.dsv'
[0.932s] INFO:colcon.colcon_core.shell:Creating package script '/home/openarm/svtrobo_ws/install/svtrobo_4ws/share/svtrobo_4ws/package.sh'
[0.934s] INFO:colcon.colcon_core.shell:Creating package script '/home/openarm/svtrobo_ws/install/svtrobo_4ws/share/svtrobo_4ws/package.bash'
[0.935s] INFO:colcon.colcon_core.shell:Creating package script '/home/openarm/svtrobo_ws/install/svtrobo_4ws/share/svtrobo_4ws/package.zsh'
[0.936s] Level 1:colcon.colcon_core.environment:create_file_with_runtime_dependencies(/home/openarm/svtrobo_ws/install/svtrobo_4ws/share/colcon-core/packages/svtrobo_4ws)
[0.938s] Level 1:colcon.colcon_core.environment:create_environment_scripts_only(svtrobo_4ws)
[0.939s] Level 1:colcon.colcon_core.environment:checking '/home/openarm/svtrobo_ws/install/svtrobo_4ws' for CMake module files
[0.942s] Level 1:colcon.colcon_core.environment:checking '/home/openarm/svtrobo_ws/install/svtrobo_4ws' for CMake config files
[0.943s] Level 1:colcon.colcon_core.shell:create_environment_hook('svtrobo_4ws', 'cmake_prefix_path')
[0.943s] INFO:colcon.colcon_core.shell:Creating environment hook '/home/openarm/svtrobo_ws/install/svtrobo_4ws/share/svtrobo_4ws/hook/cmake_prefix_path.ps1'
[0.945s] INFO:colcon.colcon_core.shell:Creating environment descriptor '/home/openarm/svtrobo_ws/install/svtrobo_4ws/share/svtrobo_4ws/hook/cmake_prefix_path.dsv'
[0.946s] INFO:colcon.colcon_core.shell:Creating environment hook '/home/openarm/svtrobo_ws/install/svtrobo_4ws/share/svtrobo_4ws/hook/cmake_prefix_path.sh'
[0.948s] Level 1:colcon.colcon_core.environment:checking '/home/openarm/svtrobo_ws/install/svtrobo_4ws/lib'
[0.948s] Level 1:colcon.colcon_core.environment:checking '/home/openarm/svtrobo_ws/install/svtrobo_4ws/bin'
[0.948s] Level 1:colcon.colcon_core.environment:checking '/home/openarm/svtrobo_ws/install/svtrobo_4ws/lib/pkgconfig/svtrobo_4ws.pc'
[0.949s] Level 1:colcon.colcon_core.environment:checking '/home/openarm/svtrobo_ws/install/svtrobo_4ws/lib/python3.10/site-packages'
[0.951s] Level 1:colcon.colcon_core.environment:checking '/home/openarm/svtrobo_ws/install/svtrobo_4ws/bin'
[0.952s] INFO:colcon.colcon_core.shell:Creating package script '/home/openarm/svtrobo_ws/install/svtrobo_4ws/share/svtrobo_4ws/package.ps1'
[0.953s] INFO:colcon.colcon_core.shell:Creating package descriptor '/home/openarm/svtrobo_ws/install/svtrobo_4ws/share/svtrobo_4ws/package.dsv'
[0.955s] INFO:colcon.colcon_core.shell:Creating package script '/home/openarm/svtrobo_ws/install/svtrobo_4ws/share/svtrobo_4ws/package.sh'
[0.956s] INFO:colcon.colcon_core.shell:Creating package script '/home/openarm/svtrobo_ws/install/svtrobo_4ws/share/svtrobo_4ws/package.bash'
[0.960s] INFO:colcon.colcon_core.shell:Creating package script '/home/openarm/svtrobo_ws/install/svtrobo_4ws/share/svtrobo_4ws/package.zsh'
[0.961s] Level 1:colcon.colcon_core.environment:create_file_with_runtime_dependencies(/home/openarm/svtrobo_ws/install/svtrobo_4ws/share/colcon-core/packages/svtrobo_4ws)
[1.678s] DEBUG:colcon.colcon_core.event_handler.log_command:Invoked command in '/home/openarm/svtrobo_ws/build/motor_control' returned '0': CMAKE_PREFIX_PATH=${CMAKE_PREFIX_PATH}:/home/openarm/ros2_ws/install/qnbot_teleoperator:/opt/ros/humble /usr/bin/cmake --build /home/openarm/svtrobo_ws/build/motor_control -- -j4 -l4
[1.680s] DEBUG:colcon.colcon_core.event_handler.log_command:Invoking command in '/home/openarm/svtrobo_ws/build/motor_control': CMAKE_PREFIX_PATH=${CMAKE_PREFIX_PATH}:/home/openarm/ros2_ws/install/qnbot_teleoperator:/opt/ros/humble /usr/bin/cmake --install /home/openarm/svtrobo_ws/build/motor_control
[1.825s] Level 1:colcon.colcon_core.environment:create_environment_scripts_only(motor_control)
[1.826s] Level 1:colcon.colcon_core.environment:checking '/home/openarm/svtrobo_ws/install/motor_control' for CMake module files
[1.827s] DEBUG:colcon.colcon_core.event_handler.log_command:Invoked command in '/home/openarm/svtrobo_ws/build/motor_control' returned '0': CMAKE_PREFIX_PATH=${CMAKE_PREFIX_PATH}:/home/openarm/ros2_ws/install/qnbot_teleoperator:/opt/ros/humble /usr/bin/cmake --install /home/openarm/svtrobo_ws/build/motor_control
[1.828s] Level 1:colcon.colcon_core.environment:checking '/home/openarm/svtrobo_ws/install/motor_control' for CMake config files
[1.829s] Level 1:colcon.colcon_core.shell:create_environment_hook('motor_control', 'cmake_prefix_path')
[1.829s] INFO:colcon.colcon_core.shell:Creating environment hook '/home/openarm/svtrobo_ws/install/motor_control/share/motor_control/hook/cmake_prefix_path.ps1'
[1.830s] INFO:colcon.colcon_core.shell:Creating environment descriptor '/home/openarm/svtrobo_ws/install/motor_control/share/motor_control/hook/cmake_prefix_path.dsv'
[1.830s] INFO:colcon.colcon_core.shell:Creating environment hook '/home/openarm/svtrobo_ws/install/motor_control/share/motor_control/hook/cmake_prefix_path.sh'
[1.831s] Level 1:colcon.colcon_core.environment:checking '/home/openarm/svtrobo_ws/install/motor_control/lib'
[1.831s] Level 1:colcon.colcon_core.shell:create_environment_hook('motor_control', 'ld_library_path_lib')
[1.832s] INFO:colcon.colcon_core.shell:Creating environment hook '/home/openarm/svtrobo_ws/install/motor_control/share/motor_control/hook/ld_library_path_lib.ps1'
[1.832s] INFO:colcon.colcon_core.shell:Creating environment descriptor '/home/openarm/svtrobo_ws/install/motor_control/share/motor_control/hook/ld_library_path_lib.dsv'
[1.833s] INFO:colcon.colcon_core.shell:Creating environment hook '/home/openarm/svtrobo_ws/install/motor_control/share/motor_control/hook/ld_library_path_lib.sh'
[1.833s] Level 1:colcon.colcon_core.environment:checking '/home/openarm/svtrobo_ws/install/motor_control/bin'
[1.833s] Level 1:colcon.colcon_core.environment:checking '/home/openarm/svtrobo_ws/install/motor_control/lib/pkgconfig/motor_control.pc'
[1.834s] Level 1:colcon.colcon_core.environment:checking '/home/openarm/svtrobo_ws/install/motor_control/lib/python3.10/site-packages'
[1.834s] Level 1:colcon.colcon_core.environment:checking '/home/openarm/svtrobo_ws/install/motor_control/bin'
[1.835s] INFO:colcon.colcon_core.shell:Creating package script '/home/openarm/svtrobo_ws/install/motor_control/share/motor_control/package.ps1'
[1.836s] INFO:colcon.colcon_core.shell:Creating package descriptor '/home/openarm/svtrobo_ws/install/motor_control/share/motor_control/package.dsv'
[1.836s] INFO:colcon.colcon_core.shell:Creating package script '/home/openarm/svtrobo_ws/install/motor_control/share/motor_control/package.sh'
[1.837s] INFO:colcon.colcon_core.shell:Creating package script '/home/openarm/svtrobo_ws/install/motor_control/share/motor_control/package.bash'
[1.838s] INFO:colcon.colcon_core.shell:Creating package script '/home/openarm/svtrobo_ws/install/motor_control/share/motor_control/package.zsh'
[1.839s] Level 1:colcon.colcon_core.environment:create_file_with_runtime_dependencies(/home/openarm/svtrobo_ws/install/motor_control/share/colcon-core/packages/motor_control)
[1.840s] Level 1:colcon.colcon_core.environment:create_environment_scripts_only(motor_control)
[1.840s] Level 1:colcon.colcon_core.environment:checking '/home/openarm/svtrobo_ws/install/motor_control' for CMake module files
[1.841s] Level 1:colcon.colcon_core.environment:checking '/home/openarm/svtrobo_ws/install/motor_control' for CMake config files
[1.841s] Level 1:colcon.colcon_core.shell:create_environment_hook('motor_control', 'cmake_prefix_path')
[1.842s] INFO:colcon.colcon_core.shell:Creating environment hook '/home/openarm/svtrobo_ws/install/motor_control/share/motor_control/hook/cmake_prefix_path.ps1'
[1.842s] INFO:colcon.colcon_core.shell:Creating environment descriptor '/home/openarm/svtrobo_ws/install/motor_control/share/motor_control/hook/cmake_prefix_path.dsv'
[1.843s] INFO:colcon.colcon_core.shell:Creating environment hook '/home/openarm/svtrobo_ws/install/motor_control/share/motor_control/hook/cmake_prefix_path.sh'
[1.844s] Level 1:colcon.colcon_core.environment:checking '/home/openarm/svtrobo_ws/install/motor_control/lib'
[1.844s] Level 1:colcon.colcon_core.shell:create_environment_hook('motor_control', 'ld_library_path_lib')
[1.844s] INFO:colcon.colcon_core.shell:Creating environment hook '/home/openarm/svtrobo_ws/install/motor_control/share/motor_control/hook/ld_library_path_lib.ps1'
[1.845s] INFO:colcon.colcon_core.shell:Creating environment descriptor '/home/openarm/svtrobo_ws/install/motor_control/share/motor_control/hook/ld_library_path_lib.dsv'
[1.845s] INFO:colcon.colcon_core.shell:Creating environment hook '/home/openarm/svtrobo_ws/install/motor_control/share/motor_control/hook/ld_library_path_lib.sh'
[1.846s] Level 1:colcon.colcon_core.environment:checking '/home/openarm/svtrobo_ws/install/motor_control/bin'
[1.846s] Level 1:colcon.colcon_core.environment:checking '/home/openarm/svtrobo_ws/install/motor_control/lib/pkgconfig/motor_control.pc'
[1.846s] Level 1:colcon.colcon_core.environment:checking '/home/openarm/svtrobo_ws/install/motor_control/lib/python3.10/site-packages'
[1.847s] Level 1:colcon.colcon_core.environment:checking '/home/openarm/svtrobo_ws/install/motor_control/bin'
[1.848s] INFO:colcon.colcon_core.shell:Creating package script '/home/openarm/svtrobo_ws/install/motor_control/share/motor_control/package.ps1'
[1.849s] INFO:colcon.colcon_core.shell:Creating package descriptor '/home/openarm/svtrobo_ws/install/motor_control/share/motor_control/package.dsv'
[1.850s] INFO:colcon.colcon_core.shell:Creating package script '/home/openarm/svtrobo_ws/install/motor_control/share/motor_control/package.sh'
[1.850s] INFO:colcon.colcon_core.shell:Creating package script '/home/openarm/svtrobo_ws/install/motor_control/share/motor_control/package.bash'
[1.851s] INFO:colcon.colcon_core.shell:Creating package script '/home/openarm/svtrobo_ws/install/motor_control/share/motor_control/package.zsh'
[1.852s] Level 1:colcon.colcon_core.environment:create_file_with_runtime_dependencies(/home/openarm/svtrobo_ws/install/motor_control/share/colcon-core/packages/motor_control)
[1.852s] DEBUG:colcon.colcon_parallel_executor.executor.parallel:closing loop
[1.853s] DEBUG:colcon.colcon_parallel_executor.executor.parallel:loop closed
[1.853s] DEBUG:colcon.colcon_parallel_executor.executor.parallel:run_until_complete finished with '0'
[1.853s] DEBUG:colcon.colcon_core.event_reactor:joining thread
[1.865s] INFO:colcon.colcon_core.plugin_system:Skipping extension 'colcon_notification.desktop_notification.terminal_notifier': Not used on non-Darwin systems
[1.866s] INFO:colcon.colcon_core.plugin_system:Skipping extension 'colcon_notification.desktop_notification.win32': Not used on non-Windows systems
[1.866s] INFO:colcon.colcon_notification.desktop_notification:Sending desktop notification using 'notify2'
[1.885s] DEBUG:colcon.colcon_core.event_reactor:joined thread
[1.885s] INFO:colcon.colcon_core.shell:Creating prefix script '/home/openarm/svtrobo_ws/install/local_setup.ps1'
[1.887s] INFO:colcon.colcon_core.shell:Creating prefix util module '/home/openarm/svtrobo_ws/install/_local_setup_util_ps1.py'
[1.913s] INFO:colcon.colcon_core.shell:Creating prefix chain script '/home/openarm/svtrobo_ws/install/setup.ps1'
[1.915s] INFO:colcon.colcon_core.shell:Creating prefix script '/home/openarm/svtrobo_ws/install/local_setup.sh'
[1.916s] INFO:colcon.colcon_core.shell:Creating prefix util module '/home/openarm/svtrobo_ws/install/_local_setup_util_sh.py'
[1.918s] INFO:colcon.colcon_core.shell:Creating prefix chain script '/home/openarm/svtrobo_ws/install/setup.sh'
[1.925s] INFO:colcon.colcon_core.shell:Creating prefix script '/home/openarm/svtrobo_ws/install/local_setup.bash'
[1.926s] INFO:colcon.colcon_core.shell:Creating prefix chain script '/home/openarm/svtrobo_ws/install/setup.bash'
[1.930s] INFO:colcon.colcon_core.shell:Creating prefix script '/home/openarm/svtrobo_ws/install/local_setup.zsh'
[1.931s] INFO:colcon.colcon_core.shell:Creating prefix chain script '/home/openarm/svtrobo_ws/install/setup.zsh'
