[35m[1mConsolidate compiler generated dependencies of target zlac8015d_canopen_node[0m
[35m[1mConsolidate compiler generated dependencies of target zlac8015d_rpm_node[0m
[ 33%] Built target lift_RS485_control
[ 66%] Built target zlac8015d_rpm_node
[100%] Built target zlac8015d_canopen_node
-- Install configuration: ""
-- Up-to-date: /home/openarm/svtrobo_ws/install/svtrobo_4ws/lib/svtrobo_4ws/zlac8015d_rpm_node
-- Up-to-date: /home/openarm/svtrobo_ws/install/svtrobo_4ws/lib/svtrobo_4ws/zlac8015d_canopen_node
-- Up-to-date: /home/openarm/svtrobo_ws/install/svtrobo_4ws/lib/svtrobo_4ws/lift_RS485_control
-- Up-to-date: /home/openarm/svtrobo_ws/install/svtrobo_4ws/lib/svtrobo_4ws/output_4s.py
-- Up-to-date: /home/openarm/svtrobo_ws/install/svtrobo_4ws/lib/svtrobo_4ws/canfd_init.bash
-- Up-to-date: /home/openarm/svtrobo_ws/install/svtrobo_4ws/share/svtrobo_4ws/launch
-- Up-to-date: /home/openarm/svtrobo_ws/install/svtrobo_4ws/share/svtrobo_4ws/launch/svtrobo_bringup.launch.py
-- Up-to-date: /home/openarm/svtrobo_ws/install/svtrobo_4ws/share/svtrobo_4ws/scripts
-- Up-to-date: /home/openarm/svtrobo_ws/install/svtrobo_4ws/share/svtrobo_4ws/scripts/output_4s.py
-- Up-to-date: /home/openarm/svtrobo_ws/install/svtrobo_4ws/share/svtrobo_4ws/scripts/canfd_init.bash
-- Up-to-date: /home/openarm/svtrobo_ws/install/svtrobo_4ws/share/ament_index/resource_index/package_run_dependencies/svtrobo_4ws
-- Up-to-date: /home/openarm/svtrobo_ws/install/svtrobo_4ws/share/ament_index/resource_index/parent_prefix_path/svtrobo_4ws
-- Up-to-date: /home/openarm/svtrobo_ws/install/svtrobo_4ws/share/svtrobo_4ws/environment/ament_prefix_path.sh
-- Up-to-date: /home/openarm/svtrobo_ws/install/svtrobo_4ws/share/svtrobo_4ws/environment/ament_prefix_path.dsv
-- Up-to-date: /home/openarm/svtrobo_ws/install/svtrobo_4ws/share/svtrobo_4ws/environment/path.sh
-- Up-to-date: /home/openarm/svtrobo_ws/install/svtrobo_4ws/share/svtrobo_4ws/environment/path.dsv
-- Up-to-date: /home/openarm/svtrobo_ws/install/svtrobo_4ws/share/svtrobo_4ws/local_setup.bash
-- Up-to-date: /home/openarm/svtrobo_ws/install/svtrobo_4ws/share/svtrobo_4ws/local_setup.sh
-- Up-to-date: /home/openarm/svtrobo_ws/install/svtrobo_4ws/share/svtrobo_4ws/local_setup.zsh
-- Up-to-date: /home/openarm/svtrobo_ws/install/svtrobo_4ws/share/svtrobo_4ws/local_setup.dsv
-- Installing: /home/openarm/svtrobo_ws/install/svtrobo_4ws/share/svtrobo_4ws/package.dsv
-- Up-to-date: /home/openarm/svtrobo_ws/install/svtrobo_4ws/share/ament_index/resource_index/packages/svtrobo_4ws
-- Up-to-date: /home/openarm/svtrobo_ws/install/svtrobo_4ws/share/svtrobo_4ws/cmake/svtrobo_4wsConfig.cmake
-- Up-to-date: /home/openarm/svtrobo_ws/install/svtrobo_4ws/share/svtrobo_4ws/cmake/svtrobo_4wsConfig-version.cmake
-- Up-to-date: /home/openarm/svtrobo_ws/install/svtrobo_4ws/share/svtrobo_4ws/package.xml
