-- The C compiler identification is GNU 11.4.0
-- The CXX compiler identification is GNU 11.4.0
-- Detecting C compiler ABI info
-- Detecting C compiler ABI info - done
-- Check for working C compiler: /usr/bin/cc - skipped
-- Detecting C compile features
-- Detecting C compile features - done
-- Detecting CXX compiler ABI info
-- Detecting CXX compiler ABI info - done
-- Check for working CXX compiler: /usr/bin/c++ - skipped
-- Detecting CXX compile features
-- Detecting CXX compile features - done
-- Found ament_cmake: 1.3.12 (/opt/ros/humble/share/ament_cmake/cmake)
-- Found Python3: /usr/bin/python3 (found version "3.10.12") found components: Interpreter 
-- Found rclcpp: 16.0.16 (/opt/ros/humble/share/rclcpp/cmake)
-- Found rosidl_generator_c: 3.1.7 (/opt/ros/humble/share/rosidl_generator_c/cmake)
-- Found rosidl_adapter: 3.1.7 (/opt/ros/humble/share/rosidl_adapter/cmake)
-- Found rosidl_generator_cpp: 3.1.7 (/opt/ros/humble/share/rosidl_generator_cpp/cmake)
-- Using all available rosidl_typesupport_c: rosidl_typesupport_fastrtps_c;rosidl_typesupport_introspection_c
-- Using all available rosidl_typesupport_cpp: rosidl_typesupport_fastrtps_cpp;rosidl_typesupport_introspection_cpp
-- Found rmw_implementation_cmake: 6.1.2 (/opt/ros/humble/share/rmw_implementation_cmake/cmake)
-- Found rmw_fastrtps_cpp: 6.2.9 (/opt/ros/humble/share/rmw_fastrtps_cpp/cmake)
-- Found OpenSSL: /usr/lib/x86_64-linux-gnu/libcrypto.so (found version "3.0.2")  
-- Found FastRTPS: /opt/ros/humble/include  
-- Using RMW implementation 'rmw_fastrtps_cpp' as default
-- Looking for pthread.h
-- Looking for pthread.h - found
-- Performing Test CMAKE_HAVE_LIBC_PTHREAD
-- Performing Test CMAKE_HAVE_LIBC_PTHREAD - Success
-- Found Threads: TRUE  
-- Found sensor_msgs: 4.9.0 (/opt/ros/humble/share/sensor_msgs/cmake)
-- Found rosidl_default_generators: 1.2.0 (/opt/ros/humble/share/rosidl_default_generators/cmake)
-- Configuring done
-- Generating done
-- Build files have been written to: /home/openarm/svtrobo_ws/build/classis_control
[ 14%] [32mBuilding CXX object CMakeFiles/classis_control_lib.dir/src/steering_motor.cpp.o[0m
[ 28%] [32mBuilding CXX object CMakeFiles/classis_control_lib.dir/src/wheel_motor.cpp.o[0m
[ 42%] [32m[1mLinking CXX static library libclassis_control.a[0m
[ 42%] Built target classis_control_lib
[ 57%] [32mBuilding CXX object CMakeFiles/lift_control.dir/src/lift_RS485_control.cpp.o[0m
[ 71%] [32mBuilding CXX object CMakeFiles/classis_control.dir/src/main.cpp.o[0m
[ 85%] [32m[1mLinking CXX executable classis_control[0m
[ 85%] Built target classis_control
[100%] [32m[1mLinking CXX executable lift_control[0m
[100%] Built target lift_control
-- Install configuration: ""
-- Installing: /home/openarm/svtrobo_ws/install/classis_control/include
-- Installing: /home/openarm/svtrobo_ws/install/classis_control/include/classis_control
-- Installing: /home/openarm/svtrobo_ws/install/classis_control/include/classis_control/wheel_motor.h
-- Installing: /home/openarm/svtrobo_ws/install/classis_control/include/classis_control/steering_motor.h
-- Installing: /home/openarm/svtrobo_ws/install/classis_control/lib/libclassis_control.a
-- Installing: /home/openarm/svtrobo_ws/install/classis_control/lib/classis_control/classis_control
-- Set runtime path of "/home/openarm/svtrobo_ws/install/classis_control/lib/classis_control/classis_control" to ""
-- Up-to-date: /home/openarm/svtrobo_ws/install/classis_control/lib/libclassis_control.a
-- Installing: /home/openarm/svtrobo_ws/install/classis_control/lib/classis_control/lift_control
-- Set runtime path of "/home/openarm/svtrobo_ws/install/classis_control/lib/classis_control/lift_control" to ""
-- Installing: /home/openarm/svtrobo_ws/install/classis_control/share/classis_control/launch
-- Installing: /home/openarm/svtrobo_ws/install/classis_control/share/classis_control/launch/svtrobo_bringup.launch.py
-- Installing: /home/openarm/svtrobo_ws/install/classis_control/share/ament_index/resource_index/package_run_dependencies/classis_control
-- Installing: /home/openarm/svtrobo_ws/install/classis_control/share/ament_index/resource_index/parent_prefix_path/classis_control
-- Installing: /home/openarm/svtrobo_ws/install/classis_control/share/classis_control/environment/ament_prefix_path.sh
-- Installing: /home/openarm/svtrobo_ws/install/classis_control/share/classis_control/environment/ament_prefix_path.dsv
-- Installing: /home/openarm/svtrobo_ws/install/classis_control/share/classis_control/environment/path.sh
-- Installing: /home/openarm/svtrobo_ws/install/classis_control/share/classis_control/environment/path.dsv
-- Installing: /home/openarm/svtrobo_ws/install/classis_control/share/classis_control/local_setup.bash
-- Installing: /home/openarm/svtrobo_ws/install/classis_control/share/classis_control/local_setup.sh
-- Installing: /home/openarm/svtrobo_ws/install/classis_control/share/classis_control/local_setup.zsh
-- Installing: /home/openarm/svtrobo_ws/install/classis_control/share/classis_control/local_setup.dsv
-- Installing: /home/openarm/svtrobo_ws/install/classis_control/share/classis_control/package.dsv
-- Installing: /home/openarm/svtrobo_ws/install/classis_control/share/ament_index/resource_index/packages/classis_control
-- Installing: /home/openarm/svtrobo_ws/install/classis_control/share/classis_control/cmake/ament_cmake_export_dependencies-extras.cmake
-- Installing: /home/openarm/svtrobo_ws/install/classis_control/share/classis_control/cmake/classis_controlConfig.cmake
-- Installing: /home/openarm/svtrobo_ws/install/classis_control/share/classis_control/cmake/classis_controlConfig-version.cmake
-- Installing: /home/openarm/svtrobo_ws/install/classis_control/share/classis_control/package.xml
