[0.012s] Invoking command in '/home/openarm/svtrobo_ws/build/classis_control': CMAKE_PREFIX_PATH=${CMAKE_PREFIX_PATH}:/home/openarm/ros2_ws/install/qnbot_teleoperator:/opt/ros/humble /usr/bin/cmake /home/openarm/svtrobo_ws/src/classis_control -DCMAKE_INSTALL_PREFIX=/home/openarm/svtrobo_ws/install/classis_control
[0.085s] -- The C compiler identification is GNU 11.4.0
[0.151s] -- The CXX compiler identification is GNU 11.4.0
[0.160s] -- Detecting C compiler ABI info
[0.235s] -- Detecting C compiler ABI info - done
[0.243s] -- Check for working C compiler: /usr/bin/cc - skipped
[0.244s] -- Detecting C compile features
[0.244s] -- Detecting C compile features - done
[0.247s] -- Detecting CXX compiler ABI info
[0.323s] -- Detecting CXX compiler ABI info - done
[0.337s] -- Check for working CXX compiler: /usr/bin/c++ - skipped
[0.337s] -- Detecting CXX compile features
[0.338s] -- Detecting CXX compile features - done
[0.342s] -- Found ament_cmake: 1.3.12 (/opt/ros/humble/share/ament_cmake/cmake)
[0.547s] -- Found Python3: /usr/bin/python3 (found version "3.10.12") found components: Interpreter 
[0.688s] -- Found rclcpp: 16.0.16 (/opt/ros/humble/share/rclcpp/cmake)
[0.759s] -- Found rosidl_generator_c: 3.1.7 (/opt/ros/humble/share/rosidl_generator_c/cmake)
[0.769s] -- Found rosidl_adapter: 3.1.7 (/opt/ros/humble/share/rosidl_adapter/cmake)
[0.784s] -- Found rosidl_generator_cpp: 3.1.7 (/opt/ros/humble/share/rosidl_generator_cpp/cmake)
[0.806s] -- Using all available rosidl_typesupport_c: rosidl_typesupport_fastrtps_c;rosidl_typesupport_introspection_c
[0.836s] -- Using all available rosidl_typesupport_cpp: rosidl_typesupport_fastrtps_cpp;rosidl_typesupport_introspection_cpp
[0.917s] -- Found rmw_implementation_cmake: 6.1.2 (/opt/ros/humble/share/rmw_implementation_cmake/cmake)
[0.922s] -- Found rmw_fastrtps_cpp: 6.2.9 (/opt/ros/humble/share/rmw_fastrtps_cpp/cmake)
[1.048s] -- Found OpenSSL: /usr/lib/x86_64-linux-gnu/libcrypto.so (found version "3.0.2")  
[1.086s] -- Found FastRTPS: /opt/ros/humble/include  
[1.134s] -- Using RMW implementation 'rmw_fastrtps_cpp' as default
[1.149s] -- Looking for pthread.h
[1.249s] -- Looking for pthread.h - found
[1.250s] -- Performing Test CMAKE_HAVE_LIBC_PTHREAD
[1.343s] -- Performing Test CMAKE_HAVE_LIBC_PTHREAD - Success
[1.344s] -- Found Threads: TRUE  
[1.399s] -- Found sensor_msgs: 4.9.0 (/opt/ros/humble/share/sensor_msgs/cmake)
[1.443s] -- Found rosidl_default_generators: 1.2.0 (/opt/ros/humble/share/rosidl_default_generators/cmake)
[1.521s] -- Configuring done
[1.538s] -- Generating done
[1.545s] -- Build files have been written to: /home/openarm/svtrobo_ws/build/classis_control
[1.555s] Invoked command in '/home/openarm/svtrobo_ws/build/classis_control' returned '0': CMAKE_PREFIX_PATH=${CMAKE_PREFIX_PATH}:/home/openarm/ros2_ws/install/qnbot_teleoperator:/opt/ros/humble /usr/bin/cmake /home/openarm/svtrobo_ws/src/classis_control -DCMAKE_INSTALL_PREFIX=/home/openarm/svtrobo_ws/install/classis_control
[1.557s] Invoking command in '/home/openarm/svtrobo_ws/build/classis_control': CMAKE_PREFIX_PATH=${CMAKE_PREFIX_PATH}:/home/openarm/ros2_ws/install/qnbot_teleoperator:/opt/ros/humble /usr/bin/cmake --build /home/openarm/svtrobo_ws/build/classis_control -- -j4 -l4
[1.608s] [ 14%] [32mBuilding CXX object CMakeFiles/classis_control_lib.dir/src/steering_motor.cpp.o[0m
[1.608s] [ 28%] [32mBuilding CXX object CMakeFiles/classis_control_lib.dir/src/wheel_motor.cpp.o[0m
[5.882s] [ 42%] [32m[1mLinking CXX static library libclassis_control.a[0m
[5.918s] [ 42%] Built target classis_control_lib
[5.946s] [ 57%] [32mBuilding CXX object CMakeFiles/lift_control.dir/src/lift_RS485_control.cpp.o[0m
[5.946s] [ 71%] [32mBuilding CXX object CMakeFiles/classis_control.dir/src/main.cpp.o[0m
[15.332s] [ 85%] [32m[1mLinking CXX executable classis_control[0m
[15.905s] [ 85%] Built target classis_control
[16.767s] [100%] [32m[1mLinking CXX executable lift_control[0m
[17.211s] [100%] Built target lift_control
[17.222s] Invoked command in '/home/openarm/svtrobo_ws/build/classis_control' returned '0': CMAKE_PREFIX_PATH=${CMAKE_PREFIX_PATH}:/home/openarm/ros2_ws/install/qnbot_teleoperator:/opt/ros/humble /usr/bin/cmake --build /home/openarm/svtrobo_ws/build/classis_control -- -j4 -l4
[17.232s] Invoking command in '/home/openarm/svtrobo_ws/build/classis_control': CMAKE_PREFIX_PATH=${CMAKE_PREFIX_PATH}:/home/openarm/ros2_ws/install/qnbot_teleoperator:/opt/ros/humble /usr/bin/cmake --install /home/openarm/svtrobo_ws/build/classis_control
[17.238s] -- Install configuration: ""
[17.238s] -- Installing: /home/openarm/svtrobo_ws/install/classis_control/include
[17.238s] -- Installing: /home/openarm/svtrobo_ws/install/classis_control/include/classis_control
[17.238s] -- Installing: /home/openarm/svtrobo_ws/install/classis_control/include/classis_control/wheel_motor.h
[17.239s] -- Installing: /home/openarm/svtrobo_ws/install/classis_control/include/classis_control/steering_motor.h
[17.239s] -- Installing: /home/openarm/svtrobo_ws/install/classis_control/lib/libclassis_control.a
[17.239s] -- Installing: /home/openarm/svtrobo_ws/install/classis_control/lib/classis_control/classis_control
[17.243s] -- Set runtime path of "/home/openarm/svtrobo_ws/install/classis_control/lib/classis_control/classis_control" to ""
[17.243s] -- Up-to-date: /home/openarm/svtrobo_ws/install/classis_control/lib/libclassis_control.a
[17.243s] -- Installing: /home/openarm/svtrobo_ws/install/classis_control/lib/classis_control/lift_control
[17.246s] -- Set runtime path of "/home/openarm/svtrobo_ws/install/classis_control/lib/classis_control/lift_control" to ""
[17.246s] -- Installing: /home/openarm/svtrobo_ws/install/classis_control/share/classis_control/launch
[17.246s] -- Installing: /home/openarm/svtrobo_ws/install/classis_control/share/classis_control/launch/svtrobo_bringup.launch.py
[17.246s] -- Installing: /home/openarm/svtrobo_ws/install/classis_control/share/ament_index/resource_index/package_run_dependencies/classis_control
[17.246s] -- Installing: /home/openarm/svtrobo_ws/install/classis_control/share/ament_index/resource_index/parent_prefix_path/classis_control
[17.247s] -- Installing: /home/openarm/svtrobo_ws/install/classis_control/share/classis_control/environment/ament_prefix_path.sh
[17.247s] -- Installing: /home/openarm/svtrobo_ws/install/classis_control/share/classis_control/environment/ament_prefix_path.dsv
[17.247s] -- Installing: /home/openarm/svtrobo_ws/install/classis_control/share/classis_control/environment/path.sh
[17.247s] -- Installing: /home/openarm/svtrobo_ws/install/classis_control/share/classis_control/environment/path.dsv
[17.247s] -- Installing: /home/openarm/svtrobo_ws/install/classis_control/share/classis_control/local_setup.bash
[17.247s] -- Installing: /home/openarm/svtrobo_ws/install/classis_control/share/classis_control/local_setup.sh
[17.248s] -- Installing: /home/openarm/svtrobo_ws/install/classis_control/share/classis_control/local_setup.zsh
[17.248s] -- Installing: /home/openarm/svtrobo_ws/install/classis_control/share/classis_control/local_setup.dsv
[17.248s] -- Installing: /home/openarm/svtrobo_ws/install/classis_control/share/classis_control/package.dsv
[17.248s] -- Installing: /home/openarm/svtrobo_ws/install/classis_control/share/ament_index/resource_index/packages/classis_control
[17.248s] -- Installing: /home/openarm/svtrobo_ws/install/classis_control/share/classis_control/cmake/ament_cmake_export_dependencies-extras.cmake
[17.249s] -- Installing: /home/openarm/svtrobo_ws/install/classis_control/share/classis_control/cmake/classis_controlConfig.cmake
[17.249s] -- Installing: /home/openarm/svtrobo_ws/install/classis_control/share/classis_control/cmake/classis_controlConfig-version.cmake
[17.249s] -- Installing: /home/openarm/svtrobo_ws/install/classis_control/share/classis_control/package.xml
[17.251s] Invoked command in '/home/openarm/svtrobo_ws/build/classis_control' returned '0': CMAKE_PREFIX_PATH=${CMAKE_PREFIX_PATH}:/home/openarm/ros2_ws/install/qnbot_teleoperator:/opt/ros/humble /usr/bin/cmake --install /home/openarm/svtrobo_ws/build/classis_control
