[0.039s] Invoking command in '/home/openarm/svtrobo_ws/build/motor_control': CMAKE_PREFIX_PATH=${CMAKE_PREFIX_PATH}:/home/openarm/ros2_ws/install/qnbot_teleoperator:/opt/ros/humble /usr/bin/cmake --build /home/openarm/svtrobo_ws/build/motor_control -- -j4 -l4
[0.143s] [35m[1mConsolidate compiler generated dependencies of target motor_control__rosidl_generator_c[0m
[0.177s] [  8%] Built target motor_control__rosidl_generator_c
[0.187s] [ 11%] Built target motor_control__cpp
[0.222s] [35m[1mConsolidate compiler generated dependencies of target motor_control__rosidl_typesupport_introspection_c[0m
[0.243s] [35m[1mConsolidate compiler generated dependencies of target motor_control__rosidl_typesupport_c[0m
[0.277s] [35m[1mConsolidate compiler generated dependencies of target motor_control__rosidl_typesupport_fastrtps_c[0m
[0.300s] [ 11%] Built target ament_cmake_python_copy_motor_control
[0.310s] [ 19%] Built target motor_control__rosidl_typesupport_introspection_c
[0.328s] [ 27%] Built target motor_control__rosidl_typesupport_c
[0.351s] [ 36%] Built target motor_control__rosidl_typesupport_fastrtps_c
[0.366s] [35m[1mConsolidate compiler generated dependencies of target motor_control__rosidl_typesupport_introspection_cpp[0m
[0.384s] [35m[1mConsolidate compiler generated dependencies of target motor_control__rosidl_typesupport_fastrtps_cpp[0m
[0.387s] [35m[1mConsolidate compiler generated dependencies of target motor_control__rosidl_typesupport_cpp[0m
[0.428s] [ 44%] Built target motor_control__rosidl_typesupport_introspection_cpp
[0.450s] [ 52%] Built target motor_control__rosidl_typesupport_fastrtps_cpp
[0.456s] [ 61%] Built target motor_control__rosidl_typesupport_cpp
[0.501s] [35m[1mConsolidate compiler generated dependencies of target motor_control_lib[0m
[0.566s] [ 69%] Built target motor_control_lib
[0.582s] [ 69%] Built target motor_control
[0.614s] [35m[1mConsolidate compiler generated dependencies of target motor_control_test[0m
[0.677s] [ 72%] [32mBuilding CXX object CMakeFiles/motor_control_test.dir/src/motor_control_test.cpp.o[0m
[0.694s] [ 75%] Built target motor_control__py
[0.749s] [35m[1mConsolidate compiler generated dependencies of target motor_control__rosidl_generator_py[0m
[0.815s] [ 80%] Built target motor_control__rosidl_generator_py
[0.867s] [35m[1mConsolidate compiler generated dependencies of target motor_control__rosidl_typesupport_fastrtps_c__pyext[0m
[0.880s] [35m[1mConsolidate compiler generated dependencies of target motor_control__rosidl_typesupport_introspection_c__pyext[0m
[0.931s] [ 86%] Built target motor_control__rosidl_typesupport_fastrtps_c__pyext
[0.954s] [ 91%] Built target motor_control__rosidl_typesupport_introspection_c__pyext
[1.002s] [35m[1mConsolidate compiler generated dependencies of target motor_control__rosidl_typesupport_c__pyext[0m
[1.068s] [ 97%] Built target motor_control__rosidl_typesupport_c__pyext
[1.317s] running egg_info
[1.372s] writing motor_control.egg-info/PKG-INFO
[1.373s] writing dependency_links to motor_control.egg-info/dependency_links.txt
[1.376s] writing top-level names to motor_control.egg-info/top_level.txt
[1.550s] reading manifest file 'motor_control.egg-info/SOURCES.txt'
[1.555s] writing manifest file 'motor_control.egg-info/SOURCES.txt'
[1.656s] [ 97%] Built target ament_cmake_python_build_motor_control_egg
[6.289s] [01m[K/home/openarm/svtrobo_ws/src/robstride_actuator_bridge/src/motor_control_test.cpp:81:34:[m[K [01;31m[Kerror: [m[K‘[01m[Kgeometry_msgs[m[K’ does not name a type
[6.289s]    81 | void svtrobot_cmd_callback(const [01;31m[Kgeometry_msgs[m[K::msg::Twist::SharedPtr msg)
[6.290s]       |                                  [01;31m[K^~~~~~~~~~~~~[m[K
[6.290s] [01m[K/home/openarm/svtrobo_ws/src/robstride_actuator_bridge/src/motor_control_test.cpp:81:52:[m[K [01;31m[Kerror: [m[Kexpected unqualified-id before ‘[01m[K::[m[K’ token
[6.290s]    81 | void svtrobot_cmd_callback(const geometry_msgs::msg[01;31m[K::[m[KTwist::SharedPtr msg)
[6.290s]       |                                                    [01;31m[K^~[m[K
[6.290s] [01m[K/home/openarm/svtrobo_ws/src/robstride_actuator_bridge/src/motor_control_test.cpp:81:52:[m[K [01;31m[Kerror: [m[Kexpected ‘[01m[K)[m[K’ before ‘[01m[K::[m[K’ token
[6.290s]    81 | void svtrobot_cmd_callback[34m[K([m[Kconst geometry_msgs::msg[01;31m[K:[m[K[32m[K:[m[KTwist::SharedPtr msg)
[6.290s]       |                           [34m[K~[m[K                        [01;31m[K^[m[K[32m[K~[m[K
[6.291s]       |                                                    [32m[K)[m[K
[6.291s] [01m[K/home/openarm/svtrobo_ws/src/robstride_actuator_bridge/src/motor_control_test.cpp:81:52:[m[K [01;31m[Kerror: [m[Kexpected initializer before ‘[01m[K::[m[K’ token
[6.291s]    81 | void svtrobot_cmd_callback(const geometry_msgs::msg[01;31m[K::[m[KTwist::SharedPtr msg)
[6.291s]       |                                                    [01;31m[K^~[m[K
[6.302s] [01m[K/home/openarm/svtrobo_ws/src/robstride_actuator_bridge/src/motor_control_test.cpp:[m[K In function ‘[01m[Kint main(int, char**)[m[K’:
[6.302s] [01m[K/home/openarm/svtrobo_ws/src/robstride_actuator_bridge/src/motor_control_test.cpp:137:55:[m[K [01;31m[Kerror: [m[K‘[01m[Kgeometry_msgs[m[K’ was not declared in this scope
[6.302s]   137 |     auto svtrobot_cmd_sub = node->create_subscription<[01;31m[Kgeometry_msgs[m[K::msg::Twist>(
[6.302s]       |                                                       [01;31m[K^~~~~~~~~~~~~[m[K
[6.303s] [01m[K/home/openarm/svtrobo_ws/src/robstride_actuator_bridge/src/motor_control_test.cpp:137:35:[m[K [01;31m[Kerror: [m[Kparse error in template argument list
[6.303s]   137 |     auto svtrobot_cmd_sub = node->[01;31m[Kcreate_subscription<geometry_msgs::msg::Twist>[m[K(
[6.303s]       |                                   [01;31m[K^~~~~~~~~~~~~~~~~~~~~~~~~~~~~~~~~~~~~~~~~~~~~~[m[K
[6.315s] [01m[K/home/openarm/svtrobo_ws/src/robstride_actuator_bridge/src/motor_control_test.cpp:138:30:[m[K [01;31m[Kerror: [m[K‘[01m[Ksvtrobot_cmd_callback[m[K’ was not declared in this scope; did you mean ‘[01m[Ksvtrobot_cmd_sub[m[K’?
[6.315s]   138 |         "/svtrobot_cmd", 10, [01;31m[Ksvtrobot_cmd_callback[m[K);
[6.316s]       |                              [01;31m[K^~~~~~~~~~~~~~~~~~~~~[m[K
[6.316s]       |                              [32m[Ksvtrobot_cmd_sub[m[K
[6.316s] [01m[K/home/openarm/svtrobo_ws/src/robstride_actuator_bridge/src/motor_control_test.cpp:140:65:[m[K [01;31m[Kerror: [m[K‘[01m[KInt32[m[K’ is not a member of ‘[01m[Kstd_msgs::msg[m[K’
[6.317s]   140 |     auto pub_front_left = node->create_publisher<std_msgs::msg::[01;31m[KInt32[m[K>("/front_left_cmd", 10);
[6.317s]       |                                                                 [01;31m[K^~~~~[m[K
[6.317s] [01m[K/home/openarm/svtrobo_ws/src/robstride_actuator_bridge/src/motor_control_test.cpp:140:71:[m[K [01;31m[Kerror: [m[Kno matching function for call to ‘[01m[Krclcpp::Node::create_publisher<<expression error> >(const char [16], int)[m[K’
[6.317s]   140 |     auto pub_front_left = [01;31m[Knode->create_publisher<std_msgs::msg::Int32>("/front_left_cmd", 10)[m[K;
[6.318s]       |                           [01;31m[K~~~~~~~~~~~~~~~~~~~~~~~~~~~~~~~~~~~~~~~~~~~~^~~~~~~~~~~~~~~~~~~~~~~[m[K
[6.318s] In file included from [01m[K/opt/ros/humble/include/rclcpp/rclcpp/executors/single_threaded_executor.hpp:28[m[K,
[6.318s]                  from [01m[K/opt/ros/humble/include/rclcpp/rclcpp/executors.hpp:22[m[K,
[6.318s]                  from [01m[K/opt/ros/humble/include/rclcpp/rclcpp/rclcpp.hpp:155[m[K,
[6.318s]                  from [01m[K/home/openarm/svtrobo_ws/src/robstride_actuator_bridge/src/motor_control_test.cpp:7[m[K:
[6.318s] [01m[K/opt/ros/humble/include/rclcpp/rclcpp/node.hpp:195:3:[m[K [01;36m[Knote: [m[Kcandidate: ‘[01m[Ktemplate<class MessageT, class AllocatorT, class PublisherT> std::shared_ptr<PublisherT> rclcpp::Node::create_publisher(const string&, const rclcpp::QoS&, const rclcpp::PublisherOptionsWithAllocator<AllocatorT>&)[m[K’
[6.319s]   195 |   [01;36m[Kcreate_publisher[m[K(
[6.319s]       |   [01;36m[K^~~~~~~~~~~~~~~~[m[K
[6.319s] [01m[K/opt/ros/humble/include/rclcpp/rclcpp/node.hpp:195:3:[m[K [01;36m[Knote: [m[K  template argument deduction/substitution failed:
[6.320s] [01m[K/home/openarm/svtrobo_ws/src/robstride_actuator_bridge/src/motor_control_test.cpp:140:71:[m[K [01;31m[Kerror: [m[Ktemplate argument 1 is invalid
[6.321s]   140 |     auto pub_front_left = [01;31m[Knode->create_publisher<std_msgs::msg::Int32>("/front_left_cmd", 10)[m[K;
[6.321s]       |                           [01;31m[K~~~~~~~~~~~~~~~~~~~~~~~~~~~~~~~~~~~~~~~~~~~~^~~~~~~~~~~~~~~~~~~~~~~[m[K
[6.321s] [01m[K/home/openarm/svtrobo_ws/src/robstride_actuator_bridge/src/motor_control_test.cpp:141:66:[m[K [01;31m[Kerror: [m[K‘[01m[KInt32[m[K’ is not a member of ‘[01m[Kstd_msgs::msg[m[K’
[6.321s]   141 |     auto pub_front_right = node->create_publisher<std_msgs::msg::[01;31m[KInt32[m[K>("/front_right_cmd", 10);
[6.322s]       |                                                                  [01;31m[K^~~~~[m[K
[6.322s] [01m[K/home/openarm/svtrobo_ws/src/robstride_actuator_bridge/src/motor_control_test.cpp:141:72:[m[K [01;31m[Kerror: [m[Kno matching function for call to ‘[01m[Krclcpp::Node::create_publisher<<expression error> >(const char [17], int)[m[K’
[6.322s]   141 |     auto pub_front_right = [01;31m[Knode->create_publisher<std_msgs::msg::Int32>("/front_right_cmd", 10)[m[K;
[6.322s]       |                            [01;31m[K~~~~~~~~~~~~~~~~~~~~~~~~~~~~~~~~~~~~~~~~~~~~^~~~~~~~~~~~~~~~~~~~~~~~[m[K
[6.322s] In file included from [01m[K/opt/ros/humble/include/rclcpp/rclcpp/executors/single_threaded_executor.hpp:28[m[K,
[6.323s]                  from [01m[K/opt/ros/humble/include/rclcpp/rclcpp/executors.hpp:22[m[K,
[6.323s]                  from [01m[K/opt/ros/humble/include/rclcpp/rclcpp/rclcpp.hpp:155[m[K,
[6.323s]                  from [01m[K/home/openarm/svtrobo_ws/src/robstride_actuator_bridge/src/motor_control_test.cpp:7[m[K:
[6.324s] [01m[K/opt/ros/humble/include/rclcpp/rclcpp/node.hpp:195:3:[m[K [01;36m[Knote: [m[Kcandidate: ‘[01m[Ktemplate<class MessageT, class AllocatorT, class PublisherT> std::shared_ptr<PublisherT> rclcpp::Node::create_publisher(const string&, const rclcpp::QoS&, const rclcpp::PublisherOptionsWithAllocator<AllocatorT>&)[m[K’
[6.324s]   195 |   [01;36m[Kcreate_publisher[m[K(
[6.324s]       |   [01;36m[K^~~~~~~~~~~~~~~~[m[K
[6.325s] [01m[K/opt/ros/humble/include/rclcpp/rclcpp/node.hpp:195:3:[m[K [01;36m[Knote: [m[K  template argument deduction/substitution failed:
[6.325s] [01m[K/home/openarm/svtrobo_ws/src/robstride_actuator_bridge/src/motor_control_test.cpp:141:72:[m[K [01;31m[Kerror: [m[Ktemplate argument 1 is invalid
[6.325s]   141 |     auto pub_front_right = [01;31m[Knode->create_publisher<std_msgs::msg::Int32>("/front_right_cmd", 10)[m[K;
[6.325s]       |                            [01;31m[K~~~~~~~~~~~~~~~~~~~~~~~~~~~~~~~~~~~~~~~~~~~~^~~~~~~~~~~~~~~~~~~~~~~~[m[K
[6.326s] [01m[K/home/openarm/svtrobo_ws/src/robstride_actuator_bridge/src/motor_control_test.cpp:142:64:[m[K [01;31m[Kerror: [m[K‘[01m[KInt32[m[K’ is not a member of ‘[01m[Kstd_msgs::msg[m[K’
[6.326s]   142 |     auto pub_rear_left = node->create_publisher<std_msgs::msg::[01;31m[KInt32[m[K>("/rear_left_cmd", 10);
[6.326s]       |                                                                [01;31m[K^~~~~[m[K
[6.327s] [01m[K/home/openarm/svtrobo_ws/src/robstride_actuator_bridge/src/motor_control_test.cpp:142:70:[m[K [01;31m[Kerror: [m[Kno matching function for call to ‘[01m[Krclcpp::Node::create_publisher<<expression error> >(const char [15], int)[m[K’
[6.327s]   142 |     auto pub_rear_left = [01;31m[Knode->create_publisher<std_msgs::msg::Int32>("/rear_left_cmd", 10)[m[K;
[6.327s]       |                          [01;31m[K~~~~~~~~~~~~~~~~~~~~~~~~~~~~~~~~~~~~~~~~~~~~^~~~~~~~~~~~~~~~~~~~~~[m[K
[6.327s] In file included from [01m[K/opt/ros/humble/include/rclcpp/rclcpp/executors/single_threaded_executor.hpp:28[m[K,
[6.327s]                  from [01m[K/opt/ros/humble/include/rclcpp/rclcpp/executors.hpp:22[m[K,
[6.327s]                  from [01m[K/opt/ros/humble/include/rclcpp/rclcpp/rclcpp.hpp:155[m[K,
[6.328s]                  from [01m[K/home/openarm/svtrobo_ws/src/robstride_actuator_bridge/src/motor_control_test.cpp:7[m[K:
[6.328s] [01m[K/opt/ros/humble/include/rclcpp/rclcpp/node.hpp:195:3:[m[K [01;36m[Knote: [m[Kcandidate: ‘[01m[Ktemplate<class MessageT, class AllocatorT, class PublisherT> std::shared_ptr<PublisherT> rclcpp::Node::create_publisher(const string&, const rclcpp::QoS&, const rclcpp::PublisherOptionsWithAllocator<AllocatorT>&)[m[K’
[6.328s]   195 |   [01;36m[Kcreate_publisher[m[K(
[6.329s]       |   [01;36m[K^~~~~~~~~~~~~~~~[m[K
[6.329s] [01m[K/opt/ros/humble/include/rclcpp/rclcpp/node.hpp:195:3:[m[K [01;36m[Knote: [m[K  template argument deduction/substitution failed:
[6.329s] [01m[K/home/openarm/svtrobo_ws/src/robstride_actuator_bridge/src/motor_control_test.cpp:142:70:[m[K [01;31m[Kerror: [m[Ktemplate argument 1 is invalid
[6.329s]   142 |     auto pub_rear_left = [01;31m[Knode->create_publisher<std_msgs::msg::Int32>("/rear_left_cmd", 10)[m[K;
[6.329s]       |                          [01;31m[K~~~~~~~~~~~~~~~~~~~~~~~~~~~~~~~~~~~~~~~~~~~~^~~~~~~~~~~~~~~~~~~~~~[m[K
[6.329s] [01m[K/home/openarm/svtrobo_ws/src/robstride_actuator_bridge/src/motor_control_test.cpp:143:65:[m[K [01;31m[Kerror: [m[K‘[01m[KInt32[m[K’ is not a member of ‘[01m[Kstd_msgs::msg[m[K’
[6.330s]   143 |     auto pub_rear_right = node->create_publisher<std_msgs::msg::[01;31m[KInt32[m[K>("/rear_right_cmd", 10);
[6.330s]       |                                                                 [01;31m[K^~~~~[m[K
[6.330s] [01m[K/home/openarm/svtrobo_ws/src/robstride_actuator_bridge/src/motor_control_test.cpp:143:71:[m[K [01;31m[Kerror: [m[Kno matching function for call to ‘[01m[Krclcpp::Node::create_publisher<<expression error> >(const char [16], int)[m[K’
[6.330s]   143 |     auto pub_rear_right = [01;31m[Knode->create_publisher<std_msgs::msg::Int32>("/rear_right_cmd", 10)[m[K;
[6.330s]       |                           [01;31m[K~~~~~~~~~~~~~~~~~~~~~~~~~~~~~~~~~~~~~~~~~~~~^~~~~~~~~~~~~~~~~~~~~~~[m[K
[6.330s] In file included from [01m[K/opt/ros/humble/include/rclcpp/rclcpp/executors/single_threaded_executor.hpp:28[m[K,
[6.331s]                  from [01m[K/opt/ros/humble/include/rclcpp/rclcpp/executors.hpp:22[m[K,
[6.331s]                  from [01m[K/opt/ros/humble/include/rclcpp/rclcpp/rclcpp.hpp:155[m[K,
[6.331s]                  from [01m[K/home/openarm/svtrobo_ws/src/robstride_actuator_bridge/src/motor_control_test.cpp:7[m[K:
[6.331s] [01m[K/opt/ros/humble/include/rclcpp/rclcpp/node.hpp:195:3:[m[K [01;36m[Knote: [m[Kcandidate: ‘[01m[Ktemplate<class MessageT, class AllocatorT, class PublisherT> std::shared_ptr<PublisherT> rclcpp::Node::create_publisher(const string&, const rclcpp::QoS&, const rclcpp::PublisherOptionsWithAllocator<AllocatorT>&)[m[K’
[6.331s]   195 |   [01;36m[Kcreate_publisher[m[K(
[6.331s]       |   [01;36m[K^~~~~~~~~~~~~~~~[m[K
[6.332s] [01m[K/opt/ros/humble/include/rclcpp/rclcpp/node.hpp:195:3:[m[K [01;36m[Knote: [m[K  template argument deduction/substitution failed:
[6.332s] [01m[K/home/openarm/svtrobo_ws/src/robstride_actuator_bridge/src/motor_control_test.cpp:143:71:[m[K [01;31m[Kerror: [m[Ktemplate argument 1 is invalid
[6.332s]   143 |     auto pub_rear_right = [01;31m[Knode->create_publisher<std_msgs::msg::Int32>("/rear_right_cmd", 10)[m[K;
[6.332s]       |                           [01;31m[K~~~~~~~~~~~~~~~~~~~~~~~~~~~~~~~~~~~~~~~~~~~~^~~~~~~~~~~~~~~~~~~~~~~[m[K
[6.332s] [01m[K/home/openarm/svtrobo_ws/src/robstride_actuator_bridge/src/motor_control_test.cpp:165:24:[m[K [01;31m[Kerror: [m[K‘[01m[KInt32[m[K’ is not a member of ‘[01m[Kstd_msgs::msg[m[K’
[6.332s]   165 |         std_msgs::msg::[01;31m[KInt32[m[K fl_msg, fr_msg, rl_msg, rr_msg;
[6.333s]       |                        [01;31m[K^~~~~[m[K
[6.334s] [01m[K/home/openarm/svtrobo_ws/src/robstride_actuator_bridge/src/motor_control_test.cpp:166:9:[m[K [01;31m[Kerror: [m[K‘[01m[Kfl_msg[m[K’ was not declared in this scope
[6.334s]   166 |         [01;31m[Kfl_msg[m[K.data = static_cast<int32_t>(chassis_control_para.front_left_speed);
[6.335s]       |         [01;31m[K^~~~~~[m[K
[6.341s] [01m[K/home/openarm/svtrobo_ws/src/robstride_actuator_bridge/src/motor_control_test.cpp:167:9:[m[K [01;31m[Kerror: [m[K‘[01m[Kfr_msg[m[K’ was not declared in this scope
[6.341s]   167 |         [01;31m[Kfr_msg[m[K.data = static_cast<int32_t>(chassis_control_para.front_right_speed);
[6.342s]       |         [01;31m[K^~~~~~[m[K
[6.347s] [01m[K/home/openarm/svtrobo_ws/src/robstride_actuator_bridge/src/motor_control_test.cpp:168:9:[m[K [01;31m[Kerror: [m[K‘[01m[Krl_msg[m[K’ was not declared in this scope
[6.347s]   168 |         [01;31m[Krl_msg[m[K.data = static_cast<int32_t>(chassis_control_para.rear_left_speed);
[6.347s]       |         [01;31m[K^~~~~~[m[K
[6.355s] [01m[K/home/openarm/svtrobo_ws/src/robstride_actuator_bridge/src/motor_control_test.cpp:169:9:[m[K [01;31m[Kerror: [m[K‘[01m[Krr_msg[m[K’ was not declared in this scope
[6.355s]   169 |         [01;31m[Krr_msg[m[K.data = static_cast<int32_t>(chassis_control_para.rear_right_speed);
[6.356s]       |         [01;31m[K^~~~~~[m[K
[7.263s] In file included from [01m[K/home/openarm/svtrobo_ws/src/robstride_actuator_bridge/src/motor_control_test.cpp:11[m[K:
[7.263s] [01m[K/home/openarm/svtrobo_ws/src/robstride_actuator_bridge/include/motor_control/motor_config.h:[m[K In member function ‘[01m[KRobStrite_Motor& MotorControlSet::getMotor(uint8_t)[m[K’:
[7.263s] [01m[K/home/openarm/svtrobo_ws/src/robstride_actuator_bridge/include/motor_control/motor_config.h:80:17:[m[K [01;35m[Kwarning: [m[Kcontrol reaches end of non-void function [[01;35m[K]8;;https://gcc.gnu.org/onlinedocs/gcc/Warning-Options.html#index-Wreturn-type-Wreturn-type]8;;[m[K]
[7.263s]    80 |                 [01;35m[K}[m[K
[7.264s]       |                 [01;35m[K^[m[K
[7.308s] gmake[2]: *** [CMakeFiles/motor_control_test.dir/build.make:76：CMakeFiles/motor_control_test.dir/src/motor_control_test.cpp.o] 错误 1
[7.308s] gmake[1]: *** [CMakeFiles/Makefile2:623：CMakeFiles/motor_control_test.dir/all] 错误 2
[7.309s] gmake: *** [Makefile:146：all] 错误 2
