[0.036s] Invoking command in '/home/openarm/svtrobo_ws/build/svtrobo_4ws': CMAKE_PREFIX_PATH=${CMAKE_PREFIX_PATH}:/home/openarm/ros2_ws/install/qnbot_teleoperator:/opt/ros/humble /usr/bin/cmake /home/openarm/svtrobo_ws/src/svtrobo_4ws -DCMAKE_INSTALL_PREFIX=/home/openarm/svtrobo_ws/install/svtrobo_4ws
[0.176s] -- The C compiler identification is GNU 11.4.0
[0.313s] -- The CXX compiler identification is GNU 11.4.0
[0.336s] -- Detecting C compiler ABI info
[0.530s] -- Detecting C compiler ABI info - done
[0.543s] -- Check for working C compiler: /usr/bin/cc - skipped
[0.543s] -- Detecting C compile features
[0.544s] -- Detecting C compile features - done
[0.550s] -- Detecting CXX compiler ABI info
[0.766s] -- Detecting CXX compiler ABI info - done
[0.788s] -- Check for working CXX compiler: /usr/bin/c++ - skipped
[0.788s] -- Detecting CXX compile features
[0.790s] -- Detecting CXX compile features - done
[0.797s] -- Found ament_cmake: 1.3.12 (/opt/ros/humble/share/ament_cmake/cmake)
[2.156s] -- Found Python3: /usr/bin/python3 (found version "3.10.12") found components: Interpreter 
[2.461s] -- Found rclcpp: 16.0.16 (/opt/ros/humble/share/rclcpp/cmake)
[2.594s] -- Found rosidl_generator_c: 3.1.7 (/opt/ros/humble/share/rosidl_generator_c/cmake)
[2.608s] -- Found rosidl_adapter: 3.1.7 (/opt/ros/humble/share/rosidl_adapter/cmake)
[2.634s] -- Found rosidl_generator_cpp: 3.1.7 (/opt/ros/humble/share/rosidl_generator_cpp/cmake)
[2.674s] -- Using all available rosidl_typesupport_c: rosidl_typesupport_fastrtps_c;rosidl_typesupport_introspection_c
[2.726s] -- Using all available rosidl_typesupport_cpp: rosidl_typesupport_fastrtps_cpp;rosidl_typesupport_introspection_cpp
[2.878s] -- Found rmw_implementation_cmake: 6.1.2 (/opt/ros/humble/share/rmw_implementation_cmake/cmake)
[2.886s] -- Found rmw_fastrtps_cpp: 6.2.9 (/opt/ros/humble/share/rmw_fastrtps_cpp/cmake)
[3.122s] -- Found OpenSSL: /usr/lib/x86_64-linux-gnu/libcrypto.so (found version "3.0.2")  
[3.184s] -- Found FastRTPS: /opt/ros/humble/include  
[3.290s] -- Using RMW implementation 'rmw_fastrtps_cpp' as default
[3.317s] -- Looking for pthread.h
[3.501s] -- Looking for pthread.h - found
[3.503s] -- Performing Test CMAKE_HAVE_LIBC_PTHREAD
[3.670s] -- Performing Test CMAKE_HAVE_LIBC_PTHREAD - Success
[3.673s] -- Found Threads: TRUE  
[3.804s] -- Found rclpy: 3.3.19 (/opt/ros/humble/share/rclpy/cmake)
[3.811s] -- Found geometry_msgs: 4.9.0 (/opt/ros/humble/share/geometry_msgs/cmake)
[3.844s] -- Found nav_msgs: 4.9.0 (/opt/ros/humble/share/nav_msgs/cmake)
[3.924s] -- Found ament_lint_auto: 0.12.14 (/opt/ros/humble/share/ament_lint_auto/cmake)
[4.198s] -- Added test 'copyright' to check source files copyright and LICENSE
[4.202s] -- Added test 'cppcheck' to perform static code analysis on C / C++ code
[4.203s] -- Configured cppcheck include dirs: /home/openarm/svtrobo_ws/src/svtrobo_4ws/include
[4.203s] -- Configured cppcheck exclude dirs and/or files: 
[4.211s] -- Added test 'cpplint' to check C / C++ code against the Google style
[4.211s] -- Configured cpplint exclude dirs and/or files: 
[4.211s] -- Added test 'flake8' to check Python code syntax and style conventions
[4.217s] -- Added test 'lint_cmake' to check CMake code style
[4.217s] -- Added test 'pep257' to check Python code against some of the docstring style conventions in PEP 257
[4.219s] -- Added test 'uncrustify' to check C / C++ code style
[4.219s] -- Configured uncrustify additional arguments: 
[4.221s] -- Added test 'xmllint' to check XML markup files
[4.221s] -- Configuring done
[4.273s] -- Generating done
[4.291s] -- Build files have been written to: /home/openarm/svtrobo_ws/build/svtrobo_4ws
[4.317s] Invoked command in '/home/openarm/svtrobo_ws/build/svtrobo_4ws' returned '0': CMAKE_PREFIX_PATH=${CMAKE_PREFIX_PATH}:/home/openarm/ros2_ws/install/qnbot_teleoperator:/opt/ros/humble /usr/bin/cmake /home/openarm/svtrobo_ws/src/svtrobo_4ws -DCMAKE_INSTALL_PREFIX=/home/openarm/svtrobo_ws/install/svtrobo_4ws
[4.320s] Invoking command in '/home/openarm/svtrobo_ws/build/svtrobo_4ws': CMAKE_PREFIX_PATH=${CMAKE_PREFIX_PATH}:/home/openarm/ros2_ws/install/qnbot_teleoperator:/opt/ros/humble /usr/bin/cmake --build /home/openarm/svtrobo_ws/build/svtrobo_4ws -- -j4 -l4
[4.445s] [ 16%] [32mBuilding CXX object CMakeFiles/zlac8015d_rpm_node.dir/src/zlac8015d_rpm_node.cpp.o[0m
[4.465s] [ 33%] [32mBuilding CXX object CMakeFiles/lift_RS485_control.dir/src/lift_RS485_control.cpp.o[0m
[4.467s] [ 50%] [32mBuilding CXX object CMakeFiles/zlac8015d_canopen_node.dir/src/zlac8015d_canopen.cpp.o[0m
[4.490s] [01m[K/home/openarm/svtrobo_ws/src/svtrobo_4ws/src/lift_RS485_control.cpp:11:10:[m[K [01;31m[Kfatal error: [m[Kros/ros.h: 没有那个文件或目录
[4.490s]    11 | #include [01;31m[K<ros/ros.h>[m[K
[4.491s]       |          [01;31m[K^~~~~~~~~~~[m[K
[4.491s] compilation terminated.
[4.492s] gmake[2]: *** [CMakeFiles/lift_RS485_control.dir/build.make:76：CMakeFiles/lift_RS485_control.dir/src/lift_RS485_control.cpp.o] 错误 1
[4.492s] gmake[1]: *** [CMakeFiles/Makefile2:193：CMakeFiles/lift_RS485_control.dir/all] 错误 2
[4.493s] gmake[1]: *** 正在等待未完成的任务....
[13.606s] [ 66%] [32m[1mLinking CXX executable zlac8015d_rpm_node[0m
[13.967s] [ 66%] Built target zlac8015d_rpm_node
[21.989s] [ 83%] [32m[1mLinking CXX executable zlac8015d_canopen_node[0m
[22.755s] [ 83%] Built target zlac8015d_canopen_node
[22.756s] gmake: *** [Makefile:146：all] 错误 2
