[  2%] Built target motor_control__cpp
[ 11%] Built target motor_control__rosidl_generator_c
[ 11%] Built target ament_cmake_python_copy_motor_control
[ 19%] Built target motor_control__rosidl_typesupport_introspection_cpp
[ 27%] Built target motor_control__rosidl_typesupport_cpp
[ 36%] Built target motor_control__rosidl_typesupport_fastrtps_cpp
[ 44%] Built target motor_control__rosidl_typesupport_fastrtps_c
[ 52%] Built target motor_control__rosidl_typesupport_c
[ 61%] Built target motor_control__rosidl_typesupport_introspection_c
[ 69%] Built target motor_control_lib
[ 69%] Built target motor_control
[ 72%] Built target motor_control__py
[ 75%] [32mBuilding CXX object CMakeFiles/motor_control_test.dir/src/motor_control_test.cpp.o[0m
[ 80%] Built target motor_control__rosidl_generator_py
[ 86%] Built target motor_control__rosidl_typesupport_introspection_c__pyext
[ 91%] Built target motor_control__rosidl_typesupport_c__pyext
[ 97%] Built target motor_control__rosidl_typesupport_fastrtps_c__pyext
running egg_info
writing motor_control.egg-info/PKG-INFO
writing dependency_links to motor_control.egg-info/dependency_links.txt
writing top-level names to motor_control.egg-info/top_level.txt
reading manifest file 'motor_control.egg-info/SOURCES.txt'
writing manifest file 'motor_control.egg-info/SOURCES.txt'
[ 97%] Built target ament_cmake_python_build_motor_control_egg
[01m[K/home/openarm/svtrobo_ws/src/robstride_actuator_bridge/src/motor_control_test.cpp:[m[K In function ‘[01m[Kvoid can_read_loop()[m[K’:
[01m[K/home/openarm/svtrobo_ws/src/robstride_actuator_bridge/src/motor_control_test.cpp:205:25:[m[K [01;31m[Kerror: [m[K‘[01m[Kusing _data_type = struct std::array<unsigned char, 8>[m[K’ {aka ‘[01m[Kstruct std::array<unsigned char, 8>[m[K’} has no member named ‘[01m[Kassign[m[K’
  205 |         ros_frame->data.[01;31m[Kassign[m[K(can_frame.data, can_frame.data + can_frame.can_dlc);
      |                         [01;31m[K^~~~~~[m[K
In file included from [01m[K/home/openarm/svtrobo_ws/src/robstride_actuator_bridge/src/motor_control_test.cpp:24[m[K:
[01m[K/home/openarm/svtrobo_ws/src/robstride_actuator_bridge/include/motor_control/motor_config.h:[m[K In member function ‘[01m[KRobStrite_Motor& MotorControlSet::getMotor(uint8_t)[m[K’:
[01m[K/home/openarm/svtrobo_ws/src/robstride_actuator_bridge/include/motor_control/motor_config.h:80:17:[m[K [01;35m[Kwarning: [m[Kcontrol reaches end of non-void function [[01;35m[K]8;;https://gcc.gnu.org/onlinedocs/gcc/Warning-Options.html#index-Wreturn-type-Wreturn-type]8;;[m[K]
   80 |                 [01;35m[K}[m[K
      |                 [01;35m[K^[m[K
gmake[2]: *** [CMakeFiles/motor_control_test.dir/build.make:76：CMakeFiles/motor_control_test.dir/src/motor_control_test.cpp.o] 错误 1
gmake[1]: *** [CMakeFiles/Makefile2:623：CMakeFiles/motor_control_test.dir/all] 错误 2
gmake: *** [Makefile:146：all] 错误 2
