[0.040s] Invoking command in '/home/openarm/svtrobo_ws/build/chassis': CMAKE_PREFIX_PATH=${CMAKE_PREFIX_PATH}:/home/openarm/ros2_ws/install/qnbot_teleoperator:/opt/ros/humble /usr/bin/cmake /home/openarm/svtrobo_ws/src/chassis -DCMAKE_INSTALL_PREFIX=/home/openarm/svtrobo_ws/install/chassis
[0.188s] -- The C compiler identification is GNU 11.4.0
[0.352s] -- The CXX compiler identification is GNU 11.4.0
[0.369s] -- Detecting C compiler ABI info
[0.551s] -- Detecting C compiler ABI info - done
[0.572s] -- Check for working C compiler: /usr/bin/cc - skipped
[0.573s] -- Detecting C compile features
[0.574s] -- Detecting C compile features - done
[0.583s] -- Detecting CXX compiler ABI info
[0.793s] -- Detecting CXX compiler ABI info - done
[0.817s] -- Check for working CXX compiler: /usr/bin/c++ - skipped
[0.817s] -- Detecting CXX compile features
[0.819s] -- Detecting CXX compile features - done
[0.829s] -- Found ament_cmake: 1.3.12 (/opt/ros/humble/share/ament_cmake/cmake)
[2.098s] -- Found Python3: /usr/bin/python3 (found version "3.10.12") found components: Interpreter 
[2.368s] -- Found rclcpp: 16.0.16 (/opt/ros/humble/share/rclcpp/cmake)
[2.482s] -- Found rosidl_generator_c: 3.1.7 (/opt/ros/humble/share/rosidl_generator_c/cmake)
[2.498s] -- Found rosidl_adapter: 3.1.7 (/opt/ros/humble/share/rosidl_adapter/cmake)
[2.524s] -- Found rosidl_generator_cpp: 3.1.7 (/opt/ros/humble/share/rosidl_generator_cpp/cmake)
[2.550s] -- Using all available rosidl_typesupport_c: rosidl_typesupport_fastrtps_c;rosidl_typesupport_introspection_c
[2.594s] -- Using all available rosidl_typesupport_cpp: rosidl_typesupport_fastrtps_cpp;rosidl_typesupport_introspection_cpp
[2.709s] -- Found rmw_implementation_cmake: 6.1.2 (/opt/ros/humble/share/rmw_implementation_cmake/cmake)
[2.716s] -- Found rmw_fastrtps_cpp: 6.2.9 (/opt/ros/humble/share/rmw_fastrtps_cpp/cmake)
[2.951s] -- Found OpenSSL: /usr/lib/x86_64-linux-gnu/libcrypto.so (found version "3.0.2")  
[3.034s] -- Found FastRTPS: /opt/ros/humble/include  
[3.146s] -- Using RMW implementation 'rmw_fastrtps_cpp' as default
[3.178s] -- Looking for pthread.h
[3.363s] -- Looking for pthread.h - found
[3.366s] -- Performing Test CMAKE_HAVE_LIBC_PTHREAD
[3.552s] -- Performing Test CMAKE_HAVE_LIBC_PTHREAD - Success
[3.553s] -- Found Threads: TRUE  
[3.777s] -- Found urdf: 2.6.1 (/opt/ros/humble/share/urdf/cmake)
[3.877s] -- Found robot_state_publisher: 3.0.3 (/opt/ros/humble/share/robot_state_publisher/cmake)
[3.970s] -- Found eigen3_cmake_module: 0.1.1 (/opt/ros/humble/share/eigen3_cmake_module/cmake)
[3.974s] -- Found Eigen3: TRUE (found version "3.4.0") 
[3.974s] -- Ensuring Eigen3 include directory is part of orocos-kdl CMake target
[4.376s] [31mCMake Error at CMakeLists.txt:19 (find_package):
[4.376s]   By not providing "Findjoint_state_publisher.cmake" in CMAKE_MODULE_PATH
[4.377s]   this project has asked CMake to find a package configuration file provided
[4.377s]   by "joint_state_publisher", but CMake did not find one.
[4.377s] 
[4.377s]   Could not find a package configuration file provided by
[4.377s]   "joint_state_publisher" with any of the following names:
[4.377s] 
[4.378s]     joint_state_publisherConfig.cmake
[4.378s]     joint_state_publisher-config.cmake
[4.378s] 
[4.378s]   Add the installation prefix of "joint_state_publisher" to CMAKE_PREFIX_PATH
[4.378s]   or set "joint_state_publisher_DIR" to a directory containing one of the
[4.378s]   above files.  If "joint_state_publisher" provides a separate development
[4.379s]   package or SDK, be sure it has been installed.
[4.379s] 
[4.379s] [0m
[4.379s] -- Configuring incomplete, errors occurred!
[4.379s] See also "/home/openarm/svtrobo_ws/build/chassis/CMakeFiles/CMakeOutput.log".
[4.397s] Invoked command in '/home/openarm/svtrobo_ws/build/chassis' returned '1': CMAKE_PREFIX_PATH=${CMAKE_PREFIX_PATH}:/home/openarm/ros2_ws/install/qnbot_teleoperator:/opt/ros/humble /usr/bin/cmake /home/openarm/svtrobo_ws/src/chassis -DCMAKE_INSTALL_PREFIX=/home/openarm/svtrobo_ws/install/chassis
