[0.046s] Invoking command in '/home/openarm/svtrobo_ws/build/chassis': CMAKE_PREFIX_PATH=${CMAKE_PREFIX_PATH}:/home/openarm/ros2_ws/install/qnbot_teleoperator:/opt/ros/humble /usr/bin/cmake /home/openarm/svtrobo_ws/src/chassis -DCMAKE_INSTALL_PREFIX=/home/openarm/svtrobo_ws/install/chassis
[0.076s] -- Found ament_cmake: 1.3.12 (/opt/ros/humble/share/ament_cmake/cmake)
[0.833s] -- Found rclcpp: 16.0.16 (/opt/ros/humble/share/rclcpp/cmake)
[0.908s] -- Found rosidl_generator_c: 3.1.7 (/opt/ros/humble/share/rosidl_generator_c/cmake)
[0.915s] -- Found rosidl_adapter: 3.1.7 (/opt/ros/humble/share/rosidl_adapter/cmake)
[0.934s] -- Found rosidl_generator_cpp: 3.1.7 (/opt/ros/humble/share/rosidl_generator_cpp/cmake)
[0.962s] -- Using all available rosidl_typesupport_c: rosidl_typesupport_fastrtps_c;rosidl_typesupport_introspection_c
[1.003s] -- Using all available rosidl_typesupport_cpp: rosidl_typesupport_fastrtps_cpp;rosidl_typesupport_introspection_cpp
[1.083s] -- Found rmw_implementation_cmake: 6.1.2 (/opt/ros/humble/share/rmw_implementation_cmake/cmake)
[1.086s] -- Found rmw_fastrtps_cpp: 6.2.9 (/opt/ros/humble/share/rmw_fastrtps_cpp/cmake)
[1.297s] -- Using RMW implementation 'rmw_fastrtps_cpp' as default
[1.415s] -- Found urdf: 2.6.1 (/opt/ros/humble/share/urdf/cmake)
[1.451s] -- Found robot_state_publisher: 3.0.3 (/opt/ros/humble/share/robot_state_publisher/cmake)
[1.498s] -- Found eigen3_cmake_module: 0.1.1 (/opt/ros/humble/share/eigen3_cmake_module/cmake)
[1.499s] -- Ensuring Eigen3 include directory is part of orocos-kdl CMake target
[1.740s] [31mCMake Error at CMakeLists.txt:19 (find_package):
[1.740s]   By not providing "Findjoint_state_publisher.cmake" in CMAKE_MODULE_PATH
[1.741s]   this project has asked CMake to find a package configuration file provided
[1.741s]   by "joint_state_publisher", but CMake did not find one.
[1.741s] 
[1.741s]   Could not find a package configuration file provided by
[1.741s]   "joint_state_publisher" with any of the following names:
[1.741s] 
[1.741s]     joint_state_publisherConfig.cmake
[1.741s]     joint_state_publisher-config.cmake
[1.741s] 
[1.741s]   Add the installation prefix of "joint_state_publisher" to CMAKE_PREFIX_PATH
[1.741s]   or set "joint_state_publisher_DIR" to a directory containing one of the
[1.742s]   above files.  If "joint_state_publisher" provides a separate development
[1.742s]   package or SDK, be sure it has been installed.
[1.742s] 
[1.742s] [0m
[1.742s] -- Configuring incomplete, errors occurred!
[1.742s] See also "/home/openarm/svtrobo_ws/build/chassis/CMakeFiles/CMakeOutput.log".
[1.762s] Invoked command in '/home/openarm/svtrobo_ws/build/chassis' returned '1': CMAKE_PREFIX_PATH=${CMAKE_PREFIX_PATH}:/home/openarm/ros2_ws/install/qnbot_teleoperator:/opt/ros/humble /usr/bin/cmake /home/openarm/svtrobo_ws/src/chassis -DCMAKE_INSTALL_PREFIX=/home/openarm/svtrobo_ws/install/chassis
