[0.022s] Invoking command in '/home/openarm/svtrobo_ws/build/classis_control': CMAKE_PREFIX_PATH=${CMAKE_PREFIX_PATH}:/home/openarm/ros2_ws/install/qnbot_teleoperator:/opt/ros/humble /usr/bin/cmake --build /home/openarm/svtrobo_ws/build/classis_control -- -j4 -l4
[0.110s] [ 42%] Built target classis_control_lib
[0.137s] [35m[1mConsolidate compiler generated dependencies of target classis_control[0m
[0.166s] [ 71%] Built target lift_control
[0.181s] [ 85%] [32mBuilding CXX object CMakeFiles/classis_control.dir/src/main.cpp.o[0m
[18.722s] [100%] [32m[1mLinking CXX executable classis_control[0m
[19.636s] [100%] Built target classis_control
[19.663s] Invoked command in '/home/openarm/svtrobo_ws/build/classis_control' returned '0': CMAKE_PREFIX_PATH=${CMAKE_PREFIX_PATH}:/home/openarm/ros2_ws/install/qnbot_teleoperator:/opt/ros/humble /usr/bin/cmake --build /home/openarm/svtrobo_ws/build/classis_control -- -j4 -l4
[19.691s] Invoking command in '/home/openarm/svtrobo_ws/build/classis_control': CMAKE_PREFIX_PATH=${CMAKE_PREFIX_PATH}:/home/openarm/ros2_ws/install/qnbot_teleoperator:/opt/ros/humble /usr/bin/cmake --install /home/openarm/svtrobo_ws/build/classis_control
[19.709s] -- Install configuration: ""
[19.709s] -- Up-to-date: /home/openarm/svtrobo_ws/install/classis_control/include
[19.710s] -- Up-to-date: /home/openarm/svtrobo_ws/install/classis_control/include/classis_control
[19.710s] -- Up-to-date: /home/openarm/svtrobo_ws/install/classis_control/include/classis_control/wheel_motor.h
[19.710s] -- Up-to-date: /home/openarm/svtrobo_ws/install/classis_control/include/classis_control/steering_motor.h
[19.710s] -- Up-to-date: /home/openarm/svtrobo_ws/install/classis_control/lib/libclassis_control.a
[19.710s] -- Installing: /home/openarm/svtrobo_ws/install/classis_control/lib/classis_control/classis_control
[19.724s] -- Set runtime path of "/home/openarm/svtrobo_ws/install/classis_control/lib/classis_control/classis_control" to ""
[19.724s] -- Up-to-date: /home/openarm/svtrobo_ws/install/classis_control/lib/libclassis_control.a
[19.724s] -- Up-to-date: /home/openarm/svtrobo_ws/install/classis_control/lib/classis_control/lift_control
[19.724s] -- Up-to-date: /home/openarm/svtrobo_ws/install/classis_control/share/classis_control/launch
[19.725s] -- Up-to-date: /home/openarm/svtrobo_ws/install/classis_control/share/classis_control/launch/svtrobo_bringup.launch.py
[19.725s] -- Up-to-date: /home/openarm/svtrobo_ws/install/classis_control/share/ament_index/resource_index/package_run_dependencies/classis_control
[19.725s] -- Up-to-date: /home/openarm/svtrobo_ws/install/classis_control/share/ament_index/resource_index/parent_prefix_path/classis_control
[19.725s] -- Up-to-date: /home/openarm/svtrobo_ws/install/classis_control/share/classis_control/environment/ament_prefix_path.sh
[19.725s] -- Up-to-date: /home/openarm/svtrobo_ws/install/classis_control/share/classis_control/environment/ament_prefix_path.dsv
[19.727s] -- Up-to-date: /home/openarm/svtrobo_ws/install/classis_control/share/classis_control/environment/path.sh
[19.727s] -- Up-to-date: /home/openarm/svtrobo_ws/install/classis_control/share/classis_control/environment/path.dsv
[19.727s] -- Up-to-date: /home/openarm/svtrobo_ws/install/classis_control/share/classis_control/local_setup.bash
[19.728s] -- Up-to-date: /home/openarm/svtrobo_ws/install/classis_control/share/classis_control/local_setup.sh
[19.728s] -- Up-to-date: /home/openarm/svtrobo_ws/install/classis_control/share/classis_control/local_setup.zsh
[19.728s] -- Up-to-date: /home/openarm/svtrobo_ws/install/classis_control/share/classis_control/local_setup.dsv
[19.730s] -- Installing: /home/openarm/svtrobo_ws/install/classis_control/share/classis_control/package.dsv
[19.730s] -- Up-to-date: /home/openarm/svtrobo_ws/install/classis_control/share/ament_index/resource_index/packages/classis_control
[19.731s] -- Up-to-date: /home/openarm/svtrobo_ws/install/classis_control/share/classis_control/cmake/ament_cmake_export_dependencies-extras.cmake
[19.731s] -- Up-to-date: /home/openarm/svtrobo_ws/install/classis_control/share/classis_control/cmake/classis_controlConfig.cmake
[19.733s] -- Up-to-date: /home/openarm/svtrobo_ws/install/classis_control/share/classis_control/cmake/classis_controlConfig-version.cmake
[19.733s] -- Up-to-date: /home/openarm/svtrobo_ws/install/classis_control/share/classis_control/package.xml
[19.733s] Invoked command in '/home/openarm/svtrobo_ws/build/classis_control' returned '0': CMAKE_PREFIX_PATH=${CMAKE_PREFIX_PATH}:/home/openarm/ros2_ws/install/qnbot_teleoperator:/opt/ros/humble /usr/bin/cmake --install /home/openarm/svtrobo_ws/build/classis_control
