[0.024s] Invoking command in '/home/openarm/svtrobo_ws/build/classis_control': CMAKE_PREFIX_PATH=${CMAKE_PREFIX_PATH}:/home/openarm/ros2_ws/install/qnbot_teleoperator:/opt/ros/humble /usr/bin/cmake --build /home/openarm/svtrobo_ws/build/classis_control -- -j4 -l4
[0.121s] [ 42%] Built target classis_control_lib
[0.149s] [35m[1mConsolidate compiler generated dependencies of target classis_control[0m
[0.177s] [ 71%] Built target lift_control
[0.182s] [ 85%] [32mBuilding CXX object CMakeFiles/classis_control.dir/src/main.cpp.o[0m
[15.371s] [100%] [32m[1mLinking CXX executable classis_control[0m
[16.152s] [100%] Built target classis_control
[16.169s] Invoked command in '/home/openarm/svtrobo_ws/build/classis_control' returned '0': CMAKE_PREFIX_PATH=${CMAKE_PREFIX_PATH}:/home/openarm/ros2_ws/install/qnbot_teleoperator:/opt/ros/humble /usr/bin/cmake --build /home/openarm/svtrobo_ws/build/classis_control -- -j4 -l4
[16.184s] Invoking command in '/home/openarm/svtrobo_ws/build/classis_control': CMAKE_PREFIX_PATH=${CMAKE_PREFIX_PATH}:/home/openarm/ros2_ws/install/qnbot_teleoperator:/opt/ros/humble /usr/bin/cmake --install /home/openarm/svtrobo_ws/build/classis_control
[16.197s] -- Install configuration: ""
[16.198s] -- Up-to-date: /home/openarm/svtrobo_ws/install/classis_control/include
[16.198s] -- Up-to-date: /home/openarm/svtrobo_ws/install/classis_control/include/classis_control
[16.198s] -- Up-to-date: /home/openarm/svtrobo_ws/install/classis_control/include/classis_control/wheel_motor.h
[16.198s] -- Up-to-date: /home/openarm/svtrobo_ws/install/classis_control/include/classis_control/steering_motor.h
[16.198s] -- Up-to-date: /home/openarm/svtrobo_ws/install/classis_control/lib/libclassis_control.a
[16.198s] -- Installing: /home/openarm/svtrobo_ws/install/classis_control/lib/classis_control/classis_control
[16.207s] -- Set runtime path of "/home/openarm/svtrobo_ws/install/classis_control/lib/classis_control/classis_control" to ""
[16.209s] -- Up-to-date: /home/openarm/svtrobo_ws/install/classis_control/lib/libclassis_control.a
[16.210s] -- Up-to-date: /home/openarm/svtrobo_ws/install/classis_control/lib/classis_control/lift_control
[16.210s] -- Up-to-date: /home/openarm/svtrobo_ws/install/classis_control/share/classis_control/launch
[16.210s] -- Up-to-date: /home/openarm/svtrobo_ws/install/classis_control/share/classis_control/launch/svtrobo_bringup.launch.py
[16.211s] -- Up-to-date: /home/openarm/svtrobo_ws/install/classis_control/share/ament_index/resource_index/package_run_dependencies/classis_control
[16.213s] -- Up-to-date: /home/openarm/svtrobo_ws/install/classis_control/share/ament_index/resource_index/parent_prefix_path/classis_control
[16.214s] -- Up-to-date: /home/openarm/svtrobo_ws/install/classis_control/share/classis_control/environment/ament_prefix_path.sh
[16.214s] -- Up-to-date: /home/openarm/svtrobo_ws/install/classis_control/share/classis_control/environment/ament_prefix_path.dsv
[16.214s] -- Up-to-date: /home/openarm/svtrobo_ws/install/classis_control/share/classis_control/environment/path.sh
[16.215s] -- Up-to-date: /home/openarm/svtrobo_ws/install/classis_control/share/classis_control/environment/path.dsv
[16.215s] -- Up-to-date: /home/openarm/svtrobo_ws/install/classis_control/share/classis_control/local_setup.bash
[16.215s] -- Up-to-date: /home/openarm/svtrobo_ws/install/classis_control/share/classis_control/local_setup.sh
[16.215s] -- Up-to-date: /home/openarm/svtrobo_ws/install/classis_control/share/classis_control/local_setup.zsh
[16.215s] -- Up-to-date: /home/openarm/svtrobo_ws/install/classis_control/share/classis_control/local_setup.dsv
[16.216s] -- Installing: /home/openarm/svtrobo_ws/install/classis_control/share/classis_control/package.dsv
[16.216s] -- Up-to-date: /home/openarm/svtrobo_ws/install/classis_control/share/ament_index/resource_index/packages/classis_control
[16.216s] -- Up-to-date: /home/openarm/svtrobo_ws/install/classis_control/share/classis_control/cmake/ament_cmake_export_dependencies-extras.cmake
[16.216s] -- Up-to-date: /home/openarm/svtrobo_ws/install/classis_control/share/classis_control/cmake/classis_controlConfig.cmake
[16.217s] -- Up-to-date: /home/openarm/svtrobo_ws/install/classis_control/share/classis_control/cmake/classis_controlConfig-version.cmake
[16.217s] -- Up-to-date: /home/openarm/svtrobo_ws/install/classis_control/share/classis_control/package.xml
[16.218s] Invoked command in '/home/openarm/svtrobo_ws/build/classis_control' returned '0': CMAKE_PREFIX_PATH=${CMAKE_PREFIX_PATH}:/home/openarm/ros2_ws/install/qnbot_teleoperator:/opt/ros/humble /usr/bin/cmake --install /home/openarm/svtrobo_ws/build/classis_control
