[0.182s] DEBUG:colcon:Command line arguments: ['/usr/bin/colcon', 'build']
[0.182s] DEBUG:colcon:Parsed command line arguments: Namespace(log_base=None, log_level=None, verb_name='build', build_base='build', install_base='install', merge_install=False, symlink_install=False, test_result_base=None, continue_on_error=False, executor='parallel', parallel_workers=4, event_handlers=None, ignore_user_meta=False, metas=['./colcon.meta'], base_paths=['.'], packages_ignore=None, packages_ignore_regex=None, paths=None, packages_up_to=None, packages_up_to_regex=None, packages_above=None, packages_above_and_dependencies=None, packages_above_depth=None, packages_select_by_dep=None, packages_skip_by_dep=None, packages_skip_up_to=None, packages_select_build_failed=False, packages_skip_build_finished=False, packages_select_test_failures=False, packages_skip_test_passed=False, packages_select=None, packages_skip=None, packages_select_regex=None, packages_skip_regex=None, packages_start=None, packages_end=None, allow_overriding=[], cmake_args=None, cmake_target=None, cmake_target_skip_unavailable=False, cmake_clean_cache=False, cmake_clean_first=False, cmake_force_configure=False, ament_cmake_args=None, catkin_cmake_args=None, catkin_skip_building_tests=False, verb_parser=<colcon_defaults.argument_parser.defaults.DefaultArgumentsDecorator object at 0x7cd9b5b55f30>, verb_extension=<colcon_core.verb.build.BuildVerb object at 0x7cd9b5c4b9d0>, main=<bound method BuildVerb.main of <colcon_core.verb.build.BuildVerb object at 0x7cd9b5c4b9d0>>)
[0.257s] Level 1:colcon.colcon_core.package_discovery:discover_packages(colcon_meta) check parameters
[0.257s] Level 1:colcon.colcon_core.package_discovery:discover_packages(recursive) check parameters
[0.257s] Level 1:colcon.colcon_core.package_discovery:discover_packages(ignore) check parameters
[0.257s] Level 1:colcon.colcon_core.package_discovery:discover_packages(path) check parameters
[0.257s] Level 1:colcon.colcon_core.package_discovery:discover_packages(colcon_meta) discover
[0.258s] Level 1:colcon.colcon_core.package_discovery:discover_packages(recursive) discover
[0.258s] INFO:colcon.colcon_core.package_discovery:Crawling recursively for packages in '/home/openarm/svtrobo_ws'
[0.258s] Level 1:colcon.colcon_core.package_identification:_identify(.) by extensions ['ignore', 'ignore_ament_install']
[0.258s] Level 1:colcon.colcon_core.package_identification:_identify(.) by extension 'ignore'
[0.258s] Level 1:colcon.colcon_core.package_identification:_identify(.) by extension 'ignore_ament_install'
[0.258s] Level 1:colcon.colcon_core.package_identification:_identify(.) by extensions ['colcon_pkg']
[0.258s] Level 1:colcon.colcon_core.package_identification:_identify(.) by extension 'colcon_pkg'
[0.258s] Level 1:colcon.colcon_core.package_identification:_identify(.) by extensions ['colcon_meta']
[0.258s] Level 1:colcon.colcon_core.package_identification:_identify(.) by extension 'colcon_meta'
[0.258s] Level 1:colcon.colcon_core.package_identification:_identify(.) by extensions ['ros']
[0.258s] Level 1:colcon.colcon_core.package_identification:_identify(.) by extension 'ros'
[0.283s] Level 1:colcon.colcon_core.package_identification:_identify(.) by extensions ['cmake', 'python']
[0.283s] Level 1:colcon.colcon_core.package_identification:_identify(.) by extension 'cmake'
[0.284s] Level 1:colcon.colcon_core.package_identification:_identify(.) by extension 'python'
[0.284s] Level 1:colcon.colcon_core.package_identification:_identify(.) by extensions ['python_setup_py']
[0.284s] Level 1:colcon.colcon_core.package_identification:_identify(.) by extension 'python_setup_py'
[0.284s] Level 1:colcon.colcon_core.package_identification:_identify(build) by extensions ['ignore', 'ignore_ament_install']
[0.284s] Level 1:colcon.colcon_core.package_identification:_identify(build) by extension 'ignore'
[0.284s] Level 1:colcon.colcon_core.package_identification:_identify(build) ignored
[0.284s] Level 1:colcon.colcon_core.package_identification:_identify(install) by extensions ['ignore', 'ignore_ament_install']
[0.285s] Level 1:colcon.colcon_core.package_identification:_identify(install) by extension 'ignore'
[0.285s] Level 1:colcon.colcon_core.package_identification:_identify(install) ignored
[0.285s] Level 1:colcon.colcon_core.package_identification:_identify(log) by extensions ['ignore', 'ignore_ament_install']
[0.285s] Level 1:colcon.colcon_core.package_identification:_identify(log) by extension 'ignore'
[0.285s] Level 1:colcon.colcon_core.package_identification:_identify(log) ignored
[0.285s] Level 1:colcon.colcon_core.package_identification:_identify(src) by extensions ['ignore', 'ignore_ament_install']
[0.285s] Level 1:colcon.colcon_core.package_identification:_identify(src) by extension 'ignore'
[0.285s] Level 1:colcon.colcon_core.package_identification:_identify(src) by extension 'ignore_ament_install'
[0.285s] Level 1:colcon.colcon_core.package_identification:_identify(src) by extensions ['colcon_pkg']
[0.285s] Level 1:colcon.colcon_core.package_identification:_identify(src) by extension 'colcon_pkg'
[0.285s] Level 1:colcon.colcon_core.package_identification:_identify(src) by extensions ['colcon_meta']
[0.285s] Level 1:colcon.colcon_core.package_identification:_identify(src) by extension 'colcon_meta'
[0.286s] Level 1:colcon.colcon_core.package_identification:_identify(src) by extensions ['ros']
[0.286s] Level 1:colcon.colcon_core.package_identification:_identify(src) by extension 'ros'
[0.286s] Level 1:colcon.colcon_core.package_identification:_identify(src) by extensions ['cmake', 'python']
[0.286s] Level 1:colcon.colcon_core.package_identification:_identify(src) by extension 'cmake'
[0.286s] Level 1:colcon.colcon_core.package_identification:_identify(src) by extension 'python'
[0.286s] Level 1:colcon.colcon_core.package_identification:_identify(src) by extensions ['python_setup_py']
[0.286s] Level 1:colcon.colcon_core.package_identification:_identify(src) by extension 'python_setup_py'
[0.286s] Level 1:colcon.colcon_core.package_identification:_identify(src/robstride_actuator_bridge) by extensions ['ignore', 'ignore_ament_install']
[0.286s] Level 1:colcon.colcon_core.package_identification:_identify(src/robstride_actuator_bridge) by extension 'ignore'
[0.286s] Level 1:colcon.colcon_core.package_identification:_identify(src/robstride_actuator_bridge) by extension 'ignore_ament_install'
[0.286s] Level 1:colcon.colcon_core.package_identification:_identify(src/robstride_actuator_bridge) by extensions ['colcon_pkg']
[0.286s] Level 1:colcon.colcon_core.package_identification:_identify(src/robstride_actuator_bridge) by extension 'colcon_pkg'
[0.286s] Level 1:colcon.colcon_core.package_identification:_identify(src/robstride_actuator_bridge) by extensions ['colcon_meta']
[0.287s] Level 1:colcon.colcon_core.package_identification:_identify(src/robstride_actuator_bridge) by extension 'colcon_meta'
[0.287s] Level 1:colcon.colcon_core.package_identification:_identify(src/robstride_actuator_bridge) by extensions ['ros']
[0.287s] Level 1:colcon.colcon_core.package_identification:_identify(src/robstride_actuator_bridge) by extension 'ros'
[0.291s] DEBUG:colcon.colcon_core.package_identification:Package 'src/robstride_actuator_bridge' with type 'ros.ament_cmake' and name 'motor_control'
[0.291s] Level 1:colcon.colcon_core.package_identification:_identify(src/svtrobo_4ws) by extensions ['ignore', 'ignore_ament_install']
[0.291s] Level 1:colcon.colcon_core.package_identification:_identify(src/svtrobo_4ws) by extension 'ignore'
[0.291s] Level 1:colcon.colcon_core.package_identification:_identify(src/svtrobo_4ws) by extension 'ignore_ament_install'
[0.291s] Level 1:colcon.colcon_core.package_identification:_identify(src/svtrobo_4ws) by extensions ['colcon_pkg']
[0.291s] Level 1:colcon.colcon_core.package_identification:_identify(src/svtrobo_4ws) by extension 'colcon_pkg'
[0.291s] Level 1:colcon.colcon_core.package_identification:_identify(src/svtrobo_4ws) by extensions ['colcon_meta']
[0.291s] Level 1:colcon.colcon_core.package_identification:_identify(src/svtrobo_4ws) by extension 'colcon_meta'
[0.291s] Level 1:colcon.colcon_core.package_identification:_identify(src/svtrobo_4ws) by extensions ['ros']
[0.291s] Level 1:colcon.colcon_core.package_identification:_identify(src/svtrobo_4ws) by extension 'ros'
[0.293s] DEBUG:colcon.colcon_core.package_identification:Package 'src/svtrobo_4ws' with type 'ros.ament_cmake' and name 'svtrobo_4ws'
[0.293s] Level 1:colcon.colcon_core.package_discovery:discover_packages(recursive) using defaults
[0.293s] Level 1:colcon.colcon_core.package_discovery:discover_packages(ignore) discover
[0.293s] Level 1:colcon.colcon_core.package_discovery:discover_packages(ignore) using defaults
[0.293s] Level 1:colcon.colcon_core.package_discovery:discover_packages(path) discover
[0.293s] Level 1:colcon.colcon_core.package_discovery:discover_packages(path) using defaults
[0.336s] Level 1:colcon.colcon_core.package_discovery:discover_packages(prefix_path) check parameters
[0.336s] Level 1:colcon.colcon_core.package_discovery:discover_packages(prefix_path) discover
[0.339s] DEBUG:colcon.colcon_installed_package_information.package_discovery:Found 8 installed packages in /home/openarm/ros2_ws/install
[0.341s] DEBUG:colcon.colcon_installed_package_information.package_discovery:Found 362 installed packages in /opt/ros/humble
[0.344s] Level 1:colcon.colcon_core.package_discovery:discover_packages(prefix_path) using defaults
[0.428s] Level 5:colcon.colcon_core.verb:set package 'motor_control' build argument 'cmake_args' from command line to 'None'
[0.428s] Level 5:colcon.colcon_core.verb:set package 'motor_control' build argument 'cmake_target' from command line to 'None'
[0.428s] Level 5:colcon.colcon_core.verb:set package 'motor_control' build argument 'cmake_target_skip_unavailable' from command line to 'False'
[0.428s] Level 5:colcon.colcon_core.verb:set package 'motor_control' build argument 'cmake_clean_cache' from command line to 'False'
[0.428s] Level 5:colcon.colcon_core.verb:set package 'motor_control' build argument 'cmake_clean_first' from command line to 'False'
[0.428s] Level 5:colcon.colcon_core.verb:set package 'motor_control' build argument 'cmake_force_configure' from command line to 'False'
[0.428s] Level 5:colcon.colcon_core.verb:set package 'motor_control' build argument 'ament_cmake_args' from command line to 'None'
[0.428s] Level 5:colcon.colcon_core.verb:set package 'motor_control' build argument 'catkin_cmake_args' from command line to 'None'
[0.428s] Level 5:colcon.colcon_core.verb:set package 'motor_control' build argument 'catkin_skip_building_tests' from command line to 'False'
[0.429s] DEBUG:colcon.colcon_core.verb:Building package 'motor_control' with the following arguments: {'ament_cmake_args': None, 'build_base': '/home/openarm/svtrobo_ws/build/motor_control', 'catkin_cmake_args': None, 'catkin_skip_building_tests': False, 'cmake_args': None, 'cmake_clean_cache': False, 'cmake_clean_first': False, 'cmake_force_configure': False, 'cmake_target': None, 'cmake_target_skip_unavailable': False, 'install_base': '/home/openarm/svtrobo_ws/install/motor_control', 'merge_install': False, 'path': '/home/openarm/svtrobo_ws/src/robstride_actuator_bridge', 'symlink_install': False, 'test_result_base': None}
[0.429s] Level 5:colcon.colcon_core.verb:set package 'svtrobo_4ws' build argument 'cmake_args' from command line to 'None'
[0.429s] Level 5:colcon.colcon_core.verb:set package 'svtrobo_4ws' build argument 'cmake_target' from command line to 'None'
[0.429s] Level 5:colcon.colcon_core.verb:set package 'svtrobo_4ws' build argument 'cmake_target_skip_unavailable' from command line to 'False'
[0.429s] Level 5:colcon.colcon_core.verb:set package 'svtrobo_4ws' build argument 'cmake_clean_cache' from command line to 'False'
[0.429s] Level 5:colcon.colcon_core.verb:set package 'svtrobo_4ws' build argument 'cmake_clean_first' from command line to 'False'
[0.429s] Level 5:colcon.colcon_core.verb:set package 'svtrobo_4ws' build argument 'cmake_force_configure' from command line to 'False'
[0.429s] Level 5:colcon.colcon_core.verb:set package 'svtrobo_4ws' build argument 'ament_cmake_args' from command line to 'None'
[0.429s] Level 5:colcon.colcon_core.verb:set package 'svtrobo_4ws' build argument 'catkin_cmake_args' from command line to 'None'
[0.430s] Level 5:colcon.colcon_core.verb:set package 'svtrobo_4ws' build argument 'catkin_skip_building_tests' from command line to 'False'
[0.430s] DEBUG:colcon.colcon_core.verb:Building package 'svtrobo_4ws' with the following arguments: {'ament_cmake_args': None, 'build_base': '/home/openarm/svtrobo_ws/build/svtrobo_4ws', 'catkin_cmake_args': None, 'catkin_skip_building_tests': False, 'cmake_args': None, 'cmake_clean_cache': False, 'cmake_clean_first': False, 'cmake_force_configure': False, 'cmake_target': None, 'cmake_target_skip_unavailable': False, 'install_base': '/home/openarm/svtrobo_ws/install/svtrobo_4ws', 'merge_install': False, 'path': '/home/openarm/svtrobo_ws/src/svtrobo_4ws', 'symlink_install': False, 'test_result_base': None}
[0.430s] INFO:colcon.colcon_core.executor:Executing jobs using 'parallel' executor
[0.431s] DEBUG:colcon.colcon_parallel_executor.executor.parallel:run_until_complete
[0.431s] INFO:colcon.colcon_ros.task.ament_cmake.build:Building ROS package in '/home/openarm/svtrobo_ws/src/robstride_actuator_bridge' with build type 'ament_cmake'
[0.432s] INFO:colcon.colcon_cmake.task.cmake.build:Building CMake package in '/home/openarm/svtrobo_ws/src/robstride_actuator_bridge'
[0.437s] INFO:colcon.colcon_core.plugin_system:Skipping extension 'colcon_core.shell.bat': Not used on non-Windows systems
[0.437s] INFO:colcon.colcon_core.shell:Skip shell extension 'powershell' for command environment: Not usable outside of PowerShell
[0.437s] DEBUG:colcon.colcon_core.shell:Skip shell extension 'dsv' for command environment
[0.448s] INFO:colcon.colcon_ros.task.ament_cmake.build:Building ROS package in '/home/openarm/svtrobo_ws/src/svtrobo_4ws' with build type 'ament_cmake'
[0.449s] INFO:colcon.colcon_cmake.task.cmake.build:Building CMake package in '/home/openarm/svtrobo_ws/src/svtrobo_4ws'
[0.450s] INFO:colcon.colcon_core.shell:Skip shell extension 'powershell' for command environment: Not usable outside of PowerShell
[0.450s] DEBUG:colcon.colcon_core.shell:Skip shell extension 'dsv' for command environment
[0.468s] DEBUG:colcon.colcon_core.event_handler.log_command:Invoking command in '/home/openarm/svtrobo_ws/build/motor_control': CMAKE_PREFIX_PATH=${CMAKE_PREFIX_PATH}:/home/openarm/ros2_ws/install/qnbot_teleoperator:/opt/ros/humble /usr/bin/cmake --build /home/openarm/svtrobo_ws/build/motor_control -- -j4 -l4
[0.480s] DEBUG:colcon.colcon_core.event_handler.log_command:Invoking command in '/home/openarm/svtrobo_ws/build/svtrobo_4ws': CMAKE_PREFIX_PATH=${CMAKE_PREFIX_PATH}:/home/openarm/ros2_ws/install/qnbot_teleoperator:/opt/ros/humble /usr/bin/cmake --build /home/openarm/svtrobo_ws/build/svtrobo_4ws -- -j4 -l4
[0.732s] DEBUG:colcon.colcon_core.event_handler.log_command:Invoked command in '/home/openarm/svtrobo_ws/build/svtrobo_4ws' returned '0': CMAKE_PREFIX_PATH=${CMAKE_PREFIX_PATH}:/home/openarm/ros2_ws/install/qnbot_teleoperator:/opt/ros/humble /usr/bin/cmake --build /home/openarm/svtrobo_ws/build/svtrobo_4ws -- -j4 -l4
[0.759s] DEBUG:colcon.colcon_core.event_handler.log_command:Invoking command in '/home/openarm/svtrobo_ws/build/svtrobo_4ws': CMAKE_PREFIX_PATH=${CMAKE_PREFIX_PATH}:/home/openarm/ros2_ws/install/qnbot_teleoperator:/opt/ros/humble /usr/bin/cmake --install /home/openarm/svtrobo_ws/build/svtrobo_4ws
[0.818s] Level 1:colcon.colcon_core.environment:create_environment_scripts_only(svtrobo_4ws)
[0.819s] DEBUG:colcon.colcon_core.event_handler.log_command:Invoked command in '/home/openarm/svtrobo_ws/build/svtrobo_4ws' returned '0': CMAKE_PREFIX_PATH=${CMAKE_PREFIX_PATH}:/home/openarm/ros2_ws/install/qnbot_teleoperator:/opt/ros/humble /usr/bin/cmake --install /home/openarm/svtrobo_ws/build/svtrobo_4ws
[0.825s] Level 1:colcon.colcon_core.environment:checking '/home/openarm/svtrobo_ws/install/svtrobo_4ws' for CMake module files
[0.828s] Level 1:colcon.colcon_core.environment:checking '/home/openarm/svtrobo_ws/install/svtrobo_4ws' for CMake config files
[0.828s] Level 1:colcon.colcon_core.shell:create_environment_hook('svtrobo_4ws', 'cmake_prefix_path')
[0.829s] INFO:colcon.colcon_core.shell:Creating environment hook '/home/openarm/svtrobo_ws/install/svtrobo_4ws/share/svtrobo_4ws/hook/cmake_prefix_path.ps1'
[0.831s] INFO:colcon.colcon_core.shell:Creating environment descriptor '/home/openarm/svtrobo_ws/install/svtrobo_4ws/share/svtrobo_4ws/hook/cmake_prefix_path.dsv'
[0.832s] INFO:colcon.colcon_core.shell:Creating environment hook '/home/openarm/svtrobo_ws/install/svtrobo_4ws/share/svtrobo_4ws/hook/cmake_prefix_path.sh'
[0.834s] Level 1:colcon.colcon_core.environment:checking '/home/openarm/svtrobo_ws/install/svtrobo_4ws/lib'
[0.836s] Level 1:colcon.colcon_core.environment:checking '/home/openarm/svtrobo_ws/install/svtrobo_4ws/bin'
[0.837s] Level 1:colcon.colcon_core.environment:checking '/home/openarm/svtrobo_ws/install/svtrobo_4ws/lib/pkgconfig/svtrobo_4ws.pc'
[0.838s] Level 1:colcon.colcon_core.environment:checking '/home/openarm/svtrobo_ws/install/svtrobo_4ws/lib/python3.10/site-packages'
[0.840s] Level 1:colcon.colcon_core.environment:checking '/home/openarm/svtrobo_ws/install/svtrobo_4ws/bin'
[0.841s] INFO:colcon.colcon_core.shell:Creating package script '/home/openarm/svtrobo_ws/install/svtrobo_4ws/share/svtrobo_4ws/package.ps1'
[0.844s] INFO:colcon.colcon_core.shell:Creating package descriptor '/home/openarm/svtrobo_ws/install/svtrobo_4ws/share/svtrobo_4ws/package.dsv'
[0.847s] INFO:colcon.colcon_core.shell:Creating package script '/home/openarm/svtrobo_ws/install/svtrobo_4ws/share/svtrobo_4ws/package.sh'
[0.849s] INFO:colcon.colcon_core.shell:Creating package script '/home/openarm/svtrobo_ws/install/svtrobo_4ws/share/svtrobo_4ws/package.bash'
[0.854s] INFO:colcon.colcon_core.shell:Creating package script '/home/openarm/svtrobo_ws/install/svtrobo_4ws/share/svtrobo_4ws/package.zsh'
[0.857s] Level 1:colcon.colcon_core.environment:create_file_with_runtime_dependencies(/home/openarm/svtrobo_ws/install/svtrobo_4ws/share/colcon-core/packages/svtrobo_4ws)
[0.860s] Level 1:colcon.colcon_core.environment:create_environment_scripts_only(svtrobo_4ws)
[0.862s] Level 1:colcon.colcon_core.environment:checking '/home/openarm/svtrobo_ws/install/svtrobo_4ws' for CMake module files
[0.865s] Level 1:colcon.colcon_core.environment:checking '/home/openarm/svtrobo_ws/install/svtrobo_4ws' for CMake config files
[0.867s] Level 1:colcon.colcon_core.shell:create_environment_hook('svtrobo_4ws', 'cmake_prefix_path')
[0.868s] INFO:colcon.colcon_core.shell:Creating environment hook '/home/openarm/svtrobo_ws/install/svtrobo_4ws/share/svtrobo_4ws/hook/cmake_prefix_path.ps1'
[0.871s] INFO:colcon.colcon_core.shell:Creating environment descriptor '/home/openarm/svtrobo_ws/install/svtrobo_4ws/share/svtrobo_4ws/hook/cmake_prefix_path.dsv'
[0.872s] INFO:colcon.colcon_core.shell:Creating environment hook '/home/openarm/svtrobo_ws/install/svtrobo_4ws/share/svtrobo_4ws/hook/cmake_prefix_path.sh'
[0.873s] Level 1:colcon.colcon_core.environment:checking '/home/openarm/svtrobo_ws/install/svtrobo_4ws/lib'
[0.873s] Level 1:colcon.colcon_core.environment:checking '/home/openarm/svtrobo_ws/install/svtrobo_4ws/bin'
[0.874s] Level 1:colcon.colcon_core.environment:checking '/home/openarm/svtrobo_ws/install/svtrobo_4ws/lib/pkgconfig/svtrobo_4ws.pc'
[0.874s] Level 1:colcon.colcon_core.environment:checking '/home/openarm/svtrobo_ws/install/svtrobo_4ws/lib/python3.10/site-packages'
[0.877s] Level 1:colcon.colcon_core.environment:checking '/home/openarm/svtrobo_ws/install/svtrobo_4ws/bin'
[0.878s] INFO:colcon.colcon_core.shell:Creating package script '/home/openarm/svtrobo_ws/install/svtrobo_4ws/share/svtrobo_4ws/package.ps1'
[0.879s] INFO:colcon.colcon_core.shell:Creating package descriptor '/home/openarm/svtrobo_ws/install/svtrobo_4ws/share/svtrobo_4ws/package.dsv'
[0.881s] INFO:colcon.colcon_core.shell:Creating package script '/home/openarm/svtrobo_ws/install/svtrobo_4ws/share/svtrobo_4ws/package.sh'
[0.883s] INFO:colcon.colcon_core.shell:Creating package script '/home/openarm/svtrobo_ws/install/svtrobo_4ws/share/svtrobo_4ws/package.bash'
[0.885s] INFO:colcon.colcon_core.shell:Creating package script '/home/openarm/svtrobo_ws/install/svtrobo_4ws/share/svtrobo_4ws/package.zsh'
[0.886s] Level 1:colcon.colcon_core.environment:create_file_with_runtime_dependencies(/home/openarm/svtrobo_ws/install/svtrobo_4ws/share/colcon-core/packages/svtrobo_4ws)
[1.493s] DEBUG:colcon.colcon_core.event_handler.log_command:Invoked command in '/home/openarm/svtrobo_ws/build/motor_control' returned '0': CMAKE_PREFIX_PATH=${CMAKE_PREFIX_PATH}:/home/openarm/ros2_ws/install/qnbot_teleoperator:/opt/ros/humble /usr/bin/cmake --build /home/openarm/svtrobo_ws/build/motor_control -- -j4 -l4
[1.496s] DEBUG:colcon.colcon_core.event_handler.log_command:Invoking command in '/home/openarm/svtrobo_ws/build/motor_control': CMAKE_PREFIX_PATH=${CMAKE_PREFIX_PATH}:/home/openarm/ros2_ws/install/qnbot_teleoperator:/opt/ros/humble /usr/bin/cmake --install /home/openarm/svtrobo_ws/build/motor_control
[1.641s] Level 1:colcon.colcon_core.environment:create_environment_scripts_only(motor_control)
[1.642s] Level 1:colcon.colcon_core.environment:checking '/home/openarm/svtrobo_ws/install/motor_control' for CMake module files
[1.643s] DEBUG:colcon.colcon_core.event_handler.log_command:Invoked command in '/home/openarm/svtrobo_ws/build/motor_control' returned '0': CMAKE_PREFIX_PATH=${CMAKE_PREFIX_PATH}:/home/openarm/ros2_ws/install/qnbot_teleoperator:/opt/ros/humble /usr/bin/cmake --install /home/openarm/svtrobo_ws/build/motor_control
[1.644s] Level 1:colcon.colcon_core.environment:checking '/home/openarm/svtrobo_ws/install/motor_control' for CMake config files
[1.645s] Level 1:colcon.colcon_core.shell:create_environment_hook('motor_control', 'cmake_prefix_path')
[1.645s] INFO:colcon.colcon_core.shell:Creating environment hook '/home/openarm/svtrobo_ws/install/motor_control/share/motor_control/hook/cmake_prefix_path.ps1'
[1.646s] INFO:colcon.colcon_core.shell:Creating environment descriptor '/home/openarm/svtrobo_ws/install/motor_control/share/motor_control/hook/cmake_prefix_path.dsv'
[1.647s] INFO:colcon.colcon_core.shell:Creating environment hook '/home/openarm/svtrobo_ws/install/motor_control/share/motor_control/hook/cmake_prefix_path.sh'
[1.648s] Level 1:colcon.colcon_core.environment:checking '/home/openarm/svtrobo_ws/install/motor_control/lib'
[1.648s] Level 1:colcon.colcon_core.shell:create_environment_hook('motor_control', 'ld_library_path_lib')
[1.649s] INFO:colcon.colcon_core.shell:Creating environment hook '/home/openarm/svtrobo_ws/install/motor_control/share/motor_control/hook/ld_library_path_lib.ps1'
[1.649s] INFO:colcon.colcon_core.shell:Creating environment descriptor '/home/openarm/svtrobo_ws/install/motor_control/share/motor_control/hook/ld_library_path_lib.dsv'
[1.650s] INFO:colcon.colcon_core.shell:Creating environment hook '/home/openarm/svtrobo_ws/install/motor_control/share/motor_control/hook/ld_library_path_lib.sh'
[1.650s] Level 1:colcon.colcon_core.environment:checking '/home/openarm/svtrobo_ws/install/motor_control/bin'
[1.650s] Level 1:colcon.colcon_core.environment:checking '/home/openarm/svtrobo_ws/install/motor_control/lib/pkgconfig/motor_control.pc'
[1.651s] Level 1:colcon.colcon_core.environment:checking '/home/openarm/svtrobo_ws/install/motor_control/lib/python3.10/site-packages'
[1.651s] Level 1:colcon.colcon_core.environment:checking '/home/openarm/svtrobo_ws/install/motor_control/bin'
[1.652s] INFO:colcon.colcon_core.shell:Creating package script '/home/openarm/svtrobo_ws/install/motor_control/share/motor_control/package.ps1'
[1.653s] INFO:colcon.colcon_core.shell:Creating package descriptor '/home/openarm/svtrobo_ws/install/motor_control/share/motor_control/package.dsv'
[1.653s] INFO:colcon.colcon_core.shell:Creating package script '/home/openarm/svtrobo_ws/install/motor_control/share/motor_control/package.sh'
[1.654s] INFO:colcon.colcon_core.shell:Creating package script '/home/openarm/svtrobo_ws/install/motor_control/share/motor_control/package.bash'
[1.654s] INFO:colcon.colcon_core.shell:Creating package script '/home/openarm/svtrobo_ws/install/motor_control/share/motor_control/package.zsh'
[1.655s] Level 1:colcon.colcon_core.environment:create_file_with_runtime_dependencies(/home/openarm/svtrobo_ws/install/motor_control/share/colcon-core/packages/motor_control)
[1.656s] Level 1:colcon.colcon_core.environment:create_environment_scripts_only(motor_control)
[1.656s] Level 1:colcon.colcon_core.environment:checking '/home/openarm/svtrobo_ws/install/motor_control' for CMake module files
[1.657s] Level 1:colcon.colcon_core.environment:checking '/home/openarm/svtrobo_ws/install/motor_control' for CMake config files
[1.658s] Level 1:colcon.colcon_core.shell:create_environment_hook('motor_control', 'cmake_prefix_path')
[1.658s] INFO:colcon.colcon_core.shell:Creating environment hook '/home/openarm/svtrobo_ws/install/motor_control/share/motor_control/hook/cmake_prefix_path.ps1'
[1.659s] INFO:colcon.colcon_core.shell:Creating environment descriptor '/home/openarm/svtrobo_ws/install/motor_control/share/motor_control/hook/cmake_prefix_path.dsv'
[1.659s] INFO:colcon.colcon_core.shell:Creating environment hook '/home/openarm/svtrobo_ws/install/motor_control/share/motor_control/hook/cmake_prefix_path.sh'
[1.660s] Level 1:colcon.colcon_core.environment:checking '/home/openarm/svtrobo_ws/install/motor_control/lib'
[1.660s] Level 1:colcon.colcon_core.shell:create_environment_hook('motor_control', 'ld_library_path_lib')
[1.661s] INFO:colcon.colcon_core.shell:Creating environment hook '/home/openarm/svtrobo_ws/install/motor_control/share/motor_control/hook/ld_library_path_lib.ps1'
[1.661s] INFO:colcon.colcon_core.shell:Creating environment descriptor '/home/openarm/svtrobo_ws/install/motor_control/share/motor_control/hook/ld_library_path_lib.dsv'
[1.662s] INFO:colcon.colcon_core.shell:Creating environment hook '/home/openarm/svtrobo_ws/install/motor_control/share/motor_control/hook/ld_library_path_lib.sh'
[1.663s] Level 1:colcon.colcon_core.environment:checking '/home/openarm/svtrobo_ws/install/motor_control/bin'
[1.663s] Level 1:colcon.colcon_core.environment:checking '/home/openarm/svtrobo_ws/install/motor_control/lib/pkgconfig/motor_control.pc'
[1.664s] Level 1:colcon.colcon_core.environment:checking '/home/openarm/svtrobo_ws/install/motor_control/lib/python3.10/site-packages'
[1.665s] Level 1:colcon.colcon_core.environment:checking '/home/openarm/svtrobo_ws/install/motor_control/bin'
[1.666s] INFO:colcon.colcon_core.shell:Creating package script '/home/openarm/svtrobo_ws/install/motor_control/share/motor_control/package.ps1'
[1.669s] INFO:colcon.colcon_core.shell:Creating package descriptor '/home/openarm/svtrobo_ws/install/motor_control/share/motor_control/package.dsv'
[1.670s] INFO:colcon.colcon_core.shell:Creating package script '/home/openarm/svtrobo_ws/install/motor_control/share/motor_control/package.sh'
[1.671s] INFO:colcon.colcon_core.shell:Creating package script '/home/openarm/svtrobo_ws/install/motor_control/share/motor_control/package.bash'
[1.672s] INFO:colcon.colcon_core.shell:Creating package script '/home/openarm/svtrobo_ws/install/motor_control/share/motor_control/package.zsh'
[1.673s] Level 1:colcon.colcon_core.environment:create_file_with_runtime_dependencies(/home/openarm/svtrobo_ws/install/motor_control/share/colcon-core/packages/motor_control)
[1.674s] DEBUG:colcon.colcon_parallel_executor.executor.parallel:closing loop
[1.674s] DEBUG:colcon.colcon_parallel_executor.executor.parallel:loop closed
[1.675s] DEBUG:colcon.colcon_parallel_executor.executor.parallel:run_until_complete finished with '0'
[1.675s] DEBUG:colcon.colcon_core.event_reactor:joining thread
[1.688s] INFO:colcon.colcon_core.plugin_system:Skipping extension 'colcon_notification.desktop_notification.terminal_notifier': Not used on non-Darwin systems
[1.688s] INFO:colcon.colcon_core.plugin_system:Skipping extension 'colcon_notification.desktop_notification.win32': Not used on non-Windows systems
[1.688s] INFO:colcon.colcon_notification.desktop_notification:Sending desktop notification using 'notify2'
[1.711s] DEBUG:colcon.colcon_core.event_reactor:joined thread
[1.711s] INFO:colcon.colcon_core.shell:Creating prefix script '/home/openarm/svtrobo_ws/install/local_setup.ps1'
[1.713s] INFO:colcon.colcon_core.shell:Creating prefix util module '/home/openarm/svtrobo_ws/install/_local_setup_util_ps1.py'
[1.716s] INFO:colcon.colcon_core.shell:Creating prefix chain script '/home/openarm/svtrobo_ws/install/setup.ps1'
[1.719s] INFO:colcon.colcon_core.shell:Creating prefix script '/home/openarm/svtrobo_ws/install/local_setup.sh'
[1.721s] INFO:colcon.colcon_core.shell:Creating prefix util module '/home/openarm/svtrobo_ws/install/_local_setup_util_sh.py'
[1.722s] INFO:colcon.colcon_core.shell:Creating prefix chain script '/home/openarm/svtrobo_ws/install/setup.sh'
[1.727s] INFO:colcon.colcon_core.shell:Creating prefix script '/home/openarm/svtrobo_ws/install/local_setup.bash'
[1.729s] INFO:colcon.colcon_core.shell:Creating prefix chain script '/home/openarm/svtrobo_ws/install/setup.bash'
[1.731s] INFO:colcon.colcon_core.shell:Creating prefix script '/home/openarm/svtrobo_ws/install/local_setup.zsh'
[1.732s] INFO:colcon.colcon_core.shell:Creating prefix chain script '/home/openarm/svtrobo_ws/install/setup.zsh'
