[0.018s] Invoking command in '/home/openarm/svtrobo_ws/build/classis_control': CMAKE_PREFIX_PATH=${CMAKE_PREFIX_PATH}:/home/openarm/ros2_ws/install/qnbot_teleoperator:/opt/ros/humble /usr/bin/cmake /home/openarm/svtrobo_ws/src/classis_control -DCMAKE_INSTALL_PREFIX=/home/openarm/svtrobo_ws/install/classis_control
[0.098s] -- The C compiler identification is GNU 11.4.0
[0.189s] -- The CXX compiler identification is GNU 11.4.0
[0.200s] -- Detecting C compiler ABI info
[0.302s] -- Detecting C compiler ABI info - done
[0.315s] -- Check for working C compiler: /usr/bin/cc - skipped
[0.315s] -- Detecting C compile features
[0.316s] -- Detecting C compile features - done
[0.321s] -- Detecting CXX compiler ABI info
[0.461s] -- Detecting CXX compiler ABI info - done
[0.477s] -- Check for working CXX compiler: /usr/bin/c++ - skipped
[0.477s] -- Detecting CXX compile features
[0.478s] -- Detecting CXX compile features - done
[0.483s] -- Found ament_cmake: 1.3.12 (/opt/ros/humble/share/ament_cmake/cmake)
[1.230s] -- Found Python3: /usr/bin/python3 (found version "3.10.12") found components: Interpreter 
[1.405s] -- Found rclcpp: 16.0.16 (/opt/ros/humble/share/rclcpp/cmake)
[1.487s] -- Found rosidl_generator_c: 3.1.7 (/opt/ros/humble/share/rosidl_generator_c/cmake)
[1.497s] -- Found rosidl_adapter: 3.1.7 (/opt/ros/humble/share/rosidl_adapter/cmake)
[1.512s] -- Found rosidl_generator_cpp: 3.1.7 (/opt/ros/humble/share/rosidl_generator_cpp/cmake)
[1.539s] -- Using all available rosidl_typesupport_c: rosidl_typesupport_fastrtps_c;rosidl_typesupport_introspection_c
[1.567s] -- Using all available rosidl_typesupport_cpp: rosidl_typesupport_fastrtps_cpp;rosidl_typesupport_introspection_cpp
[1.647s] -- Found rmw_implementation_cmake: 6.1.2 (/opt/ros/humble/share/rmw_implementation_cmake/cmake)
[1.652s] -- Found rmw_fastrtps_cpp: 6.2.9 (/opt/ros/humble/share/rmw_fastrtps_cpp/cmake)
[1.792s] -- Found OpenSSL: /usr/lib/x86_64-linux-gnu/libcrypto.so (found version "3.0.2")  
[1.836s] -- Found FastRTPS: /opt/ros/humble/include  
[1.897s] -- Using RMW implementation 'rmw_fastrtps_cpp' as default
[1.913s] -- Looking for pthread.h
[2.022s] -- Looking for pthread.h - found
[2.023s] -- Performing Test CMAKE_HAVE_LIBC_PTHREAD
[2.137s] -- Performing Test CMAKE_HAVE_LIBC_PTHREAD - Success
[2.139s] -- Found Threads: TRUE  
[2.230s] -- Found sensor_msgs: 4.9.0 (/opt/ros/humble/share/sensor_msgs/cmake)
[2.285s] -- Found rosidl_default_generators: 1.2.0 (/opt/ros/humble/share/rosidl_default_generators/cmake)
[2.426s] -- Configuring done
[2.448s] -- Generating done
[2.456s] -- Build files have been written to: /home/openarm/svtrobo_ws/build/classis_control
[2.471s] Invoked command in '/home/openarm/svtrobo_ws/build/classis_control' returned '0': CMAKE_PREFIX_PATH=${CMAKE_PREFIX_PATH}:/home/openarm/ros2_ws/install/qnbot_teleoperator:/opt/ros/humble /usr/bin/cmake /home/openarm/svtrobo_ws/src/classis_control -DCMAKE_INSTALL_PREFIX=/home/openarm/svtrobo_ws/install/classis_control
[2.474s] Invoking command in '/home/openarm/svtrobo_ws/build/classis_control': CMAKE_PREFIX_PATH=${CMAKE_PREFIX_PATH}:/home/openarm/ros2_ws/install/qnbot_teleoperator:/opt/ros/humble /usr/bin/cmake --build /home/openarm/svtrobo_ws/build/classis_control -- -j4 -l4
[2.546s] [ 20%] [32mBuilding CXX object CMakeFiles/classis_control_lib.dir/src/steering_motor.cpp.o[0m
[2.546s] [ 40%] [32mBuilding CXX object CMakeFiles/classis_control_lib.dir/src/wheel_motor.cpp.o[0m
[7.119s] [ 60%] [32m[1mLinking CXX static library libclassis_control.a[0m
[7.176s] [ 60%] Built target classis_control_lib
[7.206s] [ 80%] [32mBuilding CXX object CMakeFiles/classis_control.dir/src/main.cpp.o[0m
[19.701s] [100%] [32m[1mLinking CXX executable classis_control[0m
[20.398s] [100%] Built target classis_control
[20.415s] Invoked command in '/home/openarm/svtrobo_ws/build/classis_control' returned '0': CMAKE_PREFIX_PATH=${CMAKE_PREFIX_PATH}:/home/openarm/ros2_ws/install/qnbot_teleoperator:/opt/ros/humble /usr/bin/cmake --build /home/openarm/svtrobo_ws/build/classis_control -- -j4 -l4
[20.429s] Invoking command in '/home/openarm/svtrobo_ws/build/classis_control': CMAKE_PREFIX_PATH=${CMAKE_PREFIX_PATH}:/home/openarm/ros2_ws/install/qnbot_teleoperator:/opt/ros/humble /usr/bin/cmake --install /home/openarm/svtrobo_ws/build/classis_control
[20.440s] -- Install configuration: ""
[20.440s] -- Installing: /home/openarm/svtrobo_ws/install/classis_control/include
[20.441s] -- Installing: /home/openarm/svtrobo_ws/install/classis_control/include/classis_control
[20.441s] -- Installing: /home/openarm/svtrobo_ws/install/classis_control/include/classis_control/steering_motor.h
[20.441s] -- Installing: /home/openarm/svtrobo_ws/install/classis_control/include/classis_control/wheel_motor.h
[20.441s] -- Installing: /home/openarm/svtrobo_ws/install/classis_control/lib/libclassis_control.a
[20.443s] -- Installing: /home/openarm/svtrobo_ws/install/classis_control/lib/classis_control/classis_control
[20.451s] -- Set runtime path of "/home/openarm/svtrobo_ws/install/classis_control/lib/classis_control/classis_control" to ""
[20.451s] -- Installing: /home/openarm/svtrobo_ws/install/classis_control/share/ament_index/resource_index/package_run_dependencies/classis_control
[20.451s] -- Installing: /home/openarm/svtrobo_ws/install/classis_control/share/ament_index/resource_index/parent_prefix_path/classis_control
[20.452s] -- Installing: /home/openarm/svtrobo_ws/install/classis_control/share/classis_control/environment/ament_prefix_path.sh
[20.452s] -- Installing: /home/openarm/svtrobo_ws/install/classis_control/share/classis_control/environment/ament_prefix_path.dsv
[20.452s] -- Installing: /home/openarm/svtrobo_ws/install/classis_control/share/classis_control/environment/path.sh
[20.452s] -- Installing: /home/openarm/svtrobo_ws/install/classis_control/share/classis_control/environment/path.dsv
[20.453s] -- Installing: /home/openarm/svtrobo_ws/install/classis_control/share/classis_control/local_setup.bash
[20.453s] -- Installing: /home/openarm/svtrobo_ws/install/classis_control/share/classis_control/local_setup.sh
[20.453s] -- Installing: /home/openarm/svtrobo_ws/install/classis_control/share/classis_control/local_setup.zsh
[20.454s] -- Installing: /home/openarm/svtrobo_ws/install/classis_control/share/classis_control/local_setup.dsv
[20.454s] -- Installing: /home/openarm/svtrobo_ws/install/classis_control/share/classis_control/package.dsv
[20.454s] -- Installing: /home/openarm/svtrobo_ws/install/classis_control/share/ament_index/resource_index/packages/classis_control
[20.455s] -- Installing: /home/openarm/svtrobo_ws/install/classis_control/share/classis_control/cmake/ament_cmake_export_dependencies-extras.cmake
[20.455s] -- Installing: /home/openarm/svtrobo_ws/install/classis_control/share/classis_control/cmake/classis_controlConfig.cmake
[20.455s] -- Installing: /home/openarm/svtrobo_ws/install/classis_control/share/classis_control/cmake/classis_controlConfig-version.cmake
[20.455s] -- Installing: /home/openarm/svtrobo_ws/install/classis_control/share/classis_control/package.xml
[20.459s] Invoked command in '/home/openarm/svtrobo_ws/build/classis_control' returned '0': CMAKE_PREFIX_PATH=${CMAKE_PREFIX_PATH}:/home/openarm/ros2_ws/install/qnbot_teleoperator:/opt/ros/humble /usr/bin/cmake --install /home/openarm/svtrobo_ws/build/classis_control
