[0.177s] DEBUG:colcon:Command line arguments: ['/usr/bin/colcon', 'build']
[0.177s] DEBUG:colcon:Parsed command line arguments: Namespace(log_base=None, log_level=None, verb_name='build', build_base='build', install_base='install', merge_install=False, symlink_install=False, test_result_base=None, continue_on_error=False, executor='parallel', parallel_workers=4, event_handlers=None, ignore_user_meta=False, metas=['./colcon.meta'], base_paths=['.'], packages_ignore=None, packages_ignore_regex=None, paths=None, packages_up_to=None, packages_up_to_regex=None, packages_above=None, packages_above_and_dependencies=None, packages_above_depth=None, packages_select_by_dep=None, packages_skip_by_dep=None, packages_skip_up_to=None, packages_select_build_failed=False, packages_skip_build_finished=False, packages_select_test_failures=False, packages_skip_test_passed=False, packages_select=None, packages_skip=None, packages_select_regex=None, packages_skip_regex=None, packages_start=None, packages_end=None, allow_overriding=[], cmake_args=None, cmake_target=None, cmake_target_skip_unavailable=False, cmake_clean_cache=False, cmake_clean_first=False, cmake_force_configure=False, ament_cmake_args=None, catkin_cmake_args=None, catkin_skip_building_tests=False, verb_parser=<colcon_defaults.argument_parser.defaults.DefaultArgumentsDecorator object at 0x761ee3127fd0>, verb_extension=<colcon_core.verb.build.BuildVerb object at 0x761ee3251a80>, main=<bound method BuildVerb.main of <colcon_core.verb.build.BuildVerb object at 0x761ee3251a80>>)
[0.432s] Level 1:colcon.colcon_core.package_discovery:discover_packages(colcon_meta) check parameters
[0.432s] Level 1:colcon.colcon_core.package_discovery:discover_packages(recursive) check parameters
[0.432s] Level 1:colcon.colcon_core.package_discovery:discover_packages(ignore) check parameters
[0.432s] Level 1:colcon.colcon_core.package_discovery:discover_packages(path) check parameters
[0.432s] Level 1:colcon.colcon_core.package_discovery:discover_packages(colcon_meta) discover
[0.433s] Level 1:colcon.colcon_core.package_discovery:discover_packages(recursive) discover
[0.433s] INFO:colcon.colcon_core.package_discovery:Crawling recursively for packages in '/home/openarm/svtrobo_ws'
[0.433s] Level 1:colcon.colcon_core.package_identification:_identify(.) by extensions ['ignore', 'ignore_ament_install']
[0.433s] Level 1:colcon.colcon_core.package_identification:_identify(.) by extension 'ignore'
[0.433s] Level 1:colcon.colcon_core.package_identification:_identify(.) by extension 'ignore_ament_install'
[0.433s] Level 1:colcon.colcon_core.package_identification:_identify(.) by extensions ['colcon_pkg']
[0.433s] Level 1:colcon.colcon_core.package_identification:_identify(.) by extension 'colcon_pkg'
[0.433s] Level 1:colcon.colcon_core.package_identification:_identify(.) by extensions ['colcon_meta']
[0.433s] Level 1:colcon.colcon_core.package_identification:_identify(.) by extension 'colcon_meta'
[0.434s] Level 1:colcon.colcon_core.package_identification:_identify(.) by extensions ['ros']
[0.434s] Level 1:colcon.colcon_core.package_identification:_identify(.) by extension 'ros'
[0.452s] Level 1:colcon.colcon_core.package_identification:_identify(.) by extensions ['cmake', 'python']
[0.452s] Level 1:colcon.colcon_core.package_identification:_identify(.) by extension 'cmake'
[0.452s] Level 1:colcon.colcon_core.package_identification:_identify(.) by extension 'python'
[0.452s] Level 1:colcon.colcon_core.package_identification:_identify(.) by extensions ['python_setup_py']
[0.452s] Level 1:colcon.colcon_core.package_identification:_identify(.) by extension 'python_setup_py'
[0.452s] Level 1:colcon.colcon_core.package_identification:_identify(build) by extensions ['ignore', 'ignore_ament_install']
[0.453s] Level 1:colcon.colcon_core.package_identification:_identify(build) by extension 'ignore'
[0.453s] Level 1:colcon.colcon_core.package_identification:_identify(build) ignored
[0.453s] Level 1:colcon.colcon_core.package_identification:_identify(install) by extensions ['ignore', 'ignore_ament_install']
[0.453s] Level 1:colcon.colcon_core.package_identification:_identify(install) by extension 'ignore'
[0.453s] Level 1:colcon.colcon_core.package_identification:_identify(install) ignored
[0.453s] Level 1:colcon.colcon_core.package_identification:_identify(log) by extensions ['ignore', 'ignore_ament_install']
[0.454s] Level 1:colcon.colcon_core.package_identification:_identify(log) by extension 'ignore'
[0.454s] Level 1:colcon.colcon_core.package_identification:_identify(log) ignored
[0.454s] Level 1:colcon.colcon_core.package_identification:_identify(src) by extensions ['ignore', 'ignore_ament_install']
[0.454s] Level 1:colcon.colcon_core.package_identification:_identify(src) by extension 'ignore'
[0.454s] Level 1:colcon.colcon_core.package_identification:_identify(src) by extension 'ignore_ament_install'
[0.454s] Level 1:colcon.colcon_core.package_identification:_identify(src) by extensions ['colcon_pkg']
[0.455s] Level 1:colcon.colcon_core.package_identification:_identify(src) by extension 'colcon_pkg'
[0.455s] Level 1:colcon.colcon_core.package_identification:_identify(src) by extensions ['colcon_meta']
[0.455s] Level 1:colcon.colcon_core.package_identification:_identify(src) by extension 'colcon_meta'
[0.455s] Level 1:colcon.colcon_core.package_identification:_identify(src) by extensions ['ros']
[0.455s] Level 1:colcon.colcon_core.package_identification:_identify(src) by extension 'ros'
[0.455s] Level 1:colcon.colcon_core.package_identification:_identify(src) by extensions ['cmake', 'python']
[0.455s] Level 1:colcon.colcon_core.package_identification:_identify(src) by extension 'cmake'
[0.456s] Level 1:colcon.colcon_core.package_identification:_identify(src) by extension 'python'
[0.456s] Level 1:colcon.colcon_core.package_identification:_identify(src) by extensions ['python_setup_py']
[0.456s] Level 1:colcon.colcon_core.package_identification:_identify(src) by extension 'python_setup_py'
[0.456s] Level 1:colcon.colcon_core.package_identification:_identify(src/classis_control) by extensions ['ignore', 'ignore_ament_install']
[0.456s] Level 1:colcon.colcon_core.package_identification:_identify(src/classis_control) by extension 'ignore'
[0.456s] Level 1:colcon.colcon_core.package_identification:_identify(src/classis_control) by extension 'ignore_ament_install'
[0.456s] Level 1:colcon.colcon_core.package_identification:_identify(src/classis_control) by extensions ['colcon_pkg']
[0.456s] Level 1:colcon.colcon_core.package_identification:_identify(src/classis_control) by extension 'colcon_pkg'
[0.456s] Level 1:colcon.colcon_core.package_identification:_identify(src/classis_control) by extensions ['colcon_meta']
[0.456s] Level 1:colcon.colcon_core.package_identification:_identify(src/classis_control) by extension 'colcon_meta'
[0.456s] Level 1:colcon.colcon_core.package_identification:_identify(src/classis_control) by extensions ['ros']
[0.456s] Level 1:colcon.colcon_core.package_identification:_identify(src/classis_control) by extension 'ros'
[0.460s] DEBUG:colcon.colcon_core.package_identification:Package 'src/classis_control' with type 'ros.ament_cmake' and name 'classis_control'
[0.460s] Level 1:colcon.colcon_core.package_discovery:discover_packages(recursive) using defaults
[0.460s] Level 1:colcon.colcon_core.package_discovery:discover_packages(ignore) discover
[0.460s] Level 1:colcon.colcon_core.package_discovery:discover_packages(ignore) using defaults
[0.460s] Level 1:colcon.colcon_core.package_discovery:discover_packages(path) discover
[0.460s] Level 1:colcon.colcon_core.package_discovery:discover_packages(path) using defaults
[0.490s] Level 1:colcon.colcon_core.package_discovery:discover_packages(prefix_path) check parameters
[0.490s] Level 1:colcon.colcon_core.package_discovery:discover_packages(prefix_path) discover
[0.493s] DEBUG:colcon.colcon_installed_package_information.package_discovery:Found 1 installed packages in /home/openarm/svtrobo_ws/install
[0.494s] DEBUG:colcon.colcon_installed_package_information.package_discovery:Found 8 installed packages in /home/openarm/ros2_ws/install
[0.497s] DEBUG:colcon.colcon_installed_package_information.package_discovery:Found 359 installed packages in /opt/ros/humble
[0.513s] Level 1:colcon.colcon_core.package_discovery:discover_packages(prefix_path) using defaults
[0.588s] Level 5:colcon.colcon_core.verb:set package 'classis_control' build argument 'cmake_args' from command line to 'None'
[0.588s] Level 5:colcon.colcon_core.verb:set package 'classis_control' build argument 'cmake_target' from command line to 'None'
[0.589s] Level 5:colcon.colcon_core.verb:set package 'classis_control' build argument 'cmake_target_skip_unavailable' from command line to 'False'
[0.589s] Level 5:colcon.colcon_core.verb:set package 'classis_control' build argument 'cmake_clean_cache' from command line to 'False'
[0.589s] Level 5:colcon.colcon_core.verb:set package 'classis_control' build argument 'cmake_clean_first' from command line to 'False'
[0.589s] Level 5:colcon.colcon_core.verb:set package 'classis_control' build argument 'cmake_force_configure' from command line to 'False'
[0.589s] Level 5:colcon.colcon_core.verb:set package 'classis_control' build argument 'ament_cmake_args' from command line to 'None'
[0.589s] Level 5:colcon.colcon_core.verb:set package 'classis_control' build argument 'catkin_cmake_args' from command line to 'None'
[0.589s] Level 5:colcon.colcon_core.verb:set package 'classis_control' build argument 'catkin_skip_building_tests' from command line to 'False'
[0.589s] DEBUG:colcon.colcon_core.verb:Building package 'classis_control' with the following arguments: {'ament_cmake_args': None, 'build_base': '/home/openarm/svtrobo_ws/build/classis_control', 'catkin_cmake_args': None, 'catkin_skip_building_tests': False, 'cmake_args': None, 'cmake_clean_cache': False, 'cmake_clean_first': False, 'cmake_force_configure': False, 'cmake_target': None, 'cmake_target_skip_unavailable': False, 'install_base': '/home/openarm/svtrobo_ws/install/classis_control', 'merge_install': False, 'path': '/home/openarm/svtrobo_ws/src/classis_control', 'symlink_install': False, 'test_result_base': None}
[0.589s] INFO:colcon.colcon_core.executor:Executing jobs using 'parallel' executor
[0.590s] DEBUG:colcon.colcon_parallel_executor.executor.parallel:run_until_complete
[0.590s] INFO:colcon.colcon_ros.task.ament_cmake.build:Building ROS package in '/home/openarm/svtrobo_ws/src/classis_control' with build type 'ament_cmake'
[0.591s] INFO:colcon.colcon_cmake.task.cmake.build:Building CMake package in '/home/openarm/svtrobo_ws/src/classis_control'
[0.593s] INFO:colcon.colcon_core.plugin_system:Skipping extension 'colcon_core.shell.bat': Not used on non-Windows systems
[0.594s] INFO:colcon.colcon_core.shell:Skip shell extension 'powershell' for command environment: Not usable outside of PowerShell
[0.594s] DEBUG:colcon.colcon_core.shell:Skip shell extension 'dsv' for command environment
[0.615s] DEBUG:colcon.colcon_core.event_handler.log_command:Invoking command in '/home/openarm/svtrobo_ws/build/classis_control': CMAKE_PREFIX_PATH=${CMAKE_PREFIX_PATH}:/home/openarm/ros2_ws/install/qnbot_teleoperator:/opt/ros/humble /usr/bin/cmake --build /home/openarm/svtrobo_ws/build/classis_control -- -j4 -l4
[16.760s] DEBUG:colcon.colcon_core.event_handler.log_command:Invoked command in '/home/openarm/svtrobo_ws/build/classis_control' returned '0': CMAKE_PREFIX_PATH=${CMAKE_PREFIX_PATH}:/home/openarm/ros2_ws/install/qnbot_teleoperator:/opt/ros/humble /usr/bin/cmake --build /home/openarm/svtrobo_ws/build/classis_control -- -j4 -l4
[16.775s] DEBUG:colcon.colcon_core.event_handler.log_command:Invoking command in '/home/openarm/svtrobo_ws/build/classis_control': CMAKE_PREFIX_PATH=${CMAKE_PREFIX_PATH}:/home/openarm/ros2_ws/install/qnbot_teleoperator:/opt/ros/humble /usr/bin/cmake --install /home/openarm/svtrobo_ws/build/classis_control
[16.804s] Level 1:colcon.colcon_core.environment:create_environment_scripts_only(classis_control)
[16.808s] DEBUG:colcon.colcon_core.event_handler.log_command:Invoked command in '/home/openarm/svtrobo_ws/build/classis_control' returned '0': CMAKE_PREFIX_PATH=${CMAKE_PREFIX_PATH}:/home/openarm/ros2_ws/install/qnbot_teleoperator:/opt/ros/humble /usr/bin/cmake --install /home/openarm/svtrobo_ws/build/classis_control
[16.814s] Level 1:colcon.colcon_core.environment:checking '/home/openarm/svtrobo_ws/install/classis_control' for CMake module files
[16.816s] Level 1:colcon.colcon_core.environment:checking '/home/openarm/svtrobo_ws/install/classis_control' for CMake config files
[16.816s] Level 1:colcon.colcon_core.shell:create_environment_hook('classis_control', 'cmake_prefix_path')
[16.817s] INFO:colcon.colcon_core.shell:Creating environment hook '/home/openarm/svtrobo_ws/install/classis_control/share/classis_control/hook/cmake_prefix_path.ps1'
[16.818s] INFO:colcon.colcon_core.shell:Creating environment descriptor '/home/openarm/svtrobo_ws/install/classis_control/share/classis_control/hook/cmake_prefix_path.dsv'
[16.820s] INFO:colcon.colcon_core.shell:Creating environment hook '/home/openarm/svtrobo_ws/install/classis_control/share/classis_control/hook/cmake_prefix_path.sh'
[16.821s] Level 1:colcon.colcon_core.environment:checking '/home/openarm/svtrobo_ws/install/classis_control/lib'
[16.822s] Level 1:colcon.colcon_core.environment:checking '/home/openarm/svtrobo_ws/install/classis_control/bin'
[16.822s] Level 1:colcon.colcon_core.environment:checking '/home/openarm/svtrobo_ws/install/classis_control/lib/pkgconfig/classis_control.pc'
[16.822s] Level 1:colcon.colcon_core.environment:checking '/home/openarm/svtrobo_ws/install/classis_control/lib/python3.10/site-packages'
[16.823s] Level 1:colcon.colcon_core.environment:checking '/home/openarm/svtrobo_ws/install/classis_control/bin'
[16.824s] INFO:colcon.colcon_core.shell:Creating package script '/home/openarm/svtrobo_ws/install/classis_control/share/classis_control/package.ps1'
[16.826s] INFO:colcon.colcon_core.shell:Creating package descriptor '/home/openarm/svtrobo_ws/install/classis_control/share/classis_control/package.dsv'
[16.826s] INFO:colcon.colcon_core.shell:Creating package script '/home/openarm/svtrobo_ws/install/classis_control/share/classis_control/package.sh'
[16.827s] INFO:colcon.colcon_core.shell:Creating package script '/home/openarm/svtrobo_ws/install/classis_control/share/classis_control/package.bash'
[16.829s] INFO:colcon.colcon_core.shell:Creating package script '/home/openarm/svtrobo_ws/install/classis_control/share/classis_control/package.zsh'
[16.830s] Level 1:colcon.colcon_core.environment:create_file_with_runtime_dependencies(/home/openarm/svtrobo_ws/install/classis_control/share/colcon-core/packages/classis_control)
[16.831s] Level 1:colcon.colcon_core.environment:create_environment_scripts_only(classis_control)
[16.831s] Level 1:colcon.colcon_core.environment:checking '/home/openarm/svtrobo_ws/install/classis_control' for CMake module files
[16.833s] Level 1:colcon.colcon_core.environment:checking '/home/openarm/svtrobo_ws/install/classis_control' for CMake config files
[16.833s] Level 1:colcon.colcon_core.shell:create_environment_hook('classis_control', 'cmake_prefix_path')
[16.834s] INFO:colcon.colcon_core.shell:Creating environment hook '/home/openarm/svtrobo_ws/install/classis_control/share/classis_control/hook/cmake_prefix_path.ps1'
[16.834s] INFO:colcon.colcon_core.shell:Creating environment descriptor '/home/openarm/svtrobo_ws/install/classis_control/share/classis_control/hook/cmake_prefix_path.dsv'
[16.835s] INFO:colcon.colcon_core.shell:Creating environment hook '/home/openarm/svtrobo_ws/install/classis_control/share/classis_control/hook/cmake_prefix_path.sh'
[16.836s] Level 1:colcon.colcon_core.environment:checking '/home/openarm/svtrobo_ws/install/classis_control/lib'
[16.836s] Level 1:colcon.colcon_core.environment:checking '/home/openarm/svtrobo_ws/install/classis_control/bin'
[16.836s] Level 1:colcon.colcon_core.environment:checking '/home/openarm/svtrobo_ws/install/classis_control/lib/pkgconfig/classis_control.pc'
[16.837s] Level 1:colcon.colcon_core.environment:checking '/home/openarm/svtrobo_ws/install/classis_control/lib/python3.10/site-packages'
[16.838s] Level 1:colcon.colcon_core.environment:checking '/home/openarm/svtrobo_ws/install/classis_control/bin'
[16.838s] INFO:colcon.colcon_core.shell:Creating package script '/home/openarm/svtrobo_ws/install/classis_control/share/classis_control/package.ps1'
[16.839s] INFO:colcon.colcon_core.shell:Creating package descriptor '/home/openarm/svtrobo_ws/install/classis_control/share/classis_control/package.dsv'
[16.840s] INFO:colcon.colcon_core.shell:Creating package script '/home/openarm/svtrobo_ws/install/classis_control/share/classis_control/package.sh'
[16.840s] INFO:colcon.colcon_core.shell:Creating package script '/home/openarm/svtrobo_ws/install/classis_control/share/classis_control/package.bash'
[16.841s] INFO:colcon.colcon_core.shell:Creating package script '/home/openarm/svtrobo_ws/install/classis_control/share/classis_control/package.zsh'
[16.841s] Level 1:colcon.colcon_core.environment:create_file_with_runtime_dependencies(/home/openarm/svtrobo_ws/install/classis_control/share/colcon-core/packages/classis_control)
[16.841s] DEBUG:colcon.colcon_parallel_executor.executor.parallel:closing loop
[16.842s] DEBUG:colcon.colcon_parallel_executor.executor.parallel:loop closed
[16.842s] DEBUG:colcon.colcon_parallel_executor.executor.parallel:run_until_complete finished with '0'
[16.842s] DEBUG:colcon.colcon_core.event_reactor:joining thread
[16.851s] INFO:colcon.colcon_core.plugin_system:Skipping extension 'colcon_notification.desktop_notification.terminal_notifier': Not used on non-Darwin systems
[16.851s] INFO:colcon.colcon_core.plugin_system:Skipping extension 'colcon_notification.desktop_notification.win32': Not used on non-Windows systems
[16.851s] INFO:colcon.colcon_notification.desktop_notification:Sending desktop notification using 'notify2'
[16.874s] DEBUG:colcon.colcon_core.event_reactor:joined thread
[16.874s] INFO:colcon.colcon_core.shell:Creating prefix script '/home/openarm/svtrobo_ws/install/local_setup.ps1'
[16.876s] INFO:colcon.colcon_core.shell:Creating prefix util module '/home/openarm/svtrobo_ws/install/_local_setup_util_ps1.py'
[16.881s] INFO:colcon.colcon_core.shell:Creating prefix chain script '/home/openarm/svtrobo_ws/install/setup.ps1'
[16.884s] INFO:colcon.colcon_core.shell:Creating prefix script '/home/openarm/svtrobo_ws/install/local_setup.sh'
[16.886s] INFO:colcon.colcon_core.shell:Creating prefix util module '/home/openarm/svtrobo_ws/install/_local_setup_util_sh.py'
[16.888s] INFO:colcon.colcon_core.shell:Creating prefix chain script '/home/openarm/svtrobo_ws/install/setup.sh'
[16.891s] INFO:colcon.colcon_core.shell:Creating prefix script '/home/openarm/svtrobo_ws/install/local_setup.bash'
[16.893s] INFO:colcon.colcon_core.shell:Creating prefix chain script '/home/openarm/svtrobo_ws/install/setup.bash'
[16.900s] INFO:colcon.colcon_core.shell:Creating prefix script '/home/openarm/svtrobo_ws/install/local_setup.zsh'
[16.902s] INFO:colcon.colcon_core.shell:Creating prefix chain script '/home/openarm/svtrobo_ws/install/setup.zsh'
