[  2%] [34m[1mGenerating C code for ROS interfaces[0m
[  5%] [34m[1mGenerating C++ code for ROS interfaces[0m
[  5%] Built target ament_cmake_python_copy_motor_control
running egg_info
creating motor_control.egg-info
writing motor_control.egg-info/PKG-INFO
writing dependency_links to motor_control.egg-info/dependency_links.txt
writing top-level names to motor_control.egg-info/top_level.txt
writing manifest file 'motor_control.egg-info/SOURCES.txt'
reading manifest file 'motor_control.egg-info/SOURCES.txt'
writing manifest file 'motor_control.egg-info/SOURCES.txt'
[  5%] Built target motor_control__cpp
[  8%] [32mBuilding C object CMakeFiles/motor_control__rosidl_generator_c.dir/rosidl_generator_c/motor_control/msg/detail/motor_feedback__functions.c.o[0m
[ 11%] [34m[1mGenerating C++ type support dispatch for ROS interfaces[0m
[ 13%] [34m[1mGenerating C++ type support for eProsima Fast-RTPS[0m
[ 13%] Built target ament_cmake_python_build_motor_control_egg
[ 16%] [34m[1mGenerating C++ introspection for ROS interfaces[0m
[ 19%] [32m[1mLinking C shared library libmotor_control__rosidl_generator_c.so[0m
[ 19%] Built target motor_control__rosidl_generator_c
[ 22%] [34m[1mGenerating C type support for eProsima Fast-RTPS[0m
[ 25%] [32mBuilding CXX object CMakeFiles/motor_control__rosidl_typesupport_fastrtps_cpp.dir/rosidl_typesupport_fastrtps_cpp/motor_control/msg/detail/dds_fastrtps/motor_feedback__type_support.cpp.o[0m
[ 27%] [32mBuilding CXX object CMakeFiles/motor_control__rosidl_typesupport_cpp.dir/rosidl_typesupport_cpp/motor_control/msg/motor_feedback__type_support.cpp.o[0m
[ 30%] [32mBuilding CXX object CMakeFiles/motor_control__rosidl_typesupport_introspection_cpp.dir/rosidl_typesupport_introspection_cpp/motor_control/msg/detail/motor_feedback__type_support.cpp.o[0m
[ 33%] [32mBuilding CXX object CMakeFiles/motor_control__rosidl_typesupport_fastrtps_c.dir/rosidl_typesupport_fastrtps_c/motor_control/msg/detail/motor_feedback__type_support_c.cpp.o[0m
[ 36%] [32m[1mLinking CXX shared library libmotor_control__rosidl_typesupport_cpp.so[0m
[ 36%] Built target motor_control__rosidl_typesupport_cpp
[ 38%] [34m[1mGenerating C introspection for ROS interfaces[0m
[ 41%] [32m[1mLinking CXX shared library libmotor_control__rosidl_typesupport_introspection_cpp.so[0m
[ 44%] [32m[1mLinking CXX shared library libmotor_control__rosidl_typesupport_fastrtps_c.so[0m
[ 47%] [32m[1mLinking CXX shared library libmotor_control__rosidl_typesupport_fastrtps_cpp.so[0m
[ 47%] Built target motor_control__rosidl_typesupport_introspection_cpp
[ 50%] [34m[1mGenerating C type support dispatch for ROS interfaces[0m
[ 50%] Built target motor_control__rosidl_typesupport_fastrtps_c
[ 52%] [32mBuilding C object CMakeFiles/motor_control__rosidl_typesupport_introspection_c.dir/rosidl_typesupport_introspection_c/motor_control/msg/detail/motor_feedback__type_support.c.o[0m
[ 52%] Built target motor_control__rosidl_typesupport_fastrtps_cpp
[ 55%] [32mBuilding CXX object CMakeFiles/motor_control_lib.dir/src/motor_config.cpp.o[0m
[ 58%] [32mBuilding CXX object CMakeFiles/motor_control_lib.dir/src/robstride.cpp.o[0m
[ 61%] [32m[1mLinking C shared library libmotor_control__rosidl_typesupport_introspection_c.so[0m
[ 61%] Built target motor_control__rosidl_typesupport_introspection_c
[ 63%] [32mBuilding CXX object CMakeFiles/motor_control__rosidl_typesupport_c.dir/rosidl_typesupport_c/motor_control/msg/motor_feedback__type_support.cpp.o[0m
[ 66%] [32m[1mLinking CXX shared library libmotor_control__rosidl_typesupport_c.so[0m
[ 66%] Built target motor_control__rosidl_typesupport_c
[ 66%] Built target motor_control
[ 69%] [34m[1mGenerating Python code for ROS interfaces[0m
[ 69%] Built target motor_control__py
[ 72%] [32mBuilding C object CMakeFiles/motor_control__rosidl_generator_py.dir/rosidl_generator_py/motor_control/msg/_motor_feedback_s.c.o[0m
[ 75%] [32m[1mLinking C shared library rosidl_generator_py/motor_control/libmotor_control__rosidl_generator_py.so[0m
[ 75%] Built target motor_control__rosidl_generator_py
[ 77%] [32mBuilding C object CMakeFiles/motor_control__rosidl_typesupport_introspection_c__pyext.dir/rosidl_generator_py/motor_control/_motor_control_s.ep.rosidl_typesupport_introspection_c.c.o[0m
[ 80%] [32mBuilding C object CMakeFiles/motor_control__rosidl_typesupport_fastrtps_c__pyext.dir/rosidl_generator_py/motor_control/_motor_control_s.ep.rosidl_typesupport_fastrtps_c.c.o[0m
[ 83%] [32m[1mLinking C shared library rosidl_generator_py/motor_control/motor_control_s__rosidl_typesupport_fastrtps_c.cpython-310-x86_64-linux-gnu.so[0m
[ 86%] [32m[1mLinking C shared library rosidl_generator_py/motor_control/motor_control_s__rosidl_typesupport_introspection_c.cpython-310-x86_64-linux-gnu.so[0m
[ 86%] Built target motor_control__rosidl_typesupport_fastrtps_c__pyext
[ 86%] Built target motor_control__rosidl_typesupport_introspection_c__pyext
[ 88%] [32mBuilding C object CMakeFiles/motor_control__rosidl_typesupport_c__pyext.dir/rosidl_generator_py/motor_control/_motor_control_s.ep.rosidl_typesupport_c.c.o[0m
[ 91%] [32m[1mLinking C shared library rosidl_generator_py/motor_control/motor_control_s__rosidl_typesupport_c.cpython-310-x86_64-linux-gnu.so[0m
[ 91%] Built target motor_control__rosidl_typesupport_c__pyext
[ 94%] [32m[1mLinking CXX shared library libmotor_control_lib.so[0m
[ 94%] Built target motor_control_lib
[ 97%] [32mBuilding CXX object CMakeFiles/motor_control_test.dir/src/motor_control_test.cpp.o[0m
