[  2%] [34m[1mGenerating C code for ROS interfaces[0m
[  5%] [34m[1mGenerating C++ code for ROS interfaces[0m
[  5%] Built target ament_cmake_python_copy_motor_control
running egg_info
creating motor_control.egg-info
writing motor_control.egg-info/PKG-INFO
writing dependency_links to motor_control.egg-info/dependency_links.txt
writing top-level names to motor_control.egg-info/top_level.txt
writing manifest file 'motor_control.egg-info/SOURCES.txt'
reading manifest file 'motor_control.egg-info/SOURCES.txt'
writing manifest file 'motor_control.egg-info/SOURCES.txt'
[  5%] Built target motor_control__cpp
[  8%] [32mBuilding C object CMakeFiles/motor_control__rosidl_generator_c.dir/rosidl_generator_c/motor_control/msg/detail/motor_feedback__functions.c.o[0m
[ 11%] [34m[1mGenerating C++ type support dispatch for ROS interfaces[0m
[ 13%] [34m[1mGenerating C++ type support for eProsima Fast-RTPS[0m
[ 13%] Built target ament_cmake_python_build_motor_control_egg
[ 16%] [34m[1mGenerating C++ introspection for ROS interfaces[0m
[ 19%] [32m[1mLinking C shared library libmotor_control__rosidl_generator_c.so[0m
[ 19%] Built target motor_control__rosidl_generator_c
[ 22%] [34m[1mGenerating C type support for eProsima Fast-RTPS[0m
[ 25%] [32mBuilding CXX object CMakeFiles/motor_control__rosidl_typesupport_fastrtps_cpp.dir/rosidl_typesupport_fastrtps_cpp/motor_control/msg/detail/dds_fastrtps/motor_feedback__type_support.cpp.o[0m
[ 27%] [32mBuilding CXX object CMakeFiles/motor_control__rosidl_typesupport_cpp.dir/rosidl_typesupport_cpp/motor_control/msg/motor_feedback__type_support.cpp.o[0m
[ 30%] [32mBuilding CXX object CMakeFiles/motor_control__rosidl_typesupport_introspection_cpp.dir/rosidl_typesupport_introspection_cpp/motor_control/msg/detail/motor_feedback__type_support.cpp.o[0m
[ 33%] [32mBuilding CXX object CMakeFiles/motor_control__rosidl_typesupport_fastrtps_c.dir/rosidl_typesupport_fastrtps_c/motor_control/msg/detail/motor_feedback__type_support_c.cpp.o[0m
[ 36%] [32m[1mLinking CXX shared library libmotor_control__rosidl_typesupport_cpp.so[0m
[ 36%] Built target motor_control__rosidl_typesupport_cpp
[ 38%] [34m[1mGenerating C introspection for ROS interfaces[0m
[ 41%] [32m[1mLinking CXX shared library libmotor_control__rosidl_typesupport_introspection_cpp.so[0m
[ 44%] [32m[1mLinking CXX shared library libmotor_control__rosidl_typesupport_fastrtps_c.so[0m
[ 47%] [32m[1mLinking CXX shared library libmotor_control__rosidl_typesupport_fastrtps_cpp.so[0m
[ 47%] Built target motor_control__rosidl_typesupport_introspection_cpp
[ 50%] [34m[1mGenerating C type support dispatch for ROS interfaces[0m
[ 50%] Built target motor_control__rosidl_typesupport_fastrtps_c
[ 52%] [32mBuilding C object CMakeFiles/motor_control__rosidl_typesupport_introspection_c.dir/rosidl_typesupport_introspection_c/motor_control/msg/detail/motor_feedback__type_support.c.o[0m
[ 52%] Built target motor_control__rosidl_typesupport_fastrtps_cpp
[ 55%] [32mBuilding CXX object CMakeFiles/motor_control_lib.dir/src/motor_config.cpp.o[0m
[ 58%] [32mBuilding CXX object CMakeFiles/motor_control_lib.dir/src/robstride.cpp.o[0m
[ 61%] [32m[1mLinking C shared library libmotor_control__rosidl_typesupport_introspection_c.so[0m
[ 61%] Built target motor_control__rosidl_typesupport_introspection_c
[ 63%] [32mBuilding CXX object CMakeFiles/motor_control__rosidl_typesupport_c.dir/rosidl_typesupport_c/motor_control/msg/motor_feedback__type_support.cpp.o[0m
[ 66%] [32m[1mLinking CXX shared library libmotor_control__rosidl_typesupport_c.so[0m
[ 66%] Built target motor_control__rosidl_typesupport_c
[ 66%] Built target motor_control
[ 69%] [34m[1mGenerating Python code for ROS interfaces[0m
[ 69%] Built target motor_control__py
[ 72%] [32mBuilding C object CMakeFiles/motor_control__rosidl_generator_py.dir/rosidl_generator_py/motor_control/msg/_motor_feedback_s.c.o[0m
[ 75%] [32m[1mLinking C shared library rosidl_generator_py/motor_control/libmotor_control__rosidl_generator_py.so[0m
[ 75%] Built target motor_control__rosidl_generator_py
[ 77%] [32mBuilding C object CMakeFiles/motor_control__rosidl_typesupport_introspection_c__pyext.dir/rosidl_generator_py/motor_control/_motor_control_s.ep.rosidl_typesupport_introspection_c.c.o[0m
[ 80%] [32mBuilding C object CMakeFiles/motor_control__rosidl_typesupport_fastrtps_c__pyext.dir/rosidl_generator_py/motor_control/_motor_control_s.ep.rosidl_typesupport_fastrtps_c.c.o[0m
[ 83%] [32m[1mLinking C shared library rosidl_generator_py/motor_control/motor_control_s__rosidl_typesupport_fastrtps_c.cpython-310-x86_64-linux-gnu.so[0m
[ 86%] [32m[1mLinking C shared library rosidl_generator_py/motor_control/motor_control_s__rosidl_typesupport_introspection_c.cpython-310-x86_64-linux-gnu.so[0m
[ 86%] Built target motor_control__rosidl_typesupport_fastrtps_c__pyext
[ 86%] Built target motor_control__rosidl_typesupport_introspection_c__pyext
[ 88%] [32mBuilding C object CMakeFiles/motor_control__rosidl_typesupport_c__pyext.dir/rosidl_generator_py/motor_control/_motor_control_s.ep.rosidl_typesupport_c.c.o[0m
[ 91%] [32m[1mLinking C shared library rosidl_generator_py/motor_control/motor_control_s__rosidl_typesupport_c.cpython-310-x86_64-linux-gnu.so[0m
[ 91%] Built target motor_control__rosidl_typesupport_c__pyext
[ 94%] [32m[1mLinking CXX shared library libmotor_control_lib.so[0m
[ 94%] Built target motor_control_lib
[ 97%] [32mBuilding CXX object CMakeFiles/motor_control_test.dir/src/motor_control_test.cpp.o[0m
[01m[K/home/openarm/svtrobo_ws/src/robstride_actuator_bridge/src/motor_control_test.cpp:81:34:[m[K [01;31m[Kerror: [m[K‘[01m[Kgeometry_msgs[m[K’ does not name a type
   81 | void svtrobot_cmd_callback(const [01;31m[Kgeometry_msgs[m[K::msg::Twist::SharedPtr msg)
      |                                  [01;31m[K^~~~~~~~~~~~~[m[K
[01m[K/home/openarm/svtrobo_ws/src/robstride_actuator_bridge/src/motor_control_test.cpp:81:52:[m[K [01;31m[Kerror: [m[Kexpected unqualified-id before ‘[01m[K::[m[K’ token
   81 | void svtrobot_cmd_callback(const geometry_msgs::msg[01;31m[K::[m[KTwist::SharedPtr msg)
      |                                                    [01;31m[K^~[m[K
[01m[K/home/openarm/svtrobo_ws/src/robstride_actuator_bridge/src/motor_control_test.cpp:81:52:[m[K [01;31m[Kerror: [m[Kexpected ‘[01m[K)[m[K’ before ‘[01m[K::[m[K’ token
   81 | void svtrobot_cmd_callback[34m[K([m[Kconst geometry_msgs::msg[01;31m[K:[m[K[32m[K:[m[KTwist::SharedPtr msg)
      |                           [34m[K~[m[K                        [01;31m[K^[m[K[32m[K~[m[K
      |                                                    [32m[K)[m[K
[01m[K/home/openarm/svtrobo_ws/src/robstride_actuator_bridge/src/motor_control_test.cpp:81:52:[m[K [01;31m[Kerror: [m[Kexpected initializer before ‘[01m[K::[m[K’ token
   81 | void svtrobot_cmd_callback(const geometry_msgs::msg[01;31m[K::[m[KTwist::SharedPtr msg)
      |                                                    [01;31m[K^~[m[K
[01m[K/home/openarm/svtrobo_ws/src/robstride_actuator_bridge/src/motor_control_test.cpp:[m[K In function ‘[01m[Kint main(int, char**)[m[K’:
[01m[K/home/openarm/svtrobo_ws/src/robstride_actuator_bridge/src/motor_control_test.cpp:137:55:[m[K [01;31m[Kerror: [m[K‘[01m[Kgeometry_msgs[m[K’ was not declared in this scope
  137 |     auto svtrobot_cmd_sub = node->create_subscription<[01;31m[Kgeometry_msgs[m[K::msg::Twist>(
      |                                                       [01;31m[K^~~~~~~~~~~~~[m[K
[01m[K/home/openarm/svtrobo_ws/src/robstride_actuator_bridge/src/motor_control_test.cpp:137:35:[m[K [01;31m[Kerror: [m[Kparse error in template argument list
  137 |     auto svtrobot_cmd_sub = node->[01;31m[Kcreate_subscription<geometry_msgs::msg::Twist>[m[K(
      |                                   [01;31m[K^~~~~~~~~~~~~~~~~~~~~~~~~~~~~~~~~~~~~~~~~~~~~~[m[K
[01m[K/home/openarm/svtrobo_ws/src/robstride_actuator_bridge/src/motor_control_test.cpp:138:30:[m[K [01;31m[Kerror: [m[K‘[01m[Ksvtrobot_cmd_callback[m[K’ was not declared in this scope; did you mean ‘[01m[Ksvtrobot_cmd_sub[m[K’?
  138 |         "/svtrobot_cmd", 10, [01;31m[Ksvtrobot_cmd_callback[m[K);
      |                              [01;31m[K^~~~~~~~~~~~~~~~~~~~~[m[K
      |                              [32m[Ksvtrobot_cmd_sub[m[K
[01m[K/home/openarm/svtrobo_ws/src/robstride_actuator_bridge/src/motor_control_test.cpp:140:65:[m[K [01;31m[Kerror: [m[K‘[01m[KInt32[m[K’ is not a member of ‘[01m[Kstd_msgs::msg[m[K’
  140 |     auto pub_front_left = node->create_publisher<std_msgs::msg::[01;31m[KInt32[m[K>("/front_left_cmd", 10);
      |                                                                 [01;31m[K^~~~~[m[K
[01m[K/home/openarm/svtrobo_ws/src/robstride_actuator_bridge/src/motor_control_test.cpp:140:71:[m[K [01;31m[Kerror: [m[Kno matching function for call to ‘[01m[Krclcpp::Node::create_publisher<<expression error> >(const char [16], int)[m[K’
  140 |     auto pub_front_left = [01;31m[Knode->create_publisher<std_msgs::msg::Int32>("/front_left_cmd", 10)[m[K;
      |                           [01;31m[K~~~~~~~~~~~~~~~~~~~~~~~~~~~~~~~~~~~~~~~~~~~~^~~~~~~~~~~~~~~~~~~~~~~[m[K
In file included from [01m[K/opt/ros/humble/include/rclcpp/rclcpp/executors/single_threaded_executor.hpp:28[m[K,
                 from [01m[K/opt/ros/humble/include/rclcpp/rclcpp/executors.hpp:22[m[K,
                 from [01m[K/opt/ros/humble/include/rclcpp/rclcpp/rclcpp.hpp:155[m[K,
                 from [01m[K/home/openarm/svtrobo_ws/src/robstride_actuator_bridge/src/motor_control_test.cpp:7[m[K:
[01m[K/opt/ros/humble/include/rclcpp/rclcpp/node.hpp:195:3:[m[K [01;36m[Knote: [m[Kcandidate: ‘[01m[Ktemplate<class MessageT, class AllocatorT, class PublisherT> std::shared_ptr<PublisherT> rclcpp::Node::create_publisher(const string&, const rclcpp::QoS&, const rclcpp::PublisherOptionsWithAllocator<AllocatorT>&)[m[K’
  195 |   [01;36m[Kcreate_publisher[m[K(
      |   [01;36m[K^~~~~~~~~~~~~~~~[m[K
[01m[K/opt/ros/humble/include/rclcpp/rclcpp/node.hpp:195:3:[m[K [01;36m[Knote: [m[K  template argument deduction/substitution failed:
[01m[K/home/openarm/svtrobo_ws/src/robstride_actuator_bridge/src/motor_control_test.cpp:140:71:[m[K [01;31m[Kerror: [m[Ktemplate argument 1 is invalid
  140 |     auto pub_front_left = [01;31m[Knode->create_publisher<std_msgs::msg::Int32>("/front_left_cmd", 10)[m[K;
      |                           [01;31m[K~~~~~~~~~~~~~~~~~~~~~~~~~~~~~~~~~~~~~~~~~~~~^~~~~~~~~~~~~~~~~~~~~~~[m[K
[01m[K/home/openarm/svtrobo_ws/src/robstride_actuator_bridge/src/motor_control_test.cpp:141:66:[m[K [01;31m[Kerror: [m[K‘[01m[KInt32[m[K’ is not a member of ‘[01m[Kstd_msgs::msg[m[K’
  141 |     auto pub_front_right = node->create_publisher<std_msgs::msg::[01;31m[KInt32[m[K>("/front_right_cmd", 10);
      |                                                                  [01;31m[K^~~~~[m[K
[01m[K/home/openarm/svtrobo_ws/src/robstride_actuator_bridge/src/motor_control_test.cpp:141:72:[m[K [01;31m[Kerror: [m[Kno matching function for call to ‘[01m[Krclcpp::Node::create_publisher<<expression error> >(const char [17], int)[m[K’
  141 |     auto pub_front_right = [01;31m[Knode->create_publisher<std_msgs::msg::Int32>("/front_right_cmd", 10)[m[K;
      |                            [01;31m[K~~~~~~~~~~~~~~~~~~~~~~~~~~~~~~~~~~~~~~~~~~~~^~~~~~~~~~~~~~~~~~~~~~~~[m[K
In file included from [01m[K/opt/ros/humble/include/rclcpp/rclcpp/executors/single_threaded_executor.hpp:28[m[K,
                 from [01m[K/opt/ros/humble/include/rclcpp/rclcpp/executors.hpp:22[m[K,
                 from [01m[K/opt/ros/humble/include/rclcpp/rclcpp/rclcpp.hpp:155[m[K,
                 from [01m[K/home/openarm/svtrobo_ws/src/robstride_actuator_bridge/src/motor_control_test.cpp:7[m[K:
[01m[K/opt/ros/humble/include/rclcpp/rclcpp/node.hpp:195:3:[m[K [01;36m[Knote: [m[Kcandidate: ‘[01m[Ktemplate<class MessageT, class AllocatorT, class PublisherT> std::shared_ptr<PublisherT> rclcpp::Node::create_publisher(const string&, const rclcpp::QoS&, const rclcpp::PublisherOptionsWithAllocator<AllocatorT>&)[m[K’
  195 |   [01;36m[Kcreate_publisher[m[K(
      |   [01;36m[K^~~~~~~~~~~~~~~~[m[K
[01m[K/opt/ros/humble/include/rclcpp/rclcpp/node.hpp:195:3:[m[K [01;36m[Knote: [m[K  template argument deduction/substitution failed:
[01m[K/home/openarm/svtrobo_ws/src/robstride_actuator_bridge/src/motor_control_test.cpp:141:72:[m[K [01;31m[Kerror: [m[Ktemplate argument 1 is invalid
  141 |     auto pub_front_right = [01;31m[Knode->create_publisher<std_msgs::msg::Int32>("/front_right_cmd", 10)[m[K;
      |                            [01;31m[K~~~~~~~~~~~~~~~~~~~~~~~~~~~~~~~~~~~~~~~~~~~~^~~~~~~~~~~~~~~~~~~~~~~~[m[K
[01m[K/home/openarm/svtrobo_ws/src/robstride_actuator_bridge/src/motor_control_test.cpp:142:64:[m[K [01;31m[Kerror: [m[K‘[01m[KInt32[m[K’ is not a member of ‘[01m[Kstd_msgs::msg[m[K’
  142 |     auto pub_rear_left = node->create_publisher<std_msgs::msg::[01;31m[KInt32[m[K>("/rear_left_cmd", 10);
      |                                                                [01;31m[K^~~~~[m[K
[01m[K/home/openarm/svtrobo_ws/src/robstride_actuator_bridge/src/motor_control_test.cpp:142:70:[m[K [01;31m[Kerror: [m[Kno matching function for call to ‘[01m[Krclcpp::Node::create_publisher<<expression error> >(const char [15], int)[m[K’
  142 |     auto pub_rear_left = [01;31m[Knode->create_publisher<std_msgs::msg::Int32>("/rear_left_cmd", 10)[m[K;
      |                          [01;31m[K~~~~~~~~~~~~~~~~~~~~~~~~~~~~~~~~~~~~~~~~~~~~^~~~~~~~~~~~~~~~~~~~~~[m[K
In file included from [01m[K/opt/ros/humble/include/rclcpp/rclcpp/executors/single_threaded_executor.hpp:28[m[K,
                 from [01m[K/opt/ros/humble/include/rclcpp/rclcpp/executors.hpp:22[m[K,
                 from [01m[K/opt/ros/humble/include/rclcpp/rclcpp/rclcpp.hpp:155[m[K,
                 from [01m[K/home/openarm/svtrobo_ws/src/robstride_actuator_bridge/src/motor_control_test.cpp:7[m[K:
[01m[K/opt/ros/humble/include/rclcpp/rclcpp/node.hpp:195:3:[m[K [01;36m[Knote: [m[Kcandidate: ‘[01m[Ktemplate<class MessageT, class AllocatorT, class PublisherT> std::shared_ptr<PublisherT> rclcpp::Node::create_publisher(const string&, const rclcpp::QoS&, const rclcpp::PublisherOptionsWithAllocator<AllocatorT>&)[m[K’
  195 |   [01;36m[Kcreate_publisher[m[K(
      |   [01;36m[K^~~~~~~~~~~~~~~~[m[K
[01m[K/opt/ros/humble/include/rclcpp/rclcpp/node.hpp:195:3:[m[K [01;36m[Knote: [m[K  template argument deduction/substitution failed:
[01m[K/home/openarm/svtrobo_ws/src/robstride_actuator_bridge/src/motor_control_test.cpp:142:70:[m[K [01;31m[Kerror: [m[Ktemplate argument 1 is invalid
  142 |     auto pub_rear_left = [01;31m[Knode->create_publisher<std_msgs::msg::Int32>("/rear_left_cmd", 10)[m[K;
      |                          [01;31m[K~~~~~~~~~~~~~~~~~~~~~~~~~~~~~~~~~~~~~~~~~~~~^~~~~~~~~~~~~~~~~~~~~~[m[K
[01m[K/home/openarm/svtrobo_ws/src/robstride_actuator_bridge/src/motor_control_test.cpp:143:65:[m[K [01;31m[Kerror: [m[K‘[01m[KInt32[m[K’ is not a member of ‘[01m[Kstd_msgs::msg[m[K’
  143 |     auto pub_rear_right = node->create_publisher<std_msgs::msg::[01;31m[KInt32[m[K>("/rear_right_cmd", 10);
      |                                                                 [01;31m[K^~~~~[m[K
[01m[K/home/openarm/svtrobo_ws/src/robstride_actuator_bridge/src/motor_control_test.cpp:143:71:[m[K [01;31m[Kerror: [m[Kno matching function for call to ‘[01m[Krclcpp::Node::create_publisher<<expression error> >(const char [16], int)[m[K’
  143 |     auto pub_rear_right = [01;31m[Knode->create_publisher<std_msgs::msg::Int32>("/rear_right_cmd", 10)[m[K;
      |                           [01;31m[K~~~~~~~~~~~~~~~~~~~~~~~~~~~~~~~~~~~~~~~~~~~~^~~~~~~~~~~~~~~~~~~~~~~[m[K
In file included from [01m[K/opt/ros/humble/include/rclcpp/rclcpp/executors/single_threaded_executor.hpp:28[m[K,
                 from [01m[K/opt/ros/humble/include/rclcpp/rclcpp/executors.hpp:22[m[K,
                 from [01m[K/opt/ros/humble/include/rclcpp/rclcpp/rclcpp.hpp:155[m[K,
                 from [01m[K/home/openarm/svtrobo_ws/src/robstride_actuator_bridge/src/motor_control_test.cpp:7[m[K:
[01m[K/opt/ros/humble/include/rclcpp/rclcpp/node.hpp:195:3:[m[K [01;36m[Knote: [m[Kcandidate: ‘[01m[Ktemplate<class MessageT, class AllocatorT, class PublisherT> std::shared_ptr<PublisherT> rclcpp::Node::create_publisher(const string&, const rclcpp::QoS&, const rclcpp::PublisherOptionsWithAllocator<AllocatorT>&)[m[K’
  195 |   [01;36m[Kcreate_publisher[m[K(
      |   [01;36m[K^~~~~~~~~~~~~~~~[m[K
[01m[K/opt/ros/humble/include/rclcpp/rclcpp/node.hpp:195:3:[m[K [01;36m[Knote: [m[K  template argument deduction/substitution failed:
[01m[K/home/openarm/svtrobo_ws/src/robstride_actuator_bridge/src/motor_control_test.cpp:143:71:[m[K [01;31m[Kerror: [m[Ktemplate argument 1 is invalid
  143 |     auto pub_rear_right = [01;31m[Knode->create_publisher<std_msgs::msg::Int32>("/rear_right_cmd", 10)[m[K;
      |                           [01;31m[K~~~~~~~~~~~~~~~~~~~~~~~~~~~~~~~~~~~~~~~~~~~~^~~~~~~~~~~~~~~~~~~~~~~[m[K
[01m[K/home/openarm/svtrobo_ws/src/robstride_actuator_bridge/src/motor_control_test.cpp:165:24:[m[K [01;31m[Kerror: [m[K‘[01m[KInt32[m[K’ is not a member of ‘[01m[Kstd_msgs::msg[m[K’
  165 |         std_msgs::msg::[01;31m[KInt32[m[K fl_msg, fr_msg, rl_msg, rr_msg;
      |                        [01;31m[K^~~~~[m[K
[01m[K/home/openarm/svtrobo_ws/src/robstride_actuator_bridge/src/motor_control_test.cpp:166:9:[m[K [01;31m[Kerror: [m[K‘[01m[Kfl_msg[m[K’ was not declared in this scope
  166 |         [01;31m[Kfl_msg[m[K.data = static_cast<int32_t>(chassis_control_para.front_left_speed);
      |         [01;31m[K^~~~~~[m[K
[01m[K/home/openarm/svtrobo_ws/src/robstride_actuator_bridge/src/motor_control_test.cpp:167:9:[m[K [01;31m[Kerror: [m[K‘[01m[Kfr_msg[m[K’ was not declared in this scope
  167 |         [01;31m[Kfr_msg[m[K.data = static_cast<int32_t>(chassis_control_para.front_right_speed);
      |         [01;31m[K^~~~~~[m[K
[01m[K/home/openarm/svtrobo_ws/src/robstride_actuator_bridge/src/motor_control_test.cpp:168:9:[m[K [01;31m[Kerror: [m[K‘[01m[Krl_msg[m[K’ was not declared in this scope
  168 |         [01;31m[Krl_msg[m[K.data = static_cast<int32_t>(chassis_control_para.rear_left_speed);
      |         [01;31m[K^~~~~~[m[K
[01m[K/home/openarm/svtrobo_ws/src/robstride_actuator_bridge/src/motor_control_test.cpp:169:9:[m[K [01;31m[Kerror: [m[K‘[01m[Krr_msg[m[K’ was not declared in this scope
  169 |         [01;31m[Krr_msg[m[K.data = static_cast<int32_t>(chassis_control_para.rear_right_speed);
      |         [01;31m[K^~~~~~[m[K
In file included from [01m[K/home/openarm/svtrobo_ws/src/robstride_actuator_bridge/src/motor_control_test.cpp:11[m[K:
[01m[K/home/openarm/svtrobo_ws/src/robstride_actuator_bridge/include/motor_control/motor_config.h:[m[K In member function ‘[01m[KRobStrite_Motor& MotorControlSet::getMotor(uint8_t)[m[K’:
[01m[K/home/openarm/svtrobo_ws/src/robstride_actuator_bridge/include/motor_control/motor_config.h:80:17:[m[K [01;35m[Kwarning: [m[Kcontrol reaches end of non-void function [[01;35m[K]8;;https://gcc.gnu.org/onlinedocs/gcc/Warning-Options.html#index-Wreturn-type-Wreturn-type]8;;[m[K]
   80 |                 [01;35m[K}[m[K
      |                 [01;35m[K^[m[K
gmake[2]: *** [CMakeFiles/motor_control_test.dir/build.make:76：CMakeFiles/motor_control_test.dir/src/motor_control_test.cpp.o] 错误 1
gmake[1]: *** [CMakeFiles/Makefile2:623：CMakeFiles/motor_control_test.dir/all] 错误 2
gmake: *** [Makefile:146：all] 错误 2
