[0.042s] Invoking command in '/home/openarm/svtrobo_ws/build/motor_control': CMAKE_PREFIX_PATH=${CMAKE_PREFIX_PATH}:/home/openarm/ros2_ws/install/qnbot_teleoperator:/opt/ros/humble /usr/bin/cmake --build /home/openarm/svtrobo_ws/build/motor_control -- -j4 -l4
[0.148s] [  2%] [34m[1mGenerating C code for ROS interfaces[0m
[0.182s] [  5%] [34m[1mGenerating C++ code for ROS interfaces[0m
[0.242s] [  5%] Built target ament_cmake_python_copy_motor_control
[1.043s] running egg_info
[1.087s] creating motor_control.egg-info
[1.088s] writing motor_control.egg-info/PKG-INFO
[1.090s] writing dependency_links to motor_control.egg-info/dependency_links.txt
[1.092s] writing top-level names to motor_control.egg-info/top_level.txt
[1.093s] writing manifest file 'motor_control.egg-info/SOURCES.txt'
[1.297s] reading manifest file 'motor_control.egg-info/SOURCES.txt'
[1.299s] writing manifest file 'motor_control.egg-info/SOURCES.txt'
[1.347s] [  5%] Built target motor_control__cpp
[1.382s] [  8%] [32mBuilding C object CMakeFiles/motor_control__rosidl_generator_c.dir/rosidl_generator_c/motor_control/msg/detail/motor_feedback__functions.c.o[0m
[1.388s] [ 11%] [34m[1mGenerating C++ type support dispatch for ROS interfaces[0m
[1.396s] [ 13%] [34m[1mGenerating C++ type support for eProsima Fast-RTPS[0m
[1.417s] [ 13%] Built target ament_cmake_python_build_motor_control_egg
[1.482s] [ 16%] [34m[1mGenerating C++ introspection for ROS interfaces[0m
[1.637s] [ 19%] [32m[1mLinking C shared library libmotor_control__rosidl_generator_c.so[0m
[1.852s] [ 19%] Built target motor_control__rosidl_generator_c
[1.879s] [ 22%] [34m[1mGenerating C type support for eProsima Fast-RTPS[0m
[2.484s] [ 25%] [32mBuilding CXX object CMakeFiles/motor_control__rosidl_typesupport_fastrtps_cpp.dir/rosidl_typesupport_fastrtps_cpp/motor_control/msg/detail/dds_fastrtps/motor_feedback__type_support.cpp.o[0m
[2.572s] [ 27%] [32mBuilding CXX object CMakeFiles/motor_control__rosidl_typesupport_cpp.dir/rosidl_typesupport_cpp/motor_control/msg/motor_feedback__type_support.cpp.o[0m
[2.583s] [ 30%] [32mBuilding CXX object CMakeFiles/motor_control__rosidl_typesupport_introspection_cpp.dir/rosidl_typesupport_introspection_cpp/motor_control/msg/detail/motor_feedback__type_support.cpp.o[0m
[2.954s] [ 33%] [32mBuilding CXX object CMakeFiles/motor_control__rosidl_typesupport_fastrtps_c.dir/rosidl_typesupport_fastrtps_c/motor_control/msg/detail/motor_feedback__type_support_c.cpp.o[0m
[3.494s] [ 36%] [32m[1mLinking CXX shared library libmotor_control__rosidl_typesupport_cpp.so[0m
[3.603s] [ 36%] Built target motor_control__rosidl_typesupport_cpp
[3.632s] [ 38%] [34m[1mGenerating C introspection for ROS interfaces[0m
[4.144s] [ 41%] [32m[1mLinking CXX shared library libmotor_control__rosidl_typesupport_introspection_cpp.so[0m
[4.225s] [ 44%] [32m[1mLinking CXX shared library libmotor_control__rosidl_typesupport_fastrtps_c.so[0m
[4.264s] [ 47%] [32m[1mLinking CXX shared library libmotor_control__rosidl_typesupport_fastrtps_cpp.so[0m
[4.366s] [ 47%] Built target motor_control__rosidl_typesupport_introspection_cpp
[4.406s] [ 50%] [34m[1mGenerating C type support dispatch for ROS interfaces[0m
[4.526s] [ 50%] Built target motor_control__rosidl_typesupport_fastrtps_c
[4.539s] [ 52%] [32mBuilding C object CMakeFiles/motor_control__rosidl_typesupport_introspection_c.dir/rosidl_typesupport_introspection_c/motor_control/msg/detail/motor_feedback__type_support.c.o[0m
[4.556s] [ 52%] Built target motor_control__rosidl_typesupport_fastrtps_cpp
[4.579s] [ 55%] [32mBuilding CXX object CMakeFiles/motor_control_lib.dir/src/motor_config.cpp.o[0m
[4.584s] [ 58%] [32mBuilding CXX object CMakeFiles/motor_control_lib.dir/src/robstride.cpp.o[0m
[4.731s] [ 61%] [32m[1mLinking C shared library libmotor_control__rosidl_typesupport_introspection_c.so[0m
[4.835s] [ 61%] Built target motor_control__rosidl_typesupport_introspection_c
[5.258s] [ 63%] [32mBuilding CXX object CMakeFiles/motor_control__rosidl_typesupport_c.dir/rosidl_typesupport_c/motor_control/msg/motor_feedback__type_support.cpp.o[0m
[5.347s] [ 66%] [32m[1mLinking CXX shared library libmotor_control__rosidl_typesupport_c.so[0m
[5.464s] [ 66%] Built target motor_control__rosidl_typesupport_c
[5.517s] [ 66%] Built target motor_control
[5.569s] [ 69%] [34m[1mGenerating Python code for ROS interfaces[0m
[6.615s] [ 69%] Built target motor_control__py
[6.672s] [ 72%] [32mBuilding C object CMakeFiles/motor_control__rosidl_generator_py.dir/rosidl_generator_py/motor_control/msg/_motor_feedback_s.c.o[0m
[7.049s] [ 75%] [32m[1mLinking C shared library rosidl_generator_py/motor_control/libmotor_control__rosidl_generator_py.so[0m
[7.151s] [ 75%] Built target motor_control__rosidl_generator_py
[7.213s] [ 77%] [32mBuilding C object CMakeFiles/motor_control__rosidl_typesupport_introspection_c__pyext.dir/rosidl_generator_py/motor_control/_motor_control_s.ep.rosidl_typesupport_introspection_c.c.o[0m
[7.213s] [ 80%] [32mBuilding C object CMakeFiles/motor_control__rosidl_typesupport_fastrtps_c__pyext.dir/rosidl_generator_py/motor_control/_motor_control_s.ep.rosidl_typesupport_fastrtps_c.c.o[0m
[7.509s] [ 83%] [32m[1mLinking C shared library rosidl_generator_py/motor_control/motor_control_s__rosidl_typesupport_fastrtps_c.cpython-310-x86_64-linux-gnu.so[0m
[7.569s] [ 86%] [32m[1mLinking C shared library rosidl_generator_py/motor_control/motor_control_s__rosidl_typesupport_introspection_c.cpython-310-x86_64-linux-gnu.so[0m
[7.643s] [ 86%] Built target motor_control__rosidl_typesupport_fastrtps_c__pyext
[7.672s] [ 86%] Built target motor_control__rosidl_typesupport_introspection_c__pyext
[7.698s] [ 88%] [32mBuilding C object CMakeFiles/motor_control__rosidl_typesupport_c__pyext.dir/rosidl_generator_py/motor_control/_motor_control_s.ep.rosidl_typesupport_c.c.o[0m
[7.992s] [ 91%] [32m[1mLinking C shared library rosidl_generator_py/motor_control/motor_control_s__rosidl_typesupport_c.cpython-310-x86_64-linux-gnu.so[0m
[8.093s] [ 91%] Built target motor_control__rosidl_typesupport_c__pyext
[25.932s] [ 94%] [32m[1mLinking CXX shared library libmotor_control_lib.so[0m
[27.028s] [ 94%] Built target motor_control_lib
[27.063s] [ 97%] [32mBuilding CXX object CMakeFiles/motor_control_test.dir/src/motor_control_test.cpp.o[0m
[32.114s] [01m[K/home/openarm/svtrobo_ws/src/robstride_actuator_bridge/src/motor_control_test.cpp:81:34:[m[K [01;31m[Kerror: [m[K‘[01m[Kgeometry_msgs[m[K’ does not name a type
[32.114s]    81 | void svtrobot_cmd_callback(const [01;31m[Kgeometry_msgs[m[K::msg::Twist::SharedPtr msg)
[32.114s]       |                                  [01;31m[K^~~~~~~~~~~~~[m[K
[32.115s] [01m[K/home/openarm/svtrobo_ws/src/robstride_actuator_bridge/src/motor_control_test.cpp:81:52:[m[K [01;31m[Kerror: [m[Kexpected unqualified-id before ‘[01m[K::[m[K’ token
[32.115s]    81 | void svtrobot_cmd_callback(const geometry_msgs::msg[01;31m[K::[m[KTwist::SharedPtr msg)
[32.115s]       |                                                    [01;31m[K^~[m[K
[32.115s] [01m[K/home/openarm/svtrobo_ws/src/robstride_actuator_bridge/src/motor_control_test.cpp:81:52:[m[K [01;31m[Kerror: [m[Kexpected ‘[01m[K)[m[K’ before ‘[01m[K::[m[K’ token
[32.115s]    81 | void svtrobot_cmd_callback[34m[K([m[Kconst geometry_msgs::msg[01;31m[K:[m[K[32m[K:[m[KTwist::SharedPtr msg)
[32.116s]       |                           [34m[K~[m[K                        [01;31m[K^[m[K[32m[K~[m[K
[32.116s]       |                                                    [32m[K)[m[K
[32.116s] [01m[K/home/openarm/svtrobo_ws/src/robstride_actuator_bridge/src/motor_control_test.cpp:81:52:[m[K [01;31m[Kerror: [m[Kexpected initializer before ‘[01m[K::[m[K’ token
[32.116s]    81 | void svtrobot_cmd_callback(const geometry_msgs::msg[01;31m[K::[m[KTwist::SharedPtr msg)
[32.116s]       |                                                    [01;31m[K^~[m[K
[32.126s] [01m[K/home/openarm/svtrobo_ws/src/robstride_actuator_bridge/src/motor_control_test.cpp:[m[K In function ‘[01m[Kint main(int, char**)[m[K’:
[32.126s] [01m[K/home/openarm/svtrobo_ws/src/robstride_actuator_bridge/src/motor_control_test.cpp:137:55:[m[K [01;31m[Kerror: [m[K‘[01m[Kgeometry_msgs[m[K’ was not declared in this scope
[32.127s]   137 |     auto svtrobot_cmd_sub = node->create_subscription<[01;31m[Kgeometry_msgs[m[K::msg::Twist>(
[32.127s]       |                                                       [01;31m[K^~~~~~~~~~~~~[m[K
[32.127s] [01m[K/home/openarm/svtrobo_ws/src/robstride_actuator_bridge/src/motor_control_test.cpp:137:35:[m[K [01;31m[Kerror: [m[Kparse error in template argument list
[32.127s]   137 |     auto svtrobot_cmd_sub = node->[01;31m[Kcreate_subscription<geometry_msgs::msg::Twist>[m[K(
[32.127s]       |                                   [01;31m[K^~~~~~~~~~~~~~~~~~~~~~~~~~~~~~~~~~~~~~~~~~~~~~[m[K
[32.138s] [01m[K/home/openarm/svtrobo_ws/src/robstride_actuator_bridge/src/motor_control_test.cpp:138:30:[m[K [01;31m[Kerror: [m[K‘[01m[Ksvtrobot_cmd_callback[m[K’ was not declared in this scope; did you mean ‘[01m[Ksvtrobot_cmd_sub[m[K’?
[32.138s]   138 |         "/svtrobot_cmd", 10, [01;31m[Ksvtrobot_cmd_callback[m[K);
[32.138s]       |                              [01;31m[K^~~~~~~~~~~~~~~~~~~~~[m[K
[32.138s]       |                              [32m[Ksvtrobot_cmd_sub[m[K
[32.139s] [01m[K/home/openarm/svtrobo_ws/src/robstride_actuator_bridge/src/motor_control_test.cpp:140:65:[m[K [01;31m[Kerror: [m[K‘[01m[KInt32[m[K’ is not a member of ‘[01m[Kstd_msgs::msg[m[K’
[32.139s]   140 |     auto pub_front_left = node->create_publisher<std_msgs::msg::[01;31m[KInt32[m[K>("/front_left_cmd", 10);
[32.139s]       |                                                                 [01;31m[K^~~~~[m[K
[32.140s] [01m[K/home/openarm/svtrobo_ws/src/robstride_actuator_bridge/src/motor_control_test.cpp:140:71:[m[K [01;31m[Kerror: [m[Kno matching function for call to ‘[01m[Krclcpp::Node::create_publisher<<expression error> >(const char [16], int)[m[K’
[32.140s]   140 |     auto pub_front_left = [01;31m[Knode->create_publisher<std_msgs::msg::Int32>("/front_left_cmd", 10)[m[K;
[32.140s]       |                           [01;31m[K~~~~~~~~~~~~~~~~~~~~~~~~~~~~~~~~~~~~~~~~~~~~^~~~~~~~~~~~~~~~~~~~~~~[m[K
[32.141s] In file included from [01m[K/opt/ros/humble/include/rclcpp/rclcpp/executors/single_threaded_executor.hpp:28[m[K,
[32.141s]                  from [01m[K/opt/ros/humble/include/rclcpp/rclcpp/executors.hpp:22[m[K,
[32.141s]                  from [01m[K/opt/ros/humble/include/rclcpp/rclcpp/rclcpp.hpp:155[m[K,
[32.141s]                  from [01m[K/home/openarm/svtrobo_ws/src/robstride_actuator_bridge/src/motor_control_test.cpp:7[m[K:
[32.142s] [01m[K/opt/ros/humble/include/rclcpp/rclcpp/node.hpp:195:3:[m[K [01;36m[Knote: [m[Kcandidate: ‘[01m[Ktemplate<class MessageT, class AllocatorT, class PublisherT> std::shared_ptr<PublisherT> rclcpp::Node::create_publisher(const string&, const rclcpp::QoS&, const rclcpp::PublisherOptionsWithAllocator<AllocatorT>&)[m[K’
[32.142s]   195 |   [01;36m[Kcreate_publisher[m[K(
[32.142s]       |   [01;36m[K^~~~~~~~~~~~~~~~[m[K
[32.142s] [01m[K/opt/ros/humble/include/rclcpp/rclcpp/node.hpp:195:3:[m[K [01;36m[Knote: [m[K  template argument deduction/substitution failed:
[32.142s] [01m[K/home/openarm/svtrobo_ws/src/robstride_actuator_bridge/src/motor_control_test.cpp:140:71:[m[K [01;31m[Kerror: [m[Ktemplate argument 1 is invalid
[32.143s]   140 |     auto pub_front_left = [01;31m[Knode->create_publisher<std_msgs::msg::Int32>("/front_left_cmd", 10)[m[K;
[32.143s]       |                           [01;31m[K~~~~~~~~~~~~~~~~~~~~~~~~~~~~~~~~~~~~~~~~~~~~^~~~~~~~~~~~~~~~~~~~~~~[m[K
[32.143s] [01m[K/home/openarm/svtrobo_ws/src/robstride_actuator_bridge/src/motor_control_test.cpp:141:66:[m[K [01;31m[Kerror: [m[K‘[01m[KInt32[m[K’ is not a member of ‘[01m[Kstd_msgs::msg[m[K’
[32.143s]   141 |     auto pub_front_right = node->create_publisher<std_msgs::msg::[01;31m[KInt32[m[K>("/front_right_cmd", 10);
[32.144s]       |                                                                  [01;31m[K^~~~~[m[K
[32.144s] [01m[K/home/openarm/svtrobo_ws/src/robstride_actuator_bridge/src/motor_control_test.cpp:141:72:[m[K [01;31m[Kerror: [m[Kno matching function for call to ‘[01m[Krclcpp::Node::create_publisher<<expression error> >(const char [17], int)[m[K’
[32.144s]   141 |     auto pub_front_right = [01;31m[Knode->create_publisher<std_msgs::msg::Int32>("/front_right_cmd", 10)[m[K;
[32.144s]       |                            [01;31m[K~~~~~~~~~~~~~~~~~~~~~~~~~~~~~~~~~~~~~~~~~~~~^~~~~~~~~~~~~~~~~~~~~~~~[m[K
[32.144s] In file included from [01m[K/opt/ros/humble/include/rclcpp/rclcpp/executors/single_threaded_executor.hpp:28[m[K,
[32.144s]                  from [01m[K/opt/ros/humble/include/rclcpp/rclcpp/executors.hpp:22[m[K,
[32.144s]                  from [01m[K/opt/ros/humble/include/rclcpp/rclcpp/rclcpp.hpp:155[m[K,
[32.145s]                  from [01m[K/home/openarm/svtrobo_ws/src/robstride_actuator_bridge/src/motor_control_test.cpp:7[m[K:
[32.145s] [01m[K/opt/ros/humble/include/rclcpp/rclcpp/node.hpp:195:3:[m[K [01;36m[Knote: [m[Kcandidate: ‘[01m[Ktemplate<class MessageT, class AllocatorT, class PublisherT> std::shared_ptr<PublisherT> rclcpp::Node::create_publisher(const string&, const rclcpp::QoS&, const rclcpp::PublisherOptionsWithAllocator<AllocatorT>&)[m[K’
[32.145s]   195 |   [01;36m[Kcreate_publisher[m[K(
[32.145s]       |   [01;36m[K^~~~~~~~~~~~~~~~[m[K
[32.145s] [01m[K/opt/ros/humble/include/rclcpp/rclcpp/node.hpp:195:3:[m[K [01;36m[Knote: [m[K  template argument deduction/substitution failed:
[32.145s] [01m[K/home/openarm/svtrobo_ws/src/robstride_actuator_bridge/src/motor_control_test.cpp:141:72:[m[K [01;31m[Kerror: [m[Ktemplate argument 1 is invalid
[32.145s]   141 |     auto pub_front_right = [01;31m[Knode->create_publisher<std_msgs::msg::Int32>("/front_right_cmd", 10)[m[K;
[32.146s]       |                            [01;31m[K~~~~~~~~~~~~~~~~~~~~~~~~~~~~~~~~~~~~~~~~~~~~^~~~~~~~~~~~~~~~~~~~~~~~[m[K
[32.146s] [01m[K/home/openarm/svtrobo_ws/src/robstride_actuator_bridge/src/motor_control_test.cpp:142:64:[m[K [01;31m[Kerror: [m[K‘[01m[KInt32[m[K’ is not a member of ‘[01m[Kstd_msgs::msg[m[K’
[32.146s]   142 |     auto pub_rear_left = node->create_publisher<std_msgs::msg::[01;31m[KInt32[m[K>("/rear_left_cmd", 10);
[32.146s]       |                                                                [01;31m[K^~~~~[m[K
[32.146s] [01m[K/home/openarm/svtrobo_ws/src/robstride_actuator_bridge/src/motor_control_test.cpp:142:70:[m[K [01;31m[Kerror: [m[Kno matching function for call to ‘[01m[Krclcpp::Node::create_publisher<<expression error> >(const char [15], int)[m[K’
[32.146s]   142 |     auto pub_rear_left = [01;31m[Knode->create_publisher<std_msgs::msg::Int32>("/rear_left_cmd", 10)[m[K;
[32.147s]       |                          [01;31m[K~~~~~~~~~~~~~~~~~~~~~~~~~~~~~~~~~~~~~~~~~~~~^~~~~~~~~~~~~~~~~~~~~~[m[K
[32.147s] In file included from [01m[K/opt/ros/humble/include/rclcpp/rclcpp/executors/single_threaded_executor.hpp:28[m[K,
[32.147s]                  from [01m[K/opt/ros/humble/include/rclcpp/rclcpp/executors.hpp:22[m[K,
[32.147s]                  from [01m[K/opt/ros/humble/include/rclcpp/rclcpp/rclcpp.hpp:155[m[K,
[32.148s]                  from [01m[K/home/openarm/svtrobo_ws/src/robstride_actuator_bridge/src/motor_control_test.cpp:7[m[K:
[32.148s] [01m[K/opt/ros/humble/include/rclcpp/rclcpp/node.hpp:195:3:[m[K [01;36m[Knote: [m[Kcandidate: ‘[01m[Ktemplate<class MessageT, class AllocatorT, class PublisherT> std::shared_ptr<PublisherT> rclcpp::Node::create_publisher(const string&, const rclcpp::QoS&, const rclcpp::PublisherOptionsWithAllocator<AllocatorT>&)[m[K’
[32.148s]   195 |   [01;36m[Kcreate_publisher[m[K(
[32.149s]       |   [01;36m[K^~~~~~~~~~~~~~~~[m[K
[32.149s] [01m[K/opt/ros/humble/include/rclcpp/rclcpp/node.hpp:195:3:[m[K [01;36m[Knote: [m[K  template argument deduction/substitution failed:
[32.149s] [01m[K/home/openarm/svtrobo_ws/src/robstride_actuator_bridge/src/motor_control_test.cpp:142:70:[m[K [01;31m[Kerror: [m[Ktemplate argument 1 is invalid
[32.149s]   142 |     auto pub_rear_left = [01;31m[Knode->create_publisher<std_msgs::msg::Int32>("/rear_left_cmd", 10)[m[K;
[32.149s]       |                          [01;31m[K~~~~~~~~~~~~~~~~~~~~~~~~~~~~~~~~~~~~~~~~~~~~^~~~~~~~~~~~~~~~~~~~~~[m[K
[32.149s] [01m[K/home/openarm/svtrobo_ws/src/robstride_actuator_bridge/src/motor_control_test.cpp:143:65:[m[K [01;31m[Kerror: [m[K‘[01m[KInt32[m[K’ is not a member of ‘[01m[Kstd_msgs::msg[m[K’
[32.150s]   143 |     auto pub_rear_right = node->create_publisher<std_msgs::msg::[01;31m[KInt32[m[K>("/rear_right_cmd", 10);
[32.150s]       |                                                                 [01;31m[K^~~~~[m[K
[32.150s] [01m[K/home/openarm/svtrobo_ws/src/robstride_actuator_bridge/src/motor_control_test.cpp:143:71:[m[K [01;31m[Kerror: [m[Kno matching function for call to ‘[01m[Krclcpp::Node::create_publisher<<expression error> >(const char [16], int)[m[K’
[32.150s]   143 |     auto pub_rear_right = [01;31m[Knode->create_publisher<std_msgs::msg::Int32>("/rear_right_cmd", 10)[m[K;
[32.150s]       |                           [01;31m[K~~~~~~~~~~~~~~~~~~~~~~~~~~~~~~~~~~~~~~~~~~~~^~~~~~~~~~~~~~~~~~~~~~~[m[K
[32.151s] In file included from [01m[K/opt/ros/humble/include/rclcpp/rclcpp/executors/single_threaded_executor.hpp:28[m[K,
[32.151s]                  from [01m[K/opt/ros/humble/include/rclcpp/rclcpp/executors.hpp:22[m[K,
[32.151s]                  from [01m[K/opt/ros/humble/include/rclcpp/rclcpp/rclcpp.hpp:155[m[K,
[32.151s]                  from [01m[K/home/openarm/svtrobo_ws/src/robstride_actuator_bridge/src/motor_control_test.cpp:7[m[K:
[32.151s] [01m[K/opt/ros/humble/include/rclcpp/rclcpp/node.hpp:195:3:[m[K [01;36m[Knote: [m[Kcandidate: ‘[01m[Ktemplate<class MessageT, class AllocatorT, class PublisherT> std::shared_ptr<PublisherT> rclcpp::Node::create_publisher(const string&, const rclcpp::QoS&, const rclcpp::PublisherOptionsWithAllocator<AllocatorT>&)[m[K’
[32.151s]   195 |   [01;36m[Kcreate_publisher[m[K(
[32.152s]       |   [01;36m[K^~~~~~~~~~~~~~~~[m[K
[32.152s] [01m[K/opt/ros/humble/include/rclcpp/rclcpp/node.hpp:195:3:[m[K [01;36m[Knote: [m[K  template argument deduction/substitution failed:
[32.152s] [01m[K/home/openarm/svtrobo_ws/src/robstride_actuator_bridge/src/motor_control_test.cpp:143:71:[m[K [01;31m[Kerror: [m[Ktemplate argument 1 is invalid
[32.152s]   143 |     auto pub_rear_right = [01;31m[Knode->create_publisher<std_msgs::msg::Int32>("/rear_right_cmd", 10)[m[K;
[32.152s]       |                           [01;31m[K~~~~~~~~~~~~~~~~~~~~~~~~~~~~~~~~~~~~~~~~~~~~^~~~~~~~~~~~~~~~~~~~~~~[m[K
[32.152s] [01m[K/home/openarm/svtrobo_ws/src/robstride_actuator_bridge/src/motor_control_test.cpp:165:24:[m[K [01;31m[Kerror: [m[K‘[01m[KInt32[m[K’ is not a member of ‘[01m[Kstd_msgs::msg[m[K’
[32.153s]   165 |         std_msgs::msg::[01;31m[KInt32[m[K fl_msg, fr_msg, rl_msg, rr_msg;
[32.153s]       |                        [01;31m[K^~~~~[m[K
[32.158s] [01m[K/home/openarm/svtrobo_ws/src/robstride_actuator_bridge/src/motor_control_test.cpp:166:9:[m[K [01;31m[Kerror: [m[K‘[01m[Kfl_msg[m[K’ was not declared in this scope
[32.158s]   166 |         [01;31m[Kfl_msg[m[K.data = static_cast<int32_t>(chassis_control_para.front_left_speed);
[32.158s]       |         [01;31m[K^~~~~~[m[K
[32.163s] [01m[K/home/openarm/svtrobo_ws/src/robstride_actuator_bridge/src/motor_control_test.cpp:167:9:[m[K [01;31m[Kerror: [m[K‘[01m[Kfr_msg[m[K’ was not declared in this scope
[32.164s]   167 |         [01;31m[Kfr_msg[m[K.data = static_cast<int32_t>(chassis_control_para.front_right_speed);
[32.164s]       |         [01;31m[K^~~~~~[m[K
[32.171s] [01m[K/home/openarm/svtrobo_ws/src/robstride_actuator_bridge/src/motor_control_test.cpp:168:9:[m[K [01;31m[Kerror: [m[K‘[01m[Krl_msg[m[K’ was not declared in this scope
[32.172s]   168 |         [01;31m[Krl_msg[m[K.data = static_cast<int32_t>(chassis_control_para.rear_left_speed);
[32.172s]       |         [01;31m[K^~~~~~[m[K
[32.179s] [01m[K/home/openarm/svtrobo_ws/src/robstride_actuator_bridge/src/motor_control_test.cpp:169:9:[m[K [01;31m[Kerror: [m[K‘[01m[Krr_msg[m[K’ was not declared in this scope
[32.179s]   169 |         [01;31m[Krr_msg[m[K.data = static_cast<int32_t>(chassis_control_para.rear_right_speed);
[32.179s]       |         [01;31m[K^~~~~~[m[K
[33.107s] In file included from [01m[K/home/openarm/svtrobo_ws/src/robstride_actuator_bridge/src/motor_control_test.cpp:11[m[K:
[33.107s] [01m[K/home/openarm/svtrobo_ws/src/robstride_actuator_bridge/include/motor_control/motor_config.h:[m[K In member function ‘[01m[KRobStrite_Motor& MotorControlSet::getMotor(uint8_t)[m[K’:
[33.108s] [01m[K/home/openarm/svtrobo_ws/src/robstride_actuator_bridge/include/motor_control/motor_config.h:80:17:[m[K [01;35m[Kwarning: [m[Kcontrol reaches end of non-void function [[01;35m[K]8;;https://gcc.gnu.org/onlinedocs/gcc/Warning-Options.html#index-Wreturn-type-Wreturn-type]8;;[m[K]
[33.108s]    80 |                 [01;35m[K}[m[K
[33.108s]       |                 [01;35m[K^[m[K
[33.160s] gmake[2]: *** [CMakeFiles/motor_control_test.dir/build.make:76：CMakeFiles/motor_control_test.dir/src/motor_control_test.cpp.o] 错误 1
[33.161s] gmake[1]: *** [CMakeFiles/Makefile2:623：CMakeFiles/motor_control_test.dir/all] 错误 2
[33.161s] gmake: *** [Makefile:146：all] 错误 2
