[0.035s] Invoking command in '/home/openarm/svtrobo_ws/build/motor_control': CMAKE_PREFIX_PATH=${CMAKE_PREFIX_PATH}:/home/openarm/ros2_ws/install/qnbot_teleoperator:/opt/ros/humble /usr/bin/cmake /home/openarm/svtrobo_ws/src/robstride_actuator_bridge -DCMAKE_INSTALL_PREFIX=/home/openarm/svtrobo_ws/install/motor_control
[0.190s] -- The C compiler identification is GNU 11.4.0
[0.343s] -- The CXX compiler identification is GNU 11.4.0
[0.360s] -- Detecting C compiler ABI info
[0.545s] -- Detecting C compiler ABI info - done
[0.567s] -- Check for working C compiler: /usr/bin/cc - skipped
[0.571s] -- Detecting C compile features
[0.571s] -- Detecting C compile features - done
[0.577s] -- Detecting CXX compiler ABI info
[0.765s] -- Detecting CXX compiler ABI info - done
[0.787s] -- Check for working CXX compiler: /usr/bin/c++ - skipped
[0.788s] -- Detecting CXX compile features
[0.790s] -- Detecting CXX compile features - done
[0.796s] -- Found ament_cmake: 1.3.12 (/opt/ros/humble/share/ament_cmake/cmake)
[2.130s] -- Found Python3: /usr/bin/python3 (found version "3.10.12") found components: Interpreter 
[2.427s] -- Found rclcpp: 16.0.16 (/opt/ros/humble/share/rclcpp/cmake)
[2.559s] -- Found rosidl_generator_c: 3.1.7 (/opt/ros/humble/share/rosidl_generator_c/cmake)
[2.576s] -- Found rosidl_adapter: 3.1.7 (/opt/ros/humble/share/rosidl_adapter/cmake)
[2.603s] -- Found rosidl_generator_cpp: 3.1.7 (/opt/ros/humble/share/rosidl_generator_cpp/cmake)
[2.646s] -- Using all available rosidl_typesupport_c: rosidl_typesupport_fastrtps_c;rosidl_typesupport_introspection_c
[2.701s] -- Using all available rosidl_typesupport_cpp: rosidl_typesupport_fastrtps_cpp;rosidl_typesupport_introspection_cpp
[2.840s] -- Found rmw_implementation_cmake: 6.1.2 (/opt/ros/humble/share/rmw_implementation_cmake/cmake)
[2.849s] -- Found rmw_fastrtps_cpp: 6.2.9 (/opt/ros/humble/share/rmw_fastrtps_cpp/cmake)
[3.094s] -- Found OpenSSL: /usr/lib/x86_64-linux-gnu/libcrypto.so (found version "3.0.2")  
[3.168s] -- Found FastRTPS: /opt/ros/humble/include  
[3.268s] -- Using RMW implementation 'rmw_fastrtps_cpp' as default
[3.297s] -- Looking for pthread.h
[3.501s] -- Looking for pthread.h - found
[3.503s] -- Performing Test CMAKE_HAVE_LIBC_PTHREAD
[3.698s] -- Performing Test CMAKE_HAVE_LIBC_PTHREAD - Success
[3.700s] -- Found Threads: TRUE  
[3.881s] -- Found can_msgs: 2.0.0 (/opt/ros/humble/share/can_msgs/cmake)
[3.923s] -- Found rosidl_default_generators: 1.2.0 (/opt/ros/humble/share/rosidl_default_generators/cmake)
[5.138s] -- Found ament_cmake_ros: 0.10.0 (/opt/ros/humble/share/ament_cmake_ros/cmake)
[6.944s] -- Using all available rosidl_typesupport_c: rosidl_typesupport_fastrtps_c;rosidl_typesupport_introspection_c
[7.713s] -- Using all available rosidl_typesupport_cpp: rosidl_typesupport_fastrtps_cpp;rosidl_typesupport_introspection_cpp
[7.863s] -- Found PythonInterp: /usr/bin/python3 (found suitable version "3.10.12", minimum required is "3.6") 
[7.876s] -- Found python_cmake_module: 0.10.0 (/opt/ros/humble/share/python_cmake_module/cmake)
[8.037s] -- Found PythonLibs: /usr/lib/x86_64-linux-gnu/libpython3.10.so (found suitable version "3.10.12", minimum required is "3.5") 
[8.037s] -- Using PYTHON_EXECUTABLE: /usr/bin/python3
[8.039s] -- Using PYTHON_INCLUDE_DIRS: /usr/include/python3.10
[8.040s] -- Using PYTHON_LIBRARIES: /usr/lib/x86_64-linux-gnu/libpython3.10.so
[8.180s] -- Found PythonExtra: .so  
[8.429s] -- Found ament_lint_auto: 0.12.14 (/opt/ros/humble/share/ament_lint_auto/cmake)
[8.505s] -- Added test 'copyright' to check source files copyright and LICENSE
[8.514s] -- Added test 'cppcheck' to perform static code analysis on C / C++ code
[8.519s] -- Configured cppcheck include dirs: /home/openarm/svtrobo_ws/src/robstride_actuator_bridge/include
[8.519s] -- Configured cppcheck exclude dirs and/or files: 
[8.529s] -- Added test 'cpplint' to check C / C++ code against the Google style
[8.529s] -- Configured cpplint exclude dirs and/or files: 
[8.531s] -- Added test 'flake8' to check Python code syntax and style conventions
[8.535s] -- Added test 'lint_cmake' to check CMake code style
[8.537s] -- Added test 'pep257' to check Python code against some of the docstring style conventions in PEP 257
[8.548s] -- Added test 'uncrustify' to check C / C++ code style
[8.548s] -- Configured uncrustify additional arguments: 
[8.552s] -- Added test 'xmllint' to check XML markup files
[8.557s] -- Configuring done
[8.680s] -- Generating done
[8.725s] -- Build files have been written to: /home/openarm/svtrobo_ws/build/motor_control
