[0.196s] DEBUG:colcon:Command line arguments: ['/usr/bin/colcon', 'build']
[0.196s] DEBUG:colcon:Parsed command line arguments: Namespace(log_base=None, log_level=None, verb_name='build', build_base='build', install_base='install', merge_install=False, symlink_install=False, test_result_base=None, continue_on_error=False, executor='parallel', parallel_workers=4, event_handlers=None, ignore_user_meta=False, metas=['./colcon.meta'], base_paths=['.'], packages_ignore=None, packages_ignore_regex=None, paths=None, packages_up_to=None, packages_up_to_regex=None, packages_above=None, packages_above_and_dependencies=None, packages_above_depth=None, packages_select_by_dep=None, packages_skip_by_dep=None, packages_skip_up_to=None, packages_select_build_failed=False, packages_skip_build_finished=False, packages_select_test_failures=False, packages_skip_test_passed=False, packages_select=None, packages_skip=None, packages_select_regex=None, packages_skip_regex=None, packages_start=None, packages_end=None, allow_overriding=[], cmake_args=None, cmake_target=None, cmake_target_skip_unavailable=False, cmake_clean_cache=False, cmake_clean_first=False, cmake_force_configure=False, ament_cmake_args=None, catkin_cmake_args=None, catkin_skip_building_tests=False, verb_parser=<colcon_defaults.argument_parser.defaults.DefaultArgumentsDecorator object at 0x72e285661f30>, verb_extension=<colcon_core.verb.build.BuildVerb object at 0x72e2857579d0>, main=<bound method BuildVerb.main of <colcon_core.verb.build.BuildVerb object at 0x72e2857579d0>>)
[0.272s] Level 1:colcon.colcon_core.package_discovery:discover_packages(colcon_meta) check parameters
[0.272s] Level 1:colcon.colcon_core.package_discovery:discover_packages(recursive) check parameters
[0.272s] Level 1:colcon.colcon_core.package_discovery:discover_packages(ignore) check parameters
[0.272s] Level 1:colcon.colcon_core.package_discovery:discover_packages(path) check parameters
[0.272s] Level 1:colcon.colcon_core.package_discovery:discover_packages(colcon_meta) discover
[0.272s] Level 1:colcon.colcon_core.package_discovery:discover_packages(recursive) discover
[0.272s] INFO:colcon.colcon_core.package_discovery:Crawling recursively for packages in '/home/openarm/svtrobo_ws'
[0.272s] Level 1:colcon.colcon_core.package_identification:_identify(.) by extensions ['ignore', 'ignore_ament_install']
[0.273s] Level 1:colcon.colcon_core.package_identification:_identify(.) by extension 'ignore'
[0.273s] Level 1:colcon.colcon_core.package_identification:_identify(.) by extension 'ignore_ament_install'
[0.273s] Level 1:colcon.colcon_core.package_identification:_identify(.) by extensions ['colcon_pkg']
[0.273s] Level 1:colcon.colcon_core.package_identification:_identify(.) by extension 'colcon_pkg'
[0.273s] Level 1:colcon.colcon_core.package_identification:_identify(.) by extensions ['colcon_meta']
[0.273s] Level 1:colcon.colcon_core.package_identification:_identify(.) by extension 'colcon_meta'
[0.273s] Level 1:colcon.colcon_core.package_identification:_identify(.) by extensions ['ros']
[0.273s] Level 1:colcon.colcon_core.package_identification:_identify(.) by extension 'ros'
[0.305s] Level 1:colcon.colcon_core.package_identification:_identify(.) by extensions ['cmake', 'python']
[0.305s] Level 1:colcon.colcon_core.package_identification:_identify(.) by extension 'cmake'
[0.305s] Level 1:colcon.colcon_core.package_identification:_identify(.) by extension 'python'
[0.305s] Level 1:colcon.colcon_core.package_identification:_identify(.) by extensions ['python_setup_py']
[0.305s] Level 1:colcon.colcon_core.package_identification:_identify(.) by extension 'python_setup_py'
[0.305s] Level 1:colcon.colcon_core.package_identification:_identify(build) by extensions ['ignore', 'ignore_ament_install']
[0.305s] Level 1:colcon.colcon_core.package_identification:_identify(build) by extension 'ignore'
[0.305s] Level 1:colcon.colcon_core.package_identification:_identify(build) ignored
[0.306s] Level 1:colcon.colcon_core.package_identification:_identify(install) by extensions ['ignore', 'ignore_ament_install']
[0.306s] Level 1:colcon.colcon_core.package_identification:_identify(install) by extension 'ignore'
[0.306s] Level 1:colcon.colcon_core.package_identification:_identify(install) ignored
[0.306s] Level 1:colcon.colcon_core.package_identification:_identify(log) by extensions ['ignore', 'ignore_ament_install']
[0.306s] Level 1:colcon.colcon_core.package_identification:_identify(log) by extension 'ignore'
[0.306s] Level 1:colcon.colcon_core.package_identification:_identify(log) ignored
[0.306s] Level 1:colcon.colcon_core.package_identification:_identify(src) by extensions ['ignore', 'ignore_ament_install']
[0.306s] Level 1:colcon.colcon_core.package_identification:_identify(src) by extension 'ignore'
[0.306s] Level 1:colcon.colcon_core.package_identification:_identify(src) by extension 'ignore_ament_install'
[0.307s] Level 1:colcon.colcon_core.package_identification:_identify(src) by extensions ['colcon_pkg']
[0.307s] Level 1:colcon.colcon_core.package_identification:_identify(src) by extension 'colcon_pkg'
[0.307s] Level 1:colcon.colcon_core.package_identification:_identify(src) by extensions ['colcon_meta']
[0.307s] Level 1:colcon.colcon_core.package_identification:_identify(src) by extension 'colcon_meta'
[0.307s] Level 1:colcon.colcon_core.package_identification:_identify(src) by extensions ['ros']
[0.307s] Level 1:colcon.colcon_core.package_identification:_identify(src) by extension 'ros'
[0.307s] Level 1:colcon.colcon_core.package_identification:_identify(src) by extensions ['cmake', 'python']
[0.307s] Level 1:colcon.colcon_core.package_identification:_identify(src) by extension 'cmake'
[0.307s] Level 1:colcon.colcon_core.package_identification:_identify(src) by extension 'python'
[0.307s] Level 1:colcon.colcon_core.package_identification:_identify(src) by extensions ['python_setup_py']
[0.307s] Level 1:colcon.colcon_core.package_identification:_identify(src) by extension 'python_setup_py'
[0.307s] Level 1:colcon.colcon_core.package_identification:_identify(src/robstride_actuator_bridge) by extensions ['ignore', 'ignore_ament_install']
[0.307s] Level 1:colcon.colcon_core.package_identification:_identify(src/robstride_actuator_bridge) by extension 'ignore'
[0.308s] Level 1:colcon.colcon_core.package_identification:_identify(src/robstride_actuator_bridge) by extension 'ignore_ament_install'
[0.308s] Level 1:colcon.colcon_core.package_identification:_identify(src/robstride_actuator_bridge) by extensions ['colcon_pkg']
[0.308s] Level 1:colcon.colcon_core.package_identification:_identify(src/robstride_actuator_bridge) by extension 'colcon_pkg'
[0.308s] Level 1:colcon.colcon_core.package_identification:_identify(src/robstride_actuator_bridge) by extensions ['colcon_meta']
[0.308s] Level 1:colcon.colcon_core.package_identification:_identify(src/robstride_actuator_bridge) by extension 'colcon_meta'
[0.308s] Level 1:colcon.colcon_core.package_identification:_identify(src/robstride_actuator_bridge) by extensions ['ros']
[0.308s] Level 1:colcon.colcon_core.package_identification:_identify(src/robstride_actuator_bridge) by extension 'ros'
[0.313s] DEBUG:colcon.colcon_core.package_identification:Package 'src/robstride_actuator_bridge' with type 'ros.ament_cmake' and name 'motor_control'
[0.313s] Level 1:colcon.colcon_core.package_identification:_identify(src/svtrobo_4ws) by extensions ['ignore', 'ignore_ament_install']
[0.313s] Level 1:colcon.colcon_core.package_identification:_identify(src/svtrobo_4ws) by extension 'ignore'
[0.313s] Level 1:colcon.colcon_core.package_identification:_identify(src/svtrobo_4ws) by extension 'ignore_ament_install'
[0.313s] Level 1:colcon.colcon_core.package_identification:_identify(src/svtrobo_4ws) by extensions ['colcon_pkg']
[0.314s] Level 1:colcon.colcon_core.package_identification:_identify(src/svtrobo_4ws) by extension 'colcon_pkg'
[0.314s] Level 1:colcon.colcon_core.package_identification:_identify(src/svtrobo_4ws) by extensions ['colcon_meta']
[0.314s] Level 1:colcon.colcon_core.package_identification:_identify(src/svtrobo_4ws) by extension 'colcon_meta'
[0.314s] Level 1:colcon.colcon_core.package_identification:_identify(src/svtrobo_4ws) by extensions ['ros']
[0.314s] Level 1:colcon.colcon_core.package_identification:_identify(src/svtrobo_4ws) by extension 'ros'
[0.315s] DEBUG:colcon.colcon_core.package_identification:Package 'src/svtrobo_4ws' with type 'ros.ament_cmake' and name 'svtrobo_4ws'
[0.315s] Level 1:colcon.colcon_core.package_discovery:discover_packages(recursive) using defaults
[0.315s] Level 1:colcon.colcon_core.package_discovery:discover_packages(ignore) discover
[0.315s] Level 1:colcon.colcon_core.package_discovery:discover_packages(ignore) using defaults
[0.315s] Level 1:colcon.colcon_core.package_discovery:discover_packages(path) discover
[0.316s] Level 1:colcon.colcon_core.package_discovery:discover_packages(path) using defaults
[0.348s] Level 1:colcon.colcon_core.package_discovery:discover_packages(prefix_path) check parameters
[0.348s] Level 1:colcon.colcon_core.package_discovery:discover_packages(prefix_path) discover
[0.353s] DEBUG:colcon.colcon_installed_package_information.package_discovery:Found 8 installed packages in /home/openarm/ros2_ws/install
[0.358s] DEBUG:colcon.colcon_installed_package_information.package_discovery:Found 362 installed packages in /opt/ros/humble
[0.361s] Level 1:colcon.colcon_core.package_discovery:discover_packages(prefix_path) using defaults
[0.456s] Level 5:colcon.colcon_core.verb:set package 'motor_control' build argument 'cmake_args' from command line to 'None'
[0.456s] Level 5:colcon.colcon_core.verb:set package 'motor_control' build argument 'cmake_target' from command line to 'None'
[0.456s] Level 5:colcon.colcon_core.verb:set package 'motor_control' build argument 'cmake_target_skip_unavailable' from command line to 'False'
[0.456s] Level 5:colcon.colcon_core.verb:set package 'motor_control' build argument 'cmake_clean_cache' from command line to 'False'
[0.456s] Level 5:colcon.colcon_core.verb:set package 'motor_control' build argument 'cmake_clean_first' from command line to 'False'
[0.456s] Level 5:colcon.colcon_core.verb:set package 'motor_control' build argument 'cmake_force_configure' from command line to 'False'
[0.456s] Level 5:colcon.colcon_core.verb:set package 'motor_control' build argument 'ament_cmake_args' from command line to 'None'
[0.456s] Level 5:colcon.colcon_core.verb:set package 'motor_control' build argument 'catkin_cmake_args' from command line to 'None'
[0.456s] Level 5:colcon.colcon_core.verb:set package 'motor_control' build argument 'catkin_skip_building_tests' from command line to 'False'
[0.456s] DEBUG:colcon.colcon_core.verb:Building package 'motor_control' with the following arguments: {'ament_cmake_args': None, 'build_base': '/home/openarm/svtrobo_ws/build/motor_control', 'catkin_cmake_args': None, 'catkin_skip_building_tests': False, 'cmake_args': None, 'cmake_clean_cache': False, 'cmake_clean_first': False, 'cmake_force_configure': False, 'cmake_target': None, 'cmake_target_skip_unavailable': False, 'install_base': '/home/openarm/svtrobo_ws/install/motor_control', 'merge_install': False, 'path': '/home/openarm/svtrobo_ws/src/robstride_actuator_bridge', 'symlink_install': False, 'test_result_base': None}
[0.457s] Level 5:colcon.colcon_core.verb:set package 'svtrobo_4ws' build argument 'cmake_args' from command line to 'None'
[0.457s] Level 5:colcon.colcon_core.verb:set package 'svtrobo_4ws' build argument 'cmake_target' from command line to 'None'
[0.457s] Level 5:colcon.colcon_core.verb:set package 'svtrobo_4ws' build argument 'cmake_target_skip_unavailable' from command line to 'False'
[0.457s] Level 5:colcon.colcon_core.verb:set package 'svtrobo_4ws' build argument 'cmake_clean_cache' from command line to 'False'
[0.457s] Level 5:colcon.colcon_core.verb:set package 'svtrobo_4ws' build argument 'cmake_clean_first' from command line to 'False'
[0.457s] Level 5:colcon.colcon_core.verb:set package 'svtrobo_4ws' build argument 'cmake_force_configure' from command line to 'False'
[0.457s] Level 5:colcon.colcon_core.verb:set package 'svtrobo_4ws' build argument 'ament_cmake_args' from command line to 'None'
[0.457s] Level 5:colcon.colcon_core.verb:set package 'svtrobo_4ws' build argument 'catkin_cmake_args' from command line to 'None'
[0.457s] Level 5:colcon.colcon_core.verb:set package 'svtrobo_4ws' build argument 'catkin_skip_building_tests' from command line to 'False'
[0.457s] DEBUG:colcon.colcon_core.verb:Building package 'svtrobo_4ws' with the following arguments: {'ament_cmake_args': None, 'build_base': '/home/openarm/svtrobo_ws/build/svtrobo_4ws', 'catkin_cmake_args': None, 'catkin_skip_building_tests': False, 'cmake_args': None, 'cmake_clean_cache': False, 'cmake_clean_first': False, 'cmake_force_configure': False, 'cmake_target': None, 'cmake_target_skip_unavailable': False, 'install_base': '/home/openarm/svtrobo_ws/install/svtrobo_4ws', 'merge_install': False, 'path': '/home/openarm/svtrobo_ws/src/svtrobo_4ws', 'symlink_install': False, 'test_result_base': None}
[0.457s] INFO:colcon.colcon_core.executor:Executing jobs using 'parallel' executor
[0.459s] DEBUG:colcon.colcon_parallel_executor.executor.parallel:run_until_complete
[0.459s] INFO:colcon.colcon_ros.task.ament_cmake.build:Building ROS package in '/home/openarm/svtrobo_ws/src/robstride_actuator_bridge' with build type 'ament_cmake'
[0.459s] INFO:colcon.colcon_cmake.task.cmake.build:Building CMake package in '/home/openarm/svtrobo_ws/src/robstride_actuator_bridge'
[0.462s] INFO:colcon.colcon_core.plugin_system:Skipping extension 'colcon_core.shell.bat': Not used on non-Windows systems
[0.462s] INFO:colcon.colcon_core.shell:Skip shell extension 'powershell' for command environment: Not usable outside of PowerShell
[0.463s] DEBUG:colcon.colcon_core.shell:Skip shell extension 'dsv' for command environment
[0.469s] INFO:colcon.colcon_ros.task.ament_cmake.build:Building ROS package in '/home/openarm/svtrobo_ws/src/svtrobo_4ws' with build type 'ament_cmake'
[0.469s] INFO:colcon.colcon_cmake.task.cmake.build:Building CMake package in '/home/openarm/svtrobo_ws/src/svtrobo_4ws'
[0.469s] INFO:colcon.colcon_core.shell:Skip shell extension 'powershell' for command environment: Not usable outside of PowerShell
[0.469s] DEBUG:colcon.colcon_core.shell:Skip shell extension 'dsv' for command environment
[0.487s] DEBUG:colcon.colcon_core.event_handler.log_command:Invoking command in '/home/openarm/svtrobo_ws/build/motor_control': CMAKE_PREFIX_PATH=${CMAKE_PREFIX_PATH}:/home/openarm/ros2_ws/install/qnbot_teleoperator:/opt/ros/humble /usr/bin/cmake --build /home/openarm/svtrobo_ws/build/motor_control -- -j4 -l4
[0.495s] DEBUG:colcon.colcon_core.event_handler.log_command:Invoking command in '/home/openarm/svtrobo_ws/build/svtrobo_4ws': CMAKE_PREFIX_PATH=${CMAKE_PREFIX_PATH}:/home/openarm/ros2_ws/install/qnbot_teleoperator:/opt/ros/humble /usr/bin/cmake --build /home/openarm/svtrobo_ws/build/svtrobo_4ws -- -j4 -l4
[0.761s] DEBUG:colcon.colcon_core.event_handler.log_command:Invoked command in '/home/openarm/svtrobo_ws/build/svtrobo_4ws' returned '0': CMAKE_PREFIX_PATH=${CMAKE_PREFIX_PATH}:/home/openarm/ros2_ws/install/qnbot_teleoperator:/opt/ros/humble /usr/bin/cmake --build /home/openarm/svtrobo_ws/build/svtrobo_4ws -- -j4 -l4
[0.800s] DEBUG:colcon.colcon_core.event_handler.log_command:Invoking command in '/home/openarm/svtrobo_ws/build/svtrobo_4ws': CMAKE_PREFIX_PATH=${CMAKE_PREFIX_PATH}:/home/openarm/ros2_ws/install/qnbot_teleoperator:/opt/ros/humble /usr/bin/cmake --install /home/openarm/svtrobo_ws/build/svtrobo_4ws
[0.866s] Level 1:colcon.colcon_core.environment:create_environment_scripts_only(svtrobo_4ws)
[0.868s] DEBUG:colcon.colcon_core.event_handler.log_command:Invoked command in '/home/openarm/svtrobo_ws/build/svtrobo_4ws' returned '0': CMAKE_PREFIX_PATH=${CMAKE_PREFIX_PATH}:/home/openarm/ros2_ws/install/qnbot_teleoperator:/opt/ros/humble /usr/bin/cmake --install /home/openarm/svtrobo_ws/build/svtrobo_4ws
[0.873s] Level 1:colcon.colcon_core.environment:checking '/home/openarm/svtrobo_ws/install/svtrobo_4ws' for CMake module files
[0.874s] Level 1:colcon.colcon_core.environment:checking '/home/openarm/svtrobo_ws/install/svtrobo_4ws' for CMake config files
[0.875s] Level 1:colcon.colcon_core.shell:create_environment_hook('svtrobo_4ws', 'cmake_prefix_path')
[0.875s] INFO:colcon.colcon_core.shell:Creating environment hook '/home/openarm/svtrobo_ws/install/svtrobo_4ws/share/svtrobo_4ws/hook/cmake_prefix_path.ps1'
[0.877s] INFO:colcon.colcon_core.shell:Creating environment descriptor '/home/openarm/svtrobo_ws/install/svtrobo_4ws/share/svtrobo_4ws/hook/cmake_prefix_path.dsv'
[0.878s] INFO:colcon.colcon_core.shell:Creating environment hook '/home/openarm/svtrobo_ws/install/svtrobo_4ws/share/svtrobo_4ws/hook/cmake_prefix_path.sh'
[0.881s] Level 1:colcon.colcon_core.environment:checking '/home/openarm/svtrobo_ws/install/svtrobo_4ws/lib'
[0.882s] Level 1:colcon.colcon_core.environment:checking '/home/openarm/svtrobo_ws/install/svtrobo_4ws/bin'
[0.882s] Level 1:colcon.colcon_core.environment:checking '/home/openarm/svtrobo_ws/install/svtrobo_4ws/lib/pkgconfig/svtrobo_4ws.pc'
[0.882s] Level 1:colcon.colcon_core.environment:checking '/home/openarm/svtrobo_ws/install/svtrobo_4ws/lib/python3.10/site-packages'
[0.883s] Level 1:colcon.colcon_core.environment:checking '/home/openarm/svtrobo_ws/install/svtrobo_4ws/bin'
[0.885s] INFO:colcon.colcon_core.shell:Creating package script '/home/openarm/svtrobo_ws/install/svtrobo_4ws/share/svtrobo_4ws/package.ps1'
[0.889s] INFO:colcon.colcon_core.shell:Creating package descriptor '/home/openarm/svtrobo_ws/install/svtrobo_4ws/share/svtrobo_4ws/package.dsv'
[0.891s] INFO:colcon.colcon_core.shell:Creating package script '/home/openarm/svtrobo_ws/install/svtrobo_4ws/share/svtrobo_4ws/package.sh'
[0.894s] INFO:colcon.colcon_core.shell:Creating package script '/home/openarm/svtrobo_ws/install/svtrobo_4ws/share/svtrobo_4ws/package.bash'
[0.896s] INFO:colcon.colcon_core.shell:Creating package script '/home/openarm/svtrobo_ws/install/svtrobo_4ws/share/svtrobo_4ws/package.zsh'
[0.900s] Level 1:colcon.colcon_core.environment:create_file_with_runtime_dependencies(/home/openarm/svtrobo_ws/install/svtrobo_4ws/share/colcon-core/packages/svtrobo_4ws)
[0.901s] Level 1:colcon.colcon_core.environment:create_environment_scripts_only(svtrobo_4ws)
[0.902s] Level 1:colcon.colcon_core.environment:checking '/home/openarm/svtrobo_ws/install/svtrobo_4ws' for CMake module files
[0.904s] Level 1:colcon.colcon_core.environment:checking '/home/openarm/svtrobo_ws/install/svtrobo_4ws' for CMake config files
[0.904s] Level 1:colcon.colcon_core.shell:create_environment_hook('svtrobo_4ws', 'cmake_prefix_path')
[0.905s] INFO:colcon.colcon_core.shell:Creating environment hook '/home/openarm/svtrobo_ws/install/svtrobo_4ws/share/svtrobo_4ws/hook/cmake_prefix_path.ps1'
[0.906s] INFO:colcon.colcon_core.shell:Creating environment descriptor '/home/openarm/svtrobo_ws/install/svtrobo_4ws/share/svtrobo_4ws/hook/cmake_prefix_path.dsv'
[0.908s] INFO:colcon.colcon_core.shell:Creating environment hook '/home/openarm/svtrobo_ws/install/svtrobo_4ws/share/svtrobo_4ws/hook/cmake_prefix_path.sh'
[0.911s] Level 1:colcon.colcon_core.environment:checking '/home/openarm/svtrobo_ws/install/svtrobo_4ws/lib'
[0.911s] Level 1:colcon.colcon_core.environment:checking '/home/openarm/svtrobo_ws/install/svtrobo_4ws/bin'
[0.911s] Level 1:colcon.colcon_core.environment:checking '/home/openarm/svtrobo_ws/install/svtrobo_4ws/lib/pkgconfig/svtrobo_4ws.pc'
[0.912s] Level 1:colcon.colcon_core.environment:checking '/home/openarm/svtrobo_ws/install/svtrobo_4ws/lib/python3.10/site-packages'
[0.915s] Level 1:colcon.colcon_core.environment:checking '/home/openarm/svtrobo_ws/install/svtrobo_4ws/bin'
[0.916s] INFO:colcon.colcon_core.shell:Creating package script '/home/openarm/svtrobo_ws/install/svtrobo_4ws/share/svtrobo_4ws/package.ps1'
[0.918s] INFO:colcon.colcon_core.shell:Creating package descriptor '/home/openarm/svtrobo_ws/install/svtrobo_4ws/share/svtrobo_4ws/package.dsv'
[0.919s] INFO:colcon.colcon_core.shell:Creating package script '/home/openarm/svtrobo_ws/install/svtrobo_4ws/share/svtrobo_4ws/package.sh'
[0.921s] INFO:colcon.colcon_core.shell:Creating package script '/home/openarm/svtrobo_ws/install/svtrobo_4ws/share/svtrobo_4ws/package.bash'
[0.922s] INFO:colcon.colcon_core.shell:Creating package script '/home/openarm/svtrobo_ws/install/svtrobo_4ws/share/svtrobo_4ws/package.zsh'
[0.923s] Level 1:colcon.colcon_core.environment:create_file_with_runtime_dependencies(/home/openarm/svtrobo_ws/install/svtrobo_4ws/share/colcon-core/packages/svtrobo_4ws)
[17.935s] DEBUG:colcon.colcon_core.event_handler.log_command:Invoked command in '/home/openarm/svtrobo_ws/build/motor_control' returned '0': CMAKE_PREFIX_PATH=${CMAKE_PREFIX_PATH}:/home/openarm/ros2_ws/install/qnbot_teleoperator:/opt/ros/humble /usr/bin/cmake --build /home/openarm/svtrobo_ws/build/motor_control -- -j4 -l4
[17.938s] DEBUG:colcon.colcon_core.event_handler.log_command:Invoking command in '/home/openarm/svtrobo_ws/build/motor_control': CMAKE_PREFIX_PATH=${CMAKE_PREFIX_PATH}:/home/openarm/ros2_ws/install/qnbot_teleoperator:/opt/ros/humble /usr/bin/cmake --install /home/openarm/svtrobo_ws/build/motor_control
[18.120s] Level 1:colcon.colcon_core.environment:create_environment_scripts_only(motor_control)
[18.121s] Level 1:colcon.colcon_core.environment:checking '/home/openarm/svtrobo_ws/install/motor_control' for CMake module files
[18.122s] DEBUG:colcon.colcon_core.event_handler.log_command:Invoked command in '/home/openarm/svtrobo_ws/build/motor_control' returned '0': CMAKE_PREFIX_PATH=${CMAKE_PREFIX_PATH}:/home/openarm/ros2_ws/install/qnbot_teleoperator:/opt/ros/humble /usr/bin/cmake --install /home/openarm/svtrobo_ws/build/motor_control
[18.123s] Level 1:colcon.colcon_core.environment:checking '/home/openarm/svtrobo_ws/install/motor_control' for CMake config files
[18.124s] Level 1:colcon.colcon_core.shell:create_environment_hook('motor_control', 'cmake_prefix_path')
[18.124s] INFO:colcon.colcon_core.shell:Creating environment hook '/home/openarm/svtrobo_ws/install/motor_control/share/motor_control/hook/cmake_prefix_path.ps1'
[18.125s] INFO:colcon.colcon_core.shell:Creating environment descriptor '/home/openarm/svtrobo_ws/install/motor_control/share/motor_control/hook/cmake_prefix_path.dsv'
[18.126s] INFO:colcon.colcon_core.shell:Creating environment hook '/home/openarm/svtrobo_ws/install/motor_control/share/motor_control/hook/cmake_prefix_path.sh'
[18.126s] Level 1:colcon.colcon_core.environment:checking '/home/openarm/svtrobo_ws/install/motor_control/lib'
[18.127s] Level 1:colcon.colcon_core.shell:create_environment_hook('motor_control', 'ld_library_path_lib')
[18.127s] INFO:colcon.colcon_core.shell:Creating environment hook '/home/openarm/svtrobo_ws/install/motor_control/share/motor_control/hook/ld_library_path_lib.ps1'
[18.128s] INFO:colcon.colcon_core.shell:Creating environment descriptor '/home/openarm/svtrobo_ws/install/motor_control/share/motor_control/hook/ld_library_path_lib.dsv'
[18.128s] INFO:colcon.colcon_core.shell:Creating environment hook '/home/openarm/svtrobo_ws/install/motor_control/share/motor_control/hook/ld_library_path_lib.sh'
[18.129s] Level 1:colcon.colcon_core.environment:checking '/home/openarm/svtrobo_ws/install/motor_control/bin'
[18.129s] Level 1:colcon.colcon_core.environment:checking '/home/openarm/svtrobo_ws/install/motor_control/lib/pkgconfig/motor_control.pc'
[18.130s] Level 1:colcon.colcon_core.environment:checking '/home/openarm/svtrobo_ws/install/motor_control/lib/python3.10/site-packages'
[18.131s] Level 1:colcon.colcon_core.environment:checking '/home/openarm/svtrobo_ws/install/motor_control/bin'
[18.131s] INFO:colcon.colcon_core.shell:Creating package script '/home/openarm/svtrobo_ws/install/motor_control/share/motor_control/package.ps1'
[18.132s] INFO:colcon.colcon_core.shell:Creating package descriptor '/home/openarm/svtrobo_ws/install/motor_control/share/motor_control/package.dsv'
[18.133s] INFO:colcon.colcon_core.shell:Creating package script '/home/openarm/svtrobo_ws/install/motor_control/share/motor_control/package.sh'
[18.133s] INFO:colcon.colcon_core.shell:Creating package script '/home/openarm/svtrobo_ws/install/motor_control/share/motor_control/package.bash'
[18.134s] INFO:colcon.colcon_core.shell:Creating package script '/home/openarm/svtrobo_ws/install/motor_control/share/motor_control/package.zsh'
[18.134s] Level 1:colcon.colcon_core.environment:create_file_with_runtime_dependencies(/home/openarm/svtrobo_ws/install/motor_control/share/colcon-core/packages/motor_control)
[18.135s] Level 1:colcon.colcon_core.environment:create_environment_scripts_only(motor_control)
[18.135s] Level 1:colcon.colcon_core.environment:checking '/home/openarm/svtrobo_ws/install/motor_control' for CMake module files
[18.136s] Level 1:colcon.colcon_core.environment:checking '/home/openarm/svtrobo_ws/install/motor_control' for CMake config files
[18.137s] Level 1:colcon.colcon_core.shell:create_environment_hook('motor_control', 'cmake_prefix_path')
[18.137s] INFO:colcon.colcon_core.shell:Creating environment hook '/home/openarm/svtrobo_ws/install/motor_control/share/motor_control/hook/cmake_prefix_path.ps1'
[18.138s] INFO:colcon.colcon_core.shell:Creating environment descriptor '/home/openarm/svtrobo_ws/install/motor_control/share/motor_control/hook/cmake_prefix_path.dsv'
[18.138s] INFO:colcon.colcon_core.shell:Creating environment hook '/home/openarm/svtrobo_ws/install/motor_control/share/motor_control/hook/cmake_prefix_path.sh'
[18.139s] Level 1:colcon.colcon_core.environment:checking '/home/openarm/svtrobo_ws/install/motor_control/lib'
[18.140s] Level 1:colcon.colcon_core.shell:create_environment_hook('motor_control', 'ld_library_path_lib')
[18.140s] INFO:colcon.colcon_core.shell:Creating environment hook '/home/openarm/svtrobo_ws/install/motor_control/share/motor_control/hook/ld_library_path_lib.ps1'
[18.141s] INFO:colcon.colcon_core.shell:Creating environment descriptor '/home/openarm/svtrobo_ws/install/motor_control/share/motor_control/hook/ld_library_path_lib.dsv'
[18.141s] INFO:colcon.colcon_core.shell:Creating environment hook '/home/openarm/svtrobo_ws/install/motor_control/share/motor_control/hook/ld_library_path_lib.sh'
[18.143s] Level 1:colcon.colcon_core.environment:checking '/home/openarm/svtrobo_ws/install/motor_control/bin'
[18.143s] Level 1:colcon.colcon_core.environment:checking '/home/openarm/svtrobo_ws/install/motor_control/lib/pkgconfig/motor_control.pc'
[18.144s] Level 1:colcon.colcon_core.environment:checking '/home/openarm/svtrobo_ws/install/motor_control/lib/python3.10/site-packages'
[18.145s] Level 1:colcon.colcon_core.environment:checking '/home/openarm/svtrobo_ws/install/motor_control/bin'
[18.146s] INFO:colcon.colcon_core.shell:Creating package script '/home/openarm/svtrobo_ws/install/motor_control/share/motor_control/package.ps1'
[18.148s] INFO:colcon.colcon_core.shell:Creating package descriptor '/home/openarm/svtrobo_ws/install/motor_control/share/motor_control/package.dsv'
[18.150s] INFO:colcon.colcon_core.shell:Creating package script '/home/openarm/svtrobo_ws/install/motor_control/share/motor_control/package.sh'
[18.151s] INFO:colcon.colcon_core.shell:Creating package script '/home/openarm/svtrobo_ws/install/motor_control/share/motor_control/package.bash'
[18.152s] INFO:colcon.colcon_core.shell:Creating package script '/home/openarm/svtrobo_ws/install/motor_control/share/motor_control/package.zsh'
[18.153s] Level 1:colcon.colcon_core.environment:create_file_with_runtime_dependencies(/home/openarm/svtrobo_ws/install/motor_control/share/colcon-core/packages/motor_control)
[18.154s] DEBUG:colcon.colcon_parallel_executor.executor.parallel:closing loop
[18.154s] DEBUG:colcon.colcon_parallel_executor.executor.parallel:loop closed
[18.154s] DEBUG:colcon.colcon_parallel_executor.executor.parallel:run_until_complete finished with '0'
[18.154s] DEBUG:colcon.colcon_core.event_reactor:joining thread
[18.165s] INFO:colcon.colcon_core.plugin_system:Skipping extension 'colcon_notification.desktop_notification.terminal_notifier': Not used on non-Darwin systems
[18.165s] INFO:colcon.colcon_core.plugin_system:Skipping extension 'colcon_notification.desktop_notification.win32': Not used on non-Windows systems
[18.165s] INFO:colcon.colcon_notification.desktop_notification:Sending desktop notification using 'notify2'
[18.188s] DEBUG:colcon.colcon_core.event_reactor:joined thread
[18.188s] INFO:colcon.colcon_core.shell:Creating prefix script '/home/openarm/svtrobo_ws/install/local_setup.ps1'
[18.191s] INFO:colcon.colcon_core.shell:Creating prefix util module '/home/openarm/svtrobo_ws/install/_local_setup_util_ps1.py'
[18.195s] INFO:colcon.colcon_core.shell:Creating prefix chain script '/home/openarm/svtrobo_ws/install/setup.ps1'
[18.198s] INFO:colcon.colcon_core.shell:Creating prefix script '/home/openarm/svtrobo_ws/install/local_setup.sh'
[18.199s] INFO:colcon.colcon_core.shell:Creating prefix util module '/home/openarm/svtrobo_ws/install/_local_setup_util_sh.py'
[18.200s] INFO:colcon.colcon_core.shell:Creating prefix chain script '/home/openarm/svtrobo_ws/install/setup.sh'
[18.203s] INFO:colcon.colcon_core.shell:Creating prefix script '/home/openarm/svtrobo_ws/install/local_setup.bash'
[18.204s] INFO:colcon.colcon_core.shell:Creating prefix chain script '/home/openarm/svtrobo_ws/install/setup.bash'
[18.207s] INFO:colcon.colcon_core.shell:Creating prefix script '/home/openarm/svtrobo_ws/install/local_setup.zsh'
[18.208s] INFO:colcon.colcon_core.shell:Creating prefix chain script '/home/openarm/svtrobo_ws/install/setup.zsh'
