[0.028s] Invoking command in '/home/openarm/svtrobo_ws/build/motor_control': CMAKE_PREFIX_PATH=${CMAKE_PREFIX_PATH}:/home/openarm/ros2_ws/install/qnbot_teleoperator:/opt/ros/humble /usr/bin/cmake --build /home/openarm/svtrobo_ws/build/motor_control -- -j4 -l4
[0.095s] -- Found ament_cmake: 1.3.12 (/opt/ros/humble/share/ament_cmake/cmake)
[0.509s] -- Found rclcpp: 16.0.16 (/opt/ros/humble/share/rclcpp/cmake)
[0.595s] -- Found rosidl_generator_c: 3.1.7 (/opt/ros/humble/share/rosidl_generator_c/cmake)
[0.601s] -- Found rosidl_adapter: 3.1.7 (/opt/ros/humble/share/rosidl_adapter/cmake)
[0.616s] -- Found rosidl_generator_cpp: 3.1.7 (/opt/ros/humble/share/rosidl_generator_cpp/cmake)
[0.644s] -- Using all available rosidl_typesupport_c: rosidl_typesupport_fastrtps_c;rosidl_typesupport_introspection_c
[0.686s] -- Using all available rosidl_typesupport_cpp: rosidl_typesupport_fastrtps_cpp;rosidl_typesupport_introspection_cpp
[0.801s] -- Found rmw_implementation_cmake: 6.1.2 (/opt/ros/humble/share/rmw_implementation_cmake/cmake)
[0.802s] -- Found rmw_fastrtps_cpp: 6.2.9 (/opt/ros/humble/share/rmw_fastrtps_cpp/cmake)
[1.025s] -- Using RMW implementation 'rmw_fastrtps_cpp' as default
[1.154s] -- Found can_msgs: 2.0.0 (/opt/ros/humble/share/can_msgs/cmake)
[1.180s] -- Found geometry_msgs: 4.9.0 (/opt/ros/humble/share/geometry_msgs/cmake)
[1.218s] -- Found rosidl_default_generators: 1.2.0 (/opt/ros/humble/share/rosidl_default_generators/cmake)
[2.151s] -- Found ament_cmake_ros: 0.10.0 (/opt/ros/humble/share/ament_cmake_ros/cmake)
[3.510s] -- Using all available rosidl_typesupport_c: rosidl_typesupport_fastrtps_c;rosidl_typesupport_introspection_c
[4.039s] -- Using all available rosidl_typesupport_cpp: rosidl_typesupport_fastrtps_cpp;rosidl_typesupport_introspection_cpp
[4.145s] -- Found python_cmake_module: 0.10.0 (/opt/ros/humble/share/python_cmake_module/cmake)
[4.258s] -- Using PYTHON_EXECUTABLE: /usr/bin/python3
[4.262s] -- Using PYTHON_INCLUDE_DIRS: /usr/include/python3.10
[4.262s] -- Using PYTHON_LIBRARIES: /usr/lib/x86_64-linux-gnu/libpython3.10.so
[4.334s] -- Found ament_lint_auto: 0.12.14 (/opt/ros/humble/share/ament_lint_auto/cmake)
[4.353s] -- Added test 'copyright' to check source files copyright and LICENSE
[4.362s] -- Added test 'cppcheck' to perform static code analysis on C / C++ code
[4.364s] -- Configured cppcheck include dirs: /home/openarm/svtrobo_ws/src/robstride_actuator_bridge/include
[4.364s] -- Configured cppcheck exclude dirs and/or files: 
[4.372s] -- Added test 'cpplint' to check C / C++ code against the Google style
[4.372s] -- Configured cpplint exclude dirs and/or files: 
[4.373s] -- Added test 'flake8' to check Python code syntax and style conventions
[4.375s] -- Added test 'lint_cmake' to check CMake code style
[4.377s] -- Added test 'pep257' to check Python code against some of the docstring style conventions in PEP 257
[4.383s] -- Added test 'uncrustify' to check C / C++ code style
[4.383s] -- Configured uncrustify additional arguments: 
[4.384s] -- Added test 'xmllint' to check XML markup files
[4.388s] -- Configuring done
[4.481s] -- Generating done
[4.517s] -- Build files have been written to: /home/openarm/svtrobo_ws/build/motor_control
[4.577s] [35m[1mConsolidate compiler generated dependencies of target motor_control__rosidl_generator_c[0m
[4.604s] [  8%] Built target motor_control__rosidl_generator_c
[4.611s] [ 11%] Built target motor_control__cpp
[4.634s] [35m[1mConsolidate compiler generated dependencies of target motor_control__rosidl_typesupport_introspection_c[0m
[4.638s] [35m[1mConsolidate compiler generated dependencies of target motor_control__rosidl_typesupport_fastrtps_c[0m
[4.647s] [35m[1mConsolidate compiler generated dependencies of target motor_control__rosidl_typesupport_c[0m
[4.655s] [ 11%] Built target ament_cmake_python_copy_motor_control
[4.691s] [ 19%] Built target motor_control__rosidl_typesupport_introspection_c
[4.693s] [ 27%] Built target motor_control__rosidl_typesupport_fastrtps_c
[4.693s] [ 36%] Built target motor_control__rosidl_typesupport_c
[4.695s] [35m[1mConsolidate compiler generated dependencies of target motor_control__rosidl_typesupport_introspection_cpp[0m
[4.733s] [35m[1mConsolidate compiler generated dependencies of target motor_control__rosidl_typesupport_fastrtps_cpp[0m
[4.739s] [35m[1mConsolidate compiler generated dependencies of target motor_control__rosidl_typesupport_cpp[0m
[4.740s] [ 44%] Built target motor_control__rosidl_typesupport_introspection_cpp
[4.774s] [ 52%] Built target motor_control__rosidl_typesupport_cpp
[4.798s] [ 61%] Built target motor_control__rosidl_typesupport_fastrtps_cpp
[4.810s] [35m[1mConsolidate compiler generated dependencies of target motor_control_lib[0m
[4.862s] [ 61%] Built target motor_control
[4.869s] [ 69%] Built target motor_control_lib
[4.905s] [35m[1mConsolidate compiler generated dependencies of target motor_control_test[0m
[4.923s] [ 72%] Built target motor_control__py
[4.950s] [35m[1mConsolidate compiler generated dependencies of target motor_control__rosidl_generator_py[0m
[4.963s] [ 75%] [32mBuilding CXX object CMakeFiles/motor_control_test.dir/src/motor_control_test.cpp.o[0m
[4.980s] [ 80%] Built target motor_control__rosidl_generator_py
[5.019s] [35m[1mConsolidate compiler generated dependencies of target motor_control__rosidl_typesupport_fastrtps_c__pyext[0m
[5.043s] [35m[1mConsolidate compiler generated dependencies of target motor_control__rosidl_typesupport_introspection_c__pyext[0m
[5.049s] [ 86%] Built target motor_control__rosidl_typesupport_fastrtps_c__pyext
[5.083s] [35m[1mConsolidate compiler generated dependencies of target motor_control__rosidl_typesupport_c__pyext[0m
[5.109s] [ 91%] Built target motor_control__rosidl_typesupport_introspection_c__pyext
[5.124s] [ 97%] Built target motor_control__rosidl_typesupport_c__pyext
[5.342s] running egg_info
[5.376s] writing motor_control.egg-info/PKG-INFO
[5.377s] writing dependency_links to motor_control.egg-info/dependency_links.txt
[5.378s] writing top-level names to motor_control.egg-info/top_level.txt
[5.486s] reading manifest file 'motor_control.egg-info/SOURCES.txt'
[5.489s] writing manifest file 'motor_control.egg-info/SOURCES.txt'
[5.554s] [ 97%] Built target ament_cmake_python_build_motor_control_egg
[5.669s] [01m[K/home/openarm/svtrobo_ws/src/robstride_actuator_bridge/src/motor_control_test.cpp:11:10:[m[K [01;31m[Kfatal error: [m[Kgeometry_msgs/msg/twist.hpp: 没有那个文件或目录
[5.669s]    11 | #include [01;31m[K<geometry_msgs/msg/twist.hpp>[m[K
[5.670s]       |          [01;31m[K^~~~~~~~~~~~~~~~~~~~~~~~~~~~~[m[K
[5.670s] compilation terminated.
[5.683s] gmake[2]: *** [CMakeFiles/motor_control_test.dir/build.make:76：CMakeFiles/motor_control_test.dir/src/motor_control_test.cpp.o] 错误 1
[5.683s] gmake[1]: *** [CMakeFiles/Makefile2:623：CMakeFiles/motor_control_test.dir/all] 错误 2
[5.684s] gmake: *** [Makefile:146：all] 错误 2
[5.688s] Invoked command in '/home/openarm/svtrobo_ws/build/motor_control' returned '2': CMAKE_PREFIX_PATH=${CMAKE_PREFIX_PATH}:/home/openarm/ros2_ws/install/qnbot_teleoperator:/opt/ros/humble /usr/bin/cmake --build /home/openarm/svtrobo_ws/build/motor_control -- -j4 -l4
